Archive member included to satisfy reference by file (symbol)

c:/program files (x86)/gnu arm embedded toolchain/10 2021.07/bin/../lib/gcc/arm-none-eabi/10.3.1/../../../../arm-none-eabi/lib/thumb/v7e-m+fp/hard\libc_nano.a(lib_a-exit.o)
                              c:/program files (x86)/gnu arm embedded toolchain/10 2021.07/bin/../lib/gcc/arm-none-eabi/10.3.1/../../../../arm-none-eabi/lib/thumb/v7e-m+fp/hard/crt0.o (exit)
c:/program files (x86)/gnu arm embedded toolchain/10 2021.07/bin/../lib/gcc/arm-none-eabi/10.3.1/../../../../arm-none-eabi/lib/thumb/v7e-m+fp/hard\libc_nano.a(lib_a-impure.o)
                              c:/program files (x86)/gnu arm embedded toolchain/10 2021.07/bin/../lib/gcc/arm-none-eabi/10.3.1/../../../../arm-none-eabi/lib/thumb/v7e-m+fp/hard\libc_nano.a(lib_a-exit.o) (_global_impure_ptr)
c:/program files (x86)/gnu arm embedded toolchain/10 2021.07/bin/../lib/gcc/arm-none-eabi/10.3.1/../../../../arm-none-eabi/lib/thumb/v7e-m+fp/hard\libc_nano.a(lib_a-init.o)
                              c:/program files (x86)/gnu arm embedded toolchain/10 2021.07/bin/../lib/gcc/arm-none-eabi/10.3.1/../../../../arm-none-eabi/lib/thumb/v7e-m+fp/hard/crt0.o (__libc_init_array)
c:/program files (x86)/gnu arm embedded toolchain/10 2021.07/bin/../lib/gcc/arm-none-eabi/10.3.1/../../../../arm-none-eabi/lib/thumb/v7e-m+fp/hard\libc_nano.a(lib_a-memcpy-stub.o)
                              _build/nrf52840_xxaa/nrf_memobj.c.o (memcpy)
c:/program files (x86)/gnu arm embedded toolchain/10 2021.07/bin/../lib/gcc/arm-none-eabi/10.3.1/../../../../arm-none-eabi/lib/thumb/v7e-m+fp/hard\libc_nano.a(lib_a-memset.o)
                              c:/program files (x86)/gnu arm embedded toolchain/10 2021.07/bin/../lib/gcc/arm-none-eabi/10.3.1/../../../../arm-none-eabi/lib/thumb/v7e-m+fp/hard/crt0.o (memset)
c:/program files (x86)/gnu arm embedded toolchain/10 2021.07/bin/../lib/gcc/arm-none-eabi/10.3.1/../../../../arm-none-eabi/lib/thumb/v7e-m+fp/hard\libc_nano.a(lib_a-strlen.o)
                              _build/nrf52840_xxaa/nrf_fprintf_format.c.o (strlen)
c:/program files (x86)/gnu arm embedded toolchain/10 2021.07/bin/../lib/gcc/arm-none-eabi/10.3.1/../../../../arm-none-eabi/lib/thumb/v7e-m+fp/hard\libnosys.a(_exit.o)
                              c:/program files (x86)/gnu arm embedded toolchain/10 2021.07/bin/../lib/gcc/arm-none-eabi/10.3.1/../../../../arm-none-eabi/lib/thumb/v7e-m+fp/hard\libc_nano.a(lib_a-exit.o) (_exit)

Discarded input sections

 .text          0x00000000        0x0 c:/program files (x86)/gnu arm embedded toolchain/10 2021.07/bin/../lib/gcc/arm-none-eabi/10.3.1/thumb/v7e-m+fp/hard/crti.o
 .data          0x00000000        0x0 c:/program files (x86)/gnu arm embedded toolchain/10 2021.07/bin/../lib/gcc/arm-none-eabi/10.3.1/thumb/v7e-m+fp/hard/crti.o
 .bss           0x00000000        0x0 c:/program files (x86)/gnu arm embedded toolchain/10 2021.07/bin/../lib/gcc/arm-none-eabi/10.3.1/thumb/v7e-m+fp/hard/crti.o
 .data          0x00000000        0x4 c:/program files (x86)/gnu arm embedded toolchain/10 2021.07/bin/../lib/gcc/arm-none-eabi/10.3.1/thumb/v7e-m+fp/hard/crtbegin.o
 .rodata        0x00000000       0x24 c:/program files (x86)/gnu arm embedded toolchain/10 2021.07/bin/../lib/gcc/arm-none-eabi/10.3.1/thumb/v7e-m+fp/hard/crtbegin.o
 .data          0x00000000        0x0 c:/program files (x86)/gnu arm embedded toolchain/10 2021.07/bin/../lib/gcc/arm-none-eabi/10.3.1/../../../../arm-none-eabi/lib/thumb/v7e-m+fp/hard/crt0.o
 .bss           0x00000000        0x0 c:/program files (x86)/gnu arm embedded toolchain/10 2021.07/bin/../lib/gcc/arm-none-eabi/10.3.1/../../../../arm-none-eabi/lib/thumb/v7e-m+fp/hard/crt0.o
 .ARM.extab     0x00000000        0x0 c:/program files (x86)/gnu arm embedded toolchain/10 2021.07/bin/../lib/gcc/arm-none-eabi/10.3.1/../../../../arm-none-eabi/lib/thumb/v7e-m+fp/hard/crt0.o
 .data          0x00000000        0x0 _build/nrf52840_xxaa/gcc_startup_nrf52840.S.o
 .bss           0x00000000        0x0 _build/nrf52840_xxaa/gcc_startup_nrf52840.S.o
 .group         0x00000000        0xc _build/nrf52840_xxaa/nrf_log_frontend.c.o
 .group         0x00000000        0xc _build/nrf52840_xxaa/nrf_log_frontend.c.o
 .group         0x00000000        0xc _build/nrf52840_xxaa/nrf_log_frontend.c.o
 .group         0x00000000        0xc _build/nrf52840_xxaa/nrf_log_frontend.c.o
 .group         0x00000000        0xc _build/nrf52840_xxaa/nrf_log_frontend.c.o
 .group         0x00000000        0xc _build/nrf52840_xxaa/nrf_log_frontend.c.o
 .group         0x00000000        0xc _build/nrf52840_xxaa/nrf_log_frontend.c.o
 .group         0x00000000        0xc _build/nrf52840_xxaa/nrf_log_frontend.c.o
 .group         0x00000000        0xc _build/nrf52840_xxaa/nrf_log_frontend.c.o
 .group         0x00000000        0xc _build/nrf52840_xxaa/nrf_log_frontend.c.o
 .group         0x00000000        0xc _build/nrf52840_xxaa/nrf_log_frontend.c.o
[...]
Memory Configuration

Name             Origin             Length             Attributes
FLASH            0x00000000         0x00100000         xr
RAM              0x20000000         0x00040000         xrw
*default*        0x00000000         0xffffffff

Linker script and memory map


.text           0x00000000      0x8e4
 *(.isr_vector)
 .isr_vector    0x00000000      0x200 _build/nrf52840_xxaa/gcc_startup_nrf52840.S.o
                0x00000000                __isr_vector
 *(.text*)
 .text          0x00000200       0x40 c:/program files (x86)/gnu arm embedded toolchain/10 2021.07/bin/../lib/gcc/arm-none-eabi/10.3.1/thumb/v7e-m+fp/hard/crtbegin.o
 .text          0x00000240       0x7c c:/program files (x86)/gnu arm embedded toolchain/10 2021.07/bin/../lib/gcc/arm-none-eabi/10.3.1/../../../../arm-none-eabi/lib/thumb/v7e-m+fp/hard/crt0.o
                0x00000240                _stack_init
                0x00000248                _start
                0x00000248                _mainCRTStartup
 .text          0x000002bc       0x3c _build/nrf52840_xxaa/gcc_startup_nrf52840.S.o
                0x000002bc                Reset_Handler
                0x000002e4                NMI_Handler
                0x000002e6                HardFault_Handler
                0x000002e8                MemoryManagement_Handler
                0x000002ea                BusFault_Handler
                0x000002ec                UsageFault_Handler
                0x000002ee                SVC_Handler
                0x000002f0                DebugMon_Handler
                0x000002f2                PendSV_Handler
                0x000002f4                SysTick_Handler
                0x000002f6                SWI0_EGU0_IRQHandler
                0x000002f6                POWER_CLOCK_IRQHandler
                0x000002f6                RADIO_IRQHandler
                0x000002f6                PDM_IRQHandler
                0x000002f6                TEMP_IRQHandler
                0x000002f6                QDEC_IRQHandler
                0x000002f6                TIMER3_IRQHandler
                0x000002f6                PWM3_IRQHandler
                0x000002f6                FPU_IRQHandler
                0x000002f6                USBD_IRQHandler
                0x000002f6                SPIM0_SPIS0_TWIM0_TWIS0_SPI0_TWI0_IRQHandler
                0x000002f6                GPIOTE_IRQHandler
                0x000002f6                PWM1_IRQHandler
                0x000002f6                TIMER4_IRQHandler
                0x000002f6                RTC0_IRQHandler
                0x000002f6                I2S_IRQHandler
                0x000002f6                SWI4_EGU4_IRQHandler
                0x000002f6                SWI2_EGU2_IRQHandler
                0x000002f6                UARTE1_IRQHandler
                0x000002f6                TIMER1_IRQHandler
                0x000002f6                SPIM3_IRQHandler
                0x000002f6                PWM2_IRQHandler
                0x000002f6                ECB_IRQHandler
                0x000002f6                SPIM1_SPIS1_TWIM1_TWIS1_SPI1_TWI1_IRQHandler
                0x000002f6                Default_Handler
                0x000002f6                SAADC_IRQHandler
                0x000002f6                CCM_AAR_IRQHandler
                0x000002f6                WDT_IRQHandler
                0x000002f6                UARTE0_UART0_IRQHandler
                0x000002f6                SWI5_EGU5_IRQHandler
                0x000002f6                RNG_IRQHandler
                0x000002f6                RTC2_IRQHandler
                0x000002f6                PWM0_IRQHandler
                0x000002f6                SWI3_EGU3_IRQHandler
                0x000002f6                RTC1_IRQHandler
                0x000002f6                SWI1_EGU1_IRQHandler
                0x000002f6                SPIM2_SPIS2_SPI2_IRQHandler
                0x000002f6                NFCT_IRQHandler
                0x000002f6                CRYPTOCELL_IRQHandler
                0x000002f6                MWU_IRQHandler
                0x000002f6                TIMER2_IRQHandler
                0x000002f6                QSPI_IRQHandler
                0x000002f6                COMP_LPCOMP_IRQHandler
 .text.app_error_handler_bare
                0x000002f8       0x20 _build/nrf52840_xxaa/app_error.c.o
                0x000002f8                app_error_handler_bare
 .text.app_error_fault_handler
                0x00000318       0x30 _build/nrf52840_xxaa/app_error_weak.c.o
                0x00000318                app_error_fault_handler
 .text.nrfx_timer_init
                0x00000348      0x104 _build/nrf52840_xxaa/nrfx_timer.c.o
                0x00000348                nrfx_timer_init
 .text.nrfx_timer_enable
                0x0000044c       0x1c _build/nrf52840_xxaa/nrfx_timer.c.o
                0x0000044c                nrfx_timer_enable
 .text.nrfx_timer_extended_compare
                0x00000468       0x64 _build/nrf52840_xxaa/nrfx_timer.c.o
                0x00000468                nrfx_timer_extended_compare
 .text.TIMER0_IRQHandler
                0x000004cc       0x58 _build/nrf52840_xxaa/nrfx_timer.c.o
                0x000004cc                TIMER0_IRQHandler
 .text.timer_led_event_handler
                0x00000524       0x38 _build/nrf52840_xxaa/main.c.o
                0x00000524                timer_led_event_handler
 .text.startup.main
                0x0000055c       0x68 _build/nrf52840_xxaa/main.c.o
                0x0000055c                main
 .text.SystemInit
                0x000005c4      0x25c _build/nrf52840_xxaa/system_nrf52840.c.o
                0x000005c4                SystemInit
 .text.exit     0x00000820       0x28 c:/program files (x86)/gnu arm embedded toolchain/10 2021.07/bin/../lib/gcc/arm-none-eabi/10.3.1/../../../../arm-none-eabi/lib/thumb/v7e-m+fp/hard\libc_nano.a(lib_a-exit.o)
                0x00000820                exit
 .text.__libc_init_array
                0x00000848       0x48 c:/program files (x86)/gnu arm embedded toolchain/10 2021.07/bin/../lib/gcc/arm-none-eabi/10.3.1/../../../../arm-none-eabi/lib/thumb/v7e-m+fp/hard\libc_nano.a(lib_a-init.o)
                0x00000848                __libc_init_array
 .text.memset   0x00000890       0x10 c:/program files (x86)/gnu arm embedded toolchain/10 2021.07/bin/../lib/gcc/arm-none-eabi/10.3.1/../../../../arm-none-eabi/lib/thumb/v7e-m+fp/hard\libc_nano.a(lib_a-memset.o)
                0x00000890                memset
 .text._exit    0x000008a0        0x4 c:/program files (x86)/gnu arm embedded toolchain/10 2021.07/bin/../lib/gcc/arm-none-eabi/10.3.1/../../../../arm-none-eabi/lib/thumb/v7e-m+fp/hard\libnosys.a(_exit.o)
                0x000008a0                _exit
 *(.init)
 .init          0x000008a4        0x4 c:/program files (x86)/gnu arm embedded toolchain/10 2021.07/bin/../lib/gcc/arm-none-eabi/10.3.1/thumb/v7e-m+fp/hard/crti.o
                0x000008a4                _init
 .init          0x000008a8        0x8 c:/program files (x86)/gnu arm embedded toolchain/10 2021.07/bin/../lib/gcc/arm-none-eabi/10.3.1/thumb/v7e-m+fp/hard/crtn.o
 *(.fini)
 .fini          0x000008b0        0x4 c:/program files (x86)/gnu arm embedded toolchain/10 2021.07/bin/../lib/gcc/arm-none-eabi/10.3.1/thumb/v7e-m+fp/hard/crti.o
                0x000008b0                _fini
 .fini          0x000008b4        0x8 c:/program files (x86)/gnu arm embedded toolchain/10 2021.07/bin/../lib/gcc/arm-none-eabi/10.3.1/thumb/v7e-m+fp/hard/crtn.o
 *crtbegin.o(.ctors)
 *crtbegin?.o(.ctors)
 *(EXCLUDE_FILE(*crtend.o *crtend?.o) .ctors)
 *(SORT_BY_NAME(.ctors.*))
 *(.ctors)
 *crtbegin.o(.dtors)
 *crtbegin?.o(.dtors)
 *(EXCLUDE_FILE(*crtend.o *crtend?.o) .dtors)
 *(SORT_BY_NAME(.dtors.*))
 *(.dtors)
 *(.rodata*)
 .rodata        0x000008bc        0x8 _build/nrf52840_xxaa/main.c.o
 .rodata.TIMER_LED
                0x000008c4        0x8 _build/nrf52840_xxaa/main.c.o
                0x000008c4                TIMER_LED
 .rodata.CSWTCH.15
                0x000008cc        0x6 _build/nrf52840_xxaa/system_nrf52840.c.o
 *fill*         0x000008d2        0x2 
 .rodata.CSWTCH.6
                0x000008d4        0x6 _build/nrf52840_xxaa/system_nrf52840.c.o
 *fill*         0x000008da        0x2 
 .rodata._global_impure_ptr
                0x000008dc        0x4 c:/program files (x86)/gnu arm embedded toolchain/10 2021.07/bin/../lib/gcc/arm-none-eabi/10.3.1/../../../../arm-none-eabi/lib/thumb/v7e-m+fp/hard\libc_nano.a(lib_a-impure.o)
                0x000008dc                _global_impure_ptr
 *(.eh_frame*)
 .eh_frame      0x000008e0        0x0 c:/program files (x86)/gnu arm embedded toolchain/10 2021.07/bin/../lib/gcc/arm-none-eabi/10.3.1/thumb/v7e-m+fp/hard/crtbegin.o
 .eh_frame      0x000008e0        0x4 c:/program files (x86)/gnu arm embedded toolchain/10 2021.07/bin/../lib/gcc/arm-none-eabi/10.3.1/thumb/v7e-m+fp/hard/crtend.o

.glue_7         0x000008e4        0x0
 .glue_7        0x000008e4        0x0 linker stubs

.glue_7t        0x000008e4        0x0
 .glue_7t       0x000008e4        0x0 linker stubs

.vfp11_veneer   0x000008e4        0x0
 .vfp11_veneer  0x000008e4        0x0 linker stubs

.v4_bx          0x000008e4        0x0
 .v4_bx         0x000008e4        0x0 linker stubs

.iplt           0x000008e4        0x0
 .iplt          0x000008e4        0x0 c:/program files (x86)/gnu arm embedded toolchain/10 2021.07/bin/../lib/gcc/arm-none-eabi/10.3.1/thumb/v7e-m+fp/hard/crtbegin.o

.mem_section_dummy_rom

.log_const_data
                0x000008e4        0x0
                [!provide]                PROVIDE (__start_log_const_data = .)
 *(SORT_BY_NAME(.log_const_data*))
                [!provide]                PROVIDE (__stop_log_const_data = .)

.log_backends   0x000008e4        0x0
                [!provide]                PROVIDE (__start_log_backends = .)
 *(SORT_BY_NAME(.log_backends*))
                [!provide]                PROVIDE (__stop_log_backends = .)

.nrf_balloc     0x000008e4        0x0
                [!provide]                PROVIDE (__start_nrf_balloc = .)
 *(.nrf_balloc)
                [!provide]                PROVIDE (__stop_nrf_balloc = .)

.ARM.extab
 *(.ARM.extab* .gnu.linkonce.armextab.*)
                0x000008e4                __exidx_start = .

.ARM.exidx      0x000008e4        0x8
 *(.ARM.exidx* .gnu.linkonce.armexidx.*)
 .ARM.exidx     0x000008e4        0x8 c:/program files (x86)/gnu arm embedded toolchain/10 2021.07/bin/../lib/gcc/arm-none-eabi/10.3.1/../../../../arm-none-eabi/lib/thumb/v7e-m+fp/hard/crt0.o
                                 0x10 (size before relaxing)
                0x000008ec                __exidx_end = .

.rel.dyn        0x000008ec        0x0
 .rel.iplt      0x000008ec        0x0 c:/program files (x86)/gnu arm embedded toolchain/10 2021.07/bin/../lib/gcc/arm-none-eabi/10.3.1/thumb/v7e-m+fp/hard/crtbegin.o
                0x000008ec                . = ALIGN (0x4)
                0x000008ec                __etext = .

.data           0x20000000       0x6c load address 0x000008ec
                0x20000000                __data_start__ = .
 *(vtable)
 *(.data*)
 .data.SystemCoreClock
                0x20000000        0x4 _build/nrf52840_xxaa/system_nrf52840.c.o
                0x20000000                SystemCoreClock
 .data.impure_data
                0x20000004       0x60 c:/program files (x86)/gnu arm embedded toolchain/10 2021.07/bin/../lib/gcc/arm-none-eabi/10.3.1/../../../../arm-none-eabi/lib/thumb/v7e-m+fp/hard\libc_nano.a(lib_a-impure.o)
                0x20000064                . = ALIGN (0x4)
                0x20000064                PROVIDE (__preinit_array_start = .)
 *(.preinit_array)
                0x20000064                PROVIDE (__preinit_array_end = .)
                0x20000064                . = ALIGN (0x4)
                0x20000064                PROVIDE (__init_array_start = .)
 *(SORT_BY_NAME(.init_array.*))
 *(.init_array)
 .init_array    0x20000064        0x4 c:/program files (x86)/gnu arm embedded toolchain/10 2021.07/bin/../lib/gcc/arm-none-eabi/10.3.1/thumb/v7e-m+fp/hard/crtbegin.o
                0x20000068                PROVIDE (__init_array_end = .)
                0x20000068                . = ALIGN (0x4)
                [!provide]                PROVIDE (__fini_array_start = .)
 *(SORT_BY_NAME(.fini_array.*))
 *(.fini_array)
 .fini_array    0x20000068        0x4 c:/program files (x86)/gnu arm embedded toolchain/10 2021.07/bin/../lib/gcc/arm-none-eabi/10.3.1/thumb/v7e-m+fp/hard/crtbegin.o
                [!provide]                PROVIDE (__fini_array_end = .)
 *(.jcr*)
                0x2000006c                . = ALIGN (0x4)
                0x2000006c                __data_end__ = .
LOAD c:/program files (x86)/gnu arm embedded toolchain/10 2021.07/bin/../lib/gcc/arm-none-eabi/10.3.1/thumb/v7e-m+fp/hard/crti.o
LOAD c:/program files (x86)/gnu arm embedded toolchain/10 2021.07/bin/../lib/gcc/arm-none-eabi/10.3.1/thumb/v7e-m+fp/hard/crtbegin.o
LOAD c:/program files (x86)/gnu arm embedded toolchain/10 2021.07/bin/../lib/gcc/arm-none-eabi/10.3.1/../../../../arm-none-eabi/lib/thumb/v7e-m+fp/hard/crt0.o
LOAD _build/nrf52840_xxaa/gcc_startup_nrf52840.S.o
LOAD _build/nrf52840_xxaa/nrf_log_frontend.c.o
LOAD _build/nrf52840_xxaa/nrf_log_str_formatter.c.o
LOAD _build/nrf52840_xxaa/boards.c.o
LOAD _build/nrf52840_xxaa/app_error.c.o
LOAD _build/nrf52840_xxaa/app_error_handler_gcc.c.o
LOAD _build/nrf52840_xxaa/app_error_weak.c.o
LOAD _build/nrf52840_xxaa/app_util_platform.c.o
LOAD _build/nrf52840_xxaa/nrf_assert.c.o
LOAD _build/nrf52840_xxaa/nrf_atomic.c.o
LOAD _build/nrf52840_xxaa/nrf_balloc.c.o
LOAD _build/nrf52840_xxaa/nrf_fprintf.c.o
LOAD _build/nrf52840_xxaa/nrf_fprintf_format.c.o
LOAD _build/nrf52840_xxaa/nrf_memobj.c.o
LOAD _build/nrf52840_xxaa/nrf_ringbuf.c.o
LOAD _build/nrf52840_xxaa/nrf_strerror.c.o
LOAD _build/nrf52840_xxaa/nrfx_atomic.c.o
LOAD _build/nrf52840_xxaa/nrfx_timer.c.o
LOAD _build/nrf52840_xxaa/main.c.o
LOAD _build/nrf52840_xxaa/system_nrf52840.c.o
LOAD c:/program files (x86)/gnu arm embedded toolchain/10 2021.07/bin/../lib/gcc/arm-none-eabi/10.3.1/../../../../arm-none-eabi/lib/thumb/v7e-m+fp/hard\libc_nano.a
LOAD c:/program files (x86)/gnu arm embedded toolchain/10 2021.07/bin/../lib/gcc/arm-none-eabi/10.3.1/../../../../arm-none-eabi/lib/thumb/v7e-m+fp/hard\libnosys.a
LOAD c:/program files (x86)/gnu arm embedded toolchain/10 2021.07/bin/../lib/gcc/arm-none-eabi/10.3.1/../../../../arm-none-eabi/lib/thumb/v7e-m+fp/hard\libm.a
START GROUP
LOAD c:/program files (x86)/gnu arm embedded toolchain/10 2021.07/bin/../lib/gcc/arm-none-eabi/10.3.1/thumb/v7e-m+fp/hard\libgcc.a
LOAD c:/program files (x86)/gnu arm embedded toolchain/10 2021.07/bin/../lib/gcc/arm-none-eabi/10.3.1/../../../../arm-none-eabi/lib/thumb/v7e-m+fp/hard\libg_nano.a
LOAD c:/program files (x86)/gnu arm embedded toolchain/10 2021.07/bin/../lib/gcc/arm-none-eabi/10.3.1/../../../../arm-none-eabi/lib/thumb/v7e-m+fp/hard\libc_nano.a
END GROUP
START GROUP
LOAD c:/program files (x86)/gnu arm embedded toolchain/10 2021.07/bin/../lib/gcc/arm-none-eabi/10.3.1/thumb/v7e-m+fp/hard\libgcc.a
LOAD c:/program files (x86)/gnu arm embedded toolchain/10 2021.07/bin/../lib/gcc/arm-none-eabi/10.3.1/../../../../arm-none-eabi/lib/thumb/v7e-m+fp/hard\libc_nano.a
END GROUP
LOAD c:/program files (x86)/gnu arm embedded toolchain/10 2021.07/bin/../lib/gcc/arm-none-eabi/10.3.1/thumb/v7e-m+fp/hard/crtend.o
LOAD c:/program files (x86)/gnu arm embedded toolchain/10 2021.07/bin/../lib/gcc/arm-none-eabi/10.3.1/thumb/v7e-m+fp/hard/crtn.o
START GROUP
LOAD c:/program files (x86)/gnu arm embedded toolchain/10 2021.07/bin/../lib/gcc/arm-none-eabi/10.3.1/thumb/v7e-m+fp/hard\libgcc.a
LOAD c:/program files (x86)/gnu arm embedded toolchain/10 2021.07/bin/../lib/gcc/arm-none-eabi/10.3.1/../../../../arm-none-eabi/lib/thumb/v7e-m+fp/hard\libc.a
LOAD c:/program files (x86)/gnu arm embedded toolchain/10 2021.07/bin/../lib/gcc/arm-none-eabi/10.3.1/../../../../arm-none-eabi/lib/thumb/v7e-m+fp/hard\libnosys.a
END GROUP

.igot.plt       0x2000006c        0x0 load address 0x00000958
 .igot.plt      0x2000006c        0x0 c:/program files (x86)/gnu arm embedded toolchain/10 2021.07/bin/../lib/gcc/arm-none-eabi/10.3.1/thumb/v7e-m+fp/hard/crtbegin.o
                0x2000006c                . = ALIGN (0x4)

.mem_section_dummy_ram

.log_dynamic_data
                0x2000006c        0x0
                [!provide]                PROVIDE (__start_log_dynamic_data = .)
 *(SORT_BY_NAME(.log_dynamic_data*))
                [!provide]                PROVIDE (__stop_log_dynamic_data = .)

.log_filter_data
                0x2000006c        0x0
                [!provide]                PROVIDE (__start_log_filter_data = .)
 *(SORT_BY_NAME(.log_filter_data*))
                [!provide]                PROVIDE (__stop_log_filter_data = .)

.bss            0x2000006c       0x28 load address 0x00000958
                0x2000006c                . = ALIGN (0x4)
                0x2000006c                __bss_start__ = .
 *(.bss*)
 .bss           0x2000006c       0x1c c:/program files (x86)/gnu arm embedded toolchain/10 2021.07/bin/../lib/gcc/arm-none-eabi/10.3.1/thumb/v7e-m+fp/hard/crtbegin.o
 .bss.m_cb      0x20000088        0xc _build/nrf52840_xxaa/nrfx_timer.c.o
 *(COMMON)
                0x20000094                . = ALIGN (0x4)
                0x20000094                __bss_end__ = .

.heap           0x20000098     0x2000
                0x20000098                __HeapBase = .
                0x20000098                __end__ = .
                [!provide]                PROVIDE (end = .)
 *(.heap*)
 .heap          0x20000098     0x2000 _build/nrf52840_xxaa/gcc_startup_nrf52840.S.o
                0x20002098                __HeapLimit = .

.stack_dummy    0x20000098     0x2000
 *(.stack*)
 .stack         0x20000098     0x2000 _build/nrf52840_xxaa/gcc_startup_nrf52840.S.o
                0x20040000                __StackTop = (ORIGIN (RAM) + LENGTH (RAM))
                0x2003e000                __StackLimit = (__StackTop - SIZEOF (.stack_dummy))
                0x20040000                PROVIDE (__stack = __StackTop)
                0x00000001                ASSERT ((__StackLimit >= __HeapLimit), region RAM overflowed with stack)
                0x0000006c                DataInitFlashUsed = (__bss_start__ - __data_start__)
                0x000008ec                CodeFlashUsed = (__etext - ORIGIN (FLASH))
                0x00000958                TotalFlashUsed = (CodeFlashUsed + DataInitFlashUsed)
                0x00000001                ASSERT ((TotalFlashUsed <= LENGTH (FLASH)), region FLASH overflowed with .data and user data)
OUTPUT(_build/nrf52840_xxaa.out elf32-littlearm)
LOAD linker stubs

.ARM.attributes
                0x00000000       0x30
 .ARM.attributes
                0x00000000       0x1e c:/program files (x86)/gnu arm embedded toolchain/10 2021.07/bin/../lib/gcc/arm-none-eabi/10.3.1/thumb/v7e-m+fp/hard/crti.o
 .ARM.attributes
                0x0000001e       0x34 c:/program files (x86)/gnu arm embedded toolchain/10 2021.07/bin/../lib/gcc/arm-none-eabi/10.3.1/thumb/v7e-m+fp/hard/crtbegin.o
 .ARM.attributes
                0x00000052       0x1c c:/program files (x86)/gnu arm embedded toolchain/10 2021.07/bin/../lib/gcc/arm-none-eabi/10.3.1/../../../../arm-none-eabi/lib/thumb/v7e-m+fp/hard/crt0.o
 .ARM.attributes
                0x0000006e       0x20 _build/nrf52840_xxaa/gcc_startup_nrf52840.S.o
 .ARM.attributes
                0x0000008e       0x34 _build/nrf52840_xxaa/app_error.c.o
 .ARM.attributes
                0x000000c2       0x34 _build/nrf52840_xxaa/app_error_weak.c.o
 .ARM.attributes
                0x000000f6       0x34 _build/nrf52840_xxaa/nrfx_timer.c.o
 .ARM.attributes
                0x0000012a       0x34 _build/nrf52840_xxaa/main.c.o
 .ARM.attributes
                0x0000015e       0x34 _build/nrf52840_xxaa/system_nrf52840.c.o
 .ARM.attributes
                0x00000192       0x34 c:/program files (x86)/gnu arm embedded toolchain/10 2021.07/bin/../lib/gcc/arm-none-eabi/10.3.1/../../../../arm-none-eabi/lib/thumb/v7e-m+fp/hard\libc_nano.a(lib_a-exit.o)
 .ARM.attributes
                0x000001c6       0x32 c:/program files (x86)/gnu arm embedded toolchain/10 2021.07/bin/../lib/gcc/arm-none-eabi/10.3.1/../../../../arm-none-eabi/lib/thumb/v7e-m+fp/hard\libc_nano.a(lib_a-impure.o)
 .ARM.attributes
                0x000001f8       0x34 c:/program files (x86)/gnu arm embedded toolchain/10 2021.07/bin/../lib/gcc/arm-none-eabi/10.3.1/../../../../arm-none-eabi/lib/thumb/v7e-m+fp/hard\libc_nano.a(lib_a-init.o)
 .ARM.attributes
                0x0000022c       0x34 c:/program files (x86)/gnu arm embedded toolchain/10 2021.07/bin/../lib/gcc/arm-none-eabi/10.3.1/../../../../arm-none-eabi/lib/thumb/v7e-m+fp/hard\libc_nano.a(lib_a-memset.o)
 .ARM.attributes
                0x00000260       0x34 c:/program files (x86)/gnu arm embedded toolchain/10 2021.07/bin/../lib/gcc/arm-none-eabi/10.3.1/../../../../arm-none-eabi/lib/thumb/v7e-m+fp/hard\libnosys.a(_exit.o)
 .ARM.attributes
                0x00000294       0x32 c:/program files (x86)/gnu arm embedded toolchain/10 2021.07/bin/../lib/gcc/arm-none-eabi/10.3.1/thumb/v7e-m+fp/hard/crtend.o
 .ARM.attributes
                0x000002c6       0x1e c:/program files (x86)/gnu arm embedded toolchain/10 2021.07/bin/../lib/gcc/arm-none-eabi/10.3.1/thumb/v7e-m+fp/hard/crtn.o

.comment        0x00000000       0x49
 .comment       0x00000000       0x49 _build/nrf52840_xxaa/app_error.c.o
                                 0x4a (size before relaxing)
 .comment       0x00000049       0x4a _build/nrf52840_xxaa/app_error_weak.c.o
 .comment       0x00000049       0x4a _build/nrf52840_xxaa/nrfx_timer.c.o
 .comment       0x00000049       0x4a _build/nrf52840_xxaa/main.c.o
 .comment       0x00000049       0x4a _build/nrf52840_xxaa/system_nrf52840.c.o

.debug_line     0x00000000     0x351f
 .debug_line    0x00000000       0x89 _build/nrf52840_xxaa/gcc_startup_nrf52840.S.o
 .debug_line    0x00000089      0x5d9 _build/nrf52840_xxaa/app_error.c.o
 .debug_line    0x00000662      0x7b6 _build/nrf52840_xxaa/app_error_weak.c.o
 .debug_line    0x00000e18     0x13c8 _build/nrf52840_xxaa/nrfx_timer.c.o
 .debug_line    0x000021e0      0xa11 _build/nrf52840_xxaa/main.c.o
 .debug_line    0x00002bf1      0x92e _build/nrf52840_xxaa/system_nrf52840.c.o

.debug_info     0x00000000     0x4924
 .debug_info    0x00000000       0x26 _build/nrf52840_xxaa/gcc_startup_nrf52840.S.o
 .debug_info    0x00000026      0x2c3 _build/nrf52840_xxaa/app_error.c.o
 .debug_info    0x000002e9      0x3b0 _build/nrf52840_xxaa/app_error_weak.c.o
 .debug_info    0x00000699     0x1cfa _build/nrf52840_xxaa/nrfx_timer.c.o
 .debug_info    0x00002393      0xcb5 _build/nrf52840_xxaa/main.c.o
 .debug_info    0x00003048     0x18dc _build/nrf52840_xxaa/system_nrf52840.c.o

.debug_abbrev   0x00000000      0xd14
 .debug_abbrev  0x00000000       0x14 _build/nrf52840_xxaa/gcc_startup_nrf52840.S.o
 .debug_abbrev  0x00000014      0x13b _build/nrf52840_xxaa/app_error.c.o
 .debug_abbrev  0x0000014f      0x185 _build/nrf52840_xxaa/app_error_weak.c.o
 .debug_abbrev  0x000002d4      0x430 _build/nrf52840_xxaa/nrfx_timer.c.o
 .debug_abbrev  0x00000704      0x2ef _build/nrf52840_xxaa/main.c.o
 .debug_abbrev  0x000009f3      0x321 _build/nrf52840_xxaa/system_nrf52840.c.o

.debug_aranges  0x00000000      0x158
 .debug_aranges
                0x00000000       0x20 _build/nrf52840_xxaa/gcc_startup_nrf52840.S.o
 .debug_aranges
                0x00000020       0x28 _build/nrf52840_xxaa/app_error.c.o
 .debug_aranges
                0x00000048       0x20 _build/nrf52840_xxaa/app_error_weak.c.o
 .debug_aranges
                0x00000068       0x90 _build/nrf52840_xxaa/nrfx_timer.c.o
 .debug_aranges
                0x000000f8       0x28 _build/nrf52840_xxaa/main.c.o
 .debug_aranges
                0x00000120       0x38 _build/nrf52840_xxaa/system_nrf52840.c.o

.debug_str      0x00000000    0x94c27
 .debug_str     0x00000000       0xdd _build/nrf52840_xxaa/gcc_startup_nrf52840.S.o
 .debug_str     0x000000dd    0x78dae _build/nrf52840_xxaa/app_error.c.o
                              0x79e17 (size before relaxing)
 .debug_str     0x00078e8b     0xc9a3 _build/nrf52840_xxaa/app_error_weak.c.o
                              0x869ba (size before relaxing)
 .debug_str     0x0008582e     0x4143 _build/nrf52840_xxaa/nrfx_timer.c.o
                              0x8a8ed (size before relaxing)
 .debug_str     0x00089971     0x2da0 _build/nrf52840_xxaa/main.c.o
                              0x89e5a (size before relaxing)
 .debug_str     0x0008c711     0x8516 _build/nrf52840_xxaa/system_nrf52840.c.o
                              0x7ea69 (size before relaxing)

.debug_loc      0x00000000     0x141e
 .debug_loc     0x00000000       0xc8 _build/nrf52840_xxaa/app_error.c.o
 .debug_loc     0x000000c8       0x4a _build/nrf52840_xxaa/app_error_weak.c.o
 .debug_loc     0x00000112      0xe2d _build/nrf52840_xxaa/nrfx_timer.c.o
 .debug_loc     0x00000f3f      0x2cd _build/nrf52840_xxaa/main.c.o
 .debug_loc     0x0000120c      0x212 _build/nrf52840_xxaa/system_nrf52840.c.o

.debug_ranges   0x00000000      0x728
 .debug_ranges  0x00000000       0x18 _build/nrf52840_xxaa/app_error.c.o
 .debug_ranges  0x00000018       0x10 _build/nrf52840_xxaa/app_error_weak.c.o
 .debug_ranges  0x00000028      0x498 _build/nrf52840_xxaa/nrfx_timer.c.o
 .debug_ranges  0x000004c0      0x128 _build/nrf52840_xxaa/main.c.o
 .debug_ranges  0x000005e8      0x140 _build/nrf52840_xxaa/system_nrf52840.c.o

.debug_macro    0x00000000     0x2c8f
 .debug_macro   0x00000000      0x21d _build/nrf52840_xxaa/app_error.c.o
 .debug_macro   0x0000021d       0x97 _build/nrf52840_xxaa/app_error.c.o
 .debug_macro   0x000002b4       0xf6 _build/nrf52840_xxaa/app_error.c.o
 .debug_macro   0x000003aa      0x312 _build/nrf52840_xxaa/app_error_weak.c.o
 .debug_macro   0x000006bc       0x16 _build/nrf52840_xxaa/app_error_weak.c.o
 .debug_macro   0x000006d2       0x31 _build/nrf52840_xxaa/app_error_weak.c.o
 .debug_macro   0x00000703       0x16 _build/nrf52840_xxaa/app_error_weak.c.o
 .debug_macro   0x00000719       0x55 _build/nrf52840_xxaa/app_error_weak.c.o
 .debug_macro   0x0000076e      0x17f _build/nrf52840_xxaa/app_error_weak.c.o
 .debug_macro   0x000008ed       0x9a _build/nrf52840_xxaa/app_error_weak.c.o
 .debug_macro   0x00000987       0x28 _build/nrf52840_xxaa/app_error_weak.c.o
 .debug_macro   0x000009af       0x23 _build/nrf52840_xxaa/app_error_weak.c.o
 .debug_macro   0x000009d2       0x1c _build/nrf52840_xxaa/app_error_weak.c.o
 .debug_macro   0x000009ee       0x92 _build/nrf52840_xxaa/app_error_weak.c.o
 .debug_macro   0x00000a80      0x3d5 _build/nrf52840_xxaa/nrfx_timer.c.o
 .debug_macro   0x00000e55       0x22 _build/nrf52840_xxaa/nrfx_timer.c.o
 .debug_macro   0x00000e77       0x10 _build/nrf52840_xxaa/nrfx_timer.c.o
 .debug_macro   0x00000e87       0x1c _build/nrf52840_xxaa/nrfx_timer.c.o
 .debug_macro   0x00000ea3       0x37 _build/nrf52840_xxaa/nrfx_timer.c.o
 .debug_macro   0x00000eda       0x10 _build/nrf52840_xxaa/nrfx_timer.c.o
 .debug_macro   0x00000eea      0x179 _build/nrf52840_xxaa/nrfx_timer.c.o
 .debug_macro   0x00001063       0x42 _build/nrf52840_xxaa/nrfx_timer.c.o
 .debug_macro   0x000010a5      0x3aa _build/nrf52840_xxaa/main.c.o
 .debug_macro   0x0000144f       0x94 _build/nrf52840_xxaa/main.c.o
 .debug_macro   0x000014e3       0x22 _build/nrf52840_xxaa/main.c.o
 .debug_macro   0x00001505       0x17 _build/nrf52840_xxaa/main.c.o
 .debug_macro   0x0000151c       0x45 _build/nrf52840_xxaa/main.c.o
 .debug_macro   0x00001561       0xcc _build/nrf52840_xxaa/main.c.o
 .debug_macro   0x0000162d      0x158 _build/nrf52840_xxaa/system_nrf52840.c.o
 .debug_macro   0x00001785      0x44e _build/nrf52840_xxaa/system_nrf52840.c.o
 .debug_macro   0x00001bd3      0xa28 _build/nrf52840_xxaa/system_nrf52840.c.o
 .debug_macro   0x000025fb      0x520 _build/nrf52840_xxaa/system_nrf52840.c.o
 .debug_macro   0x00002b1b      0x164 _build/nrf52840_xxaa/system_nrf52840.c.o
 .debug_macro   0x00002c7f       0x10 _build/nrf52840_xxaa/system_nrf52840.c.o

.debug_frame    0x00000000      0x324
 .debug_frame   0x00000000       0x4c _build/nrf52840_xxaa/app_error.c.o
 .debug_frame   0x0000004c       0x20 _build/nrf52840_xxaa/app_error_weak.c.o
 .debug_frame   0x0000006c      0x190 _build/nrf52840_xxaa/nrfx_timer.c.o
 .debug_frame   0x000001fc       0x38 _build/nrf52840_xxaa/main.c.o
 .debug_frame   0x00000234       0x5c _build/nrf52840_xxaa/system_nrf52840.c.o
 .debug_frame   0x00000290       0x28 c:/program files (x86)/gnu arm embedded toolchain/10 2021.07/bin/../lib/gcc/arm-none-eabi/10.3.1/../../../../arm-none-eabi/lib/thumb/v7e-m+fp/hard\libc_nano.a(lib_a-exit.o)
 .debug_frame   0x000002b8       0x2c c:/program files (x86)/gnu arm embedded toolchain/10 2021.07/bin/../lib/gcc/arm-none-eabi/10.3.1/../../../../arm-none-eabi/lib/thumb/v7e-m+fp/hard\libc_nano.a(lib_a-init.o)
 .debug_frame   0x000002e4       0x20 c:/program files (x86)/gnu arm embedded toolchain/10 2021.07/bin/../lib/gcc/arm-none-eabi/10.3.1/../../../../arm-none-eabi/lib/thumb/v7e-m+fp/hard\libc_nano.a(lib_a-memset.o)
 .debug_frame   0x00000304       0x20 c:/program files (x86)/gnu arm embedded toolchain/10 2021.07/bin/../lib/gcc/arm-none-eabi/10.3.1/../../../../arm-none-eabi/lib/thumb/v7e-m+fp/hard\libnosys.a(_exit.o)
