Archive member included to satisfy reference by file (symbol)

c:/program files (x86)/gnu arm embedded toolchain/10 2021.07/bin/../lib/gcc/arm-none-eabi/10.3.1/../../../../arm-none-eabi/lib/thumb/v7e-m+fp/hard\libc_nano.a(lib_a-ctype_.o)
                              _build/nrf52840_xxaa/nrf_log_str_formatter.c.o (_ctype_)
c:/program files (x86)/gnu arm embedded toolchain/10 2021.07/bin/../lib/gcc/arm-none-eabi/10.3.1/../../../../arm-none-eabi/lib/thumb/v7e-m+fp/hard\libc_nano.a(lib_a-exit.o)
                              c:/program files (x86)/gnu arm embedded toolchain/10 2021.07/bin/../lib/gcc/arm-none-eabi/10.3.1/../../../../arm-none-eabi/lib/thumb/v7e-m+fp/hard/crt0.o (exit)
c:/program files (x86)/gnu arm embedded toolchain/10 2021.07/bin/../lib/gcc/arm-none-eabi/10.3.1/../../../../arm-none-eabi/lib/thumb/v7e-m+fp/hard\libc_nano.a(lib_a-impure.o)
                              c:/program files (x86)/gnu arm embedded toolchain/10 2021.07/bin/../lib/gcc/arm-none-eabi/10.3.1/../../../../arm-none-eabi/lib/thumb/v7e-m+fp/hard\libc_nano.a(lib_a-exit.o) (_global_impure_ptr)
c:/program files (x86)/gnu arm embedded toolchain/10 2021.07/bin/../lib/gcc/arm-none-eabi/10.3.1/../../../../arm-none-eabi/lib/thumb/v7e-m+fp/hard\libc_nano.a(lib_a-init.o)
                              c:/program files (x86)/gnu arm embedded toolchain/10 2021.07/bin/../lib/gcc/arm-none-eabi/10.3.1/../../../../arm-none-eabi/lib/thumb/v7e-m+fp/hard/crt0.o (__libc_init_array)
c:/program files (x86)/gnu arm embedded toolchain/10 2021.07/bin/../lib/gcc/arm-none-eabi/10.3.1/../../../../arm-none-eabi/lib/thumb/v7e-m+fp/hard\libc_nano.a(lib_a-memcmp.o)
                              _build/nrf52840_xxaa/ble_advdata.c.o (memcmp)
c:/program files (x86)/gnu arm embedded toolchain/10 2021.07/bin/../lib/gcc/arm-none-eabi/10.3.1/../../../../arm-none-eabi/lib/thumb/v7e-m+fp/hard\libc_nano.a(lib_a-memcpy-stub.o)
                              _build/nrf52840_xxaa/nrf_log_frontend.c.o (memcpy)
c:/program files (x86)/gnu arm embedded toolchain/10 2021.07/bin/../lib/gcc/arm-none-eabi/10.3.1/../../../../arm-none-eabi/lib/thumb/v7e-m+fp/hard\libc_nano.a(lib_a-memset.o)
                              c:/program files (x86)/gnu arm embedded toolchain/10 2021.07/bin/../lib/gcc/arm-none-eabi/10.3.1/../../../../arm-none-eabi/lib/thumb/v7e-m+fp/hard/crt0.o (memset)
c:/program files (x86)/gnu arm embedded toolchain/10 2021.07/bin/../lib/gcc/arm-none-eabi/10.3.1/../../../../arm-none-eabi/lib/thumb/v7e-m+fp/hard\libc_nano.a(lib_a-snprintf.o)
                              _build/nrf52840_xxaa/peer_manager_handler.c.o (snprintf)
c:/program files (x86)/gnu arm embedded toolchain/10 2021.07/bin/../lib/gcc/arm-none-eabi/10.3.1/../../../../arm-none-eabi/lib/thumb/v7e-m+fp/hard\libc_nano.a(lib_a-strcmp.o)
                              _build/nrf52840_xxaa/nrf_ble_scan.c.o (strcmp)
c:/program files (x86)/gnu arm embedded toolchain/10 2021.07/bin/../lib/gcc/arm-none-eabi/10.3.1/../../../../arm-none-eabi/lib/thumb/v7e-m+fp/hard\libc_nano.a(lib_a-strcpy.o)
                              _build/nrf52840_xxaa/SEGGER_RTT.c.o (strcpy)
c:/program files (x86)/gnu arm embedded toolchain/10 2021.07/bin/../lib/gcc/arm-none-eabi/10.3.1/../../../../arm-none-eabi/lib/thumb/v7e-m+fp/hard\libc_nano.a(lib_a-strlen.o)
                              _build/nrf52840_xxaa/nrf_log_frontend.c.o (strlen)
c:/program files (x86)/gnu arm embedded toolchain/10 2021.07/bin/../lib/gcc/arm-none-eabi/10.3.1/../../../../arm-none-eabi/lib/thumb/v7e-m+fp/hard\libc_nano.a(lib_a-nano-svfprintf.o)
                              c:/program files (x86)/gnu arm embedded toolchain/10 2021.07/bin/../lib/gcc/arm-none-eabi/10.3.1/../../../../arm-none-eabi/lib/thumb/v7e-m+fp/hard\libc_nano.a(lib_a-snprintf.o) (_svfprintf_r)
c:/program files (x86)/gnu arm embedded toolchain/10 2021.07/bin/../lib/gcc/arm-none-eabi/10.3.1/../../../../arm-none-eabi/lib/thumb/v7e-m+fp/hard\libc_nano.a(lib_a-nano-vfprintf_i.o)
                              c:/program files (x86)/gnu arm embedded toolchain/10 2021.07/bin/../lib/gcc/arm-none-eabi/10.3.1/../../../../arm-none-eabi/lib/thumb/v7e-m+fp/hard\libc_nano.a(lib_a-nano-svfprintf.o) (_printf_i)
c:/program files (x86)/gnu arm embedded toolchain/10 2021.07/bin/../lib/gcc/arm-none-eabi/10.3.1/../../../../arm-none-eabi/lib/thumb/v7e-m+fp/hard\libc_nano.a(lib_a-memchr.o)
                              c:/program files (x86)/gnu arm embedded toolchain/10 2021.07/bin/../lib/gcc/arm-none-eabi/10.3.1/../../../../arm-none-eabi/lib/thumb/v7e-m+fp/hard\libc_nano.a(lib_a-nano-svfprintf.o) (memchr)
c:/program files (x86)/gnu arm embedded toolchain/10 2021.07/bin/../lib/gcc/arm-none-eabi/10.3.1/../../../../arm-none-eabi/lib/thumb/v7e-m+fp/hard\libc_nano.a(lib_a-memmove.o)
                              c:/program files (x86)/gnu arm embedded toolchain/10 2021.07/bin/../lib/gcc/arm-none-eabi/10.3.1/../../../../arm-none-eabi/lib/thumb/v7e-m+fp/hard\libc_nano.a(lib_a-nano-svfprintf.o) (memmove)
[...]
Memory Configuration

Name             Origin             Length             Attributes
FLASH            0x00027000         0x000d9000         xr
RAM              0x20001d38         0x0003e2c8         xrw
*default*        0x00000000         0xffffffff

Linker script and memory map


.text           0x00027000    0x119f8
 *(.isr_vector)
 .isr_vector    0x00027000      0x200 _build/nrf52840_xxaa/gcc_startup_nrf52840.S.o
                0x00027000                __isr_vector
 *(.text*)
 .text          0x00027200       0x40 c:/program files (x86)/gnu arm embedded toolchain/10 2021.07/bin/../lib/gcc/arm-none-eabi/10.3.1/thumb/v7e-m+fp/hard/crtbegin.o
 .text          0x00027240       0x7c c:/program files (x86)/gnu arm embedded toolchain/10 2021.07/bin/../lib/gcc/arm-none-eabi/10.3.1/../../../../arm-none-eabi/lib/thumb/v7e-m+fp/hard/crt0.o
                0x00027240                _stack_init
                0x00027248                _start
                0x00027248                _mainCRTStartup
 .text          0x000272bc       0x3c _build/nrf52840_xxaa/gcc_startup_nrf52840.S.o
                0x000272bc                Reset_Handler
                0x000272e4                NMI_Handler
                0x000272e6                HardFault_Handler
                0x000272e8                MemoryManagement_Handler
                0x000272ea                BusFault_Handler
                0x000272ec                UsageFault_Handler
                0x000272ee                SVC_Handler
                0x000272f0                DebugMon_Handler
                0x000272f2                PendSV_Handler
                0x000272f4                SysTick_Handler
                0x000272f6                PDM_IRQHandler
                0x000272f6                TEMP_IRQHandler
                0x000272f6                QDEC_IRQHandler
                0x000272f6                TIMER3_IRQHandler
                0x000272f6                PWM3_IRQHandler
                0x000272f6                RTC0_IRQHandler
                0x000272f6                USBD_IRQHandler
                0x000272f6                SPIM0_SPIS0_TWIM0_TWIS0_SPI0_TWI0_IRQHandler
                0x000272f6                PWM1_IRQHandler
                0x000272f6                TIMER4_IRQHandler
                0x000272f6                RADIO_IRQHandler
                0x000272f6                I2S_IRQHandler
                0x000272f6                SWI4_EGU4_IRQHandler
                0x000272f6                FPU_IRQHandler
                0x000272f6                TIMER2_IRQHandler
                0x000272f6                UARTE1_IRQHandler
                0x000272f6                TIMER1_IRQHandler
                0x000272f6                SPIM3_IRQHandler
                0x000272f6                PWM2_IRQHandler
                0x000272f6                ECB_IRQHandler
                0x000272f6                SPIM1_SPIS1_TWIM1_TWIS1_SPI1_TWI1_IRQHandler
                0x000272f6                Default_Handler
                0x000272f6                SAADC_IRQHandler
                0x000272f6                CCM_AAR_IRQHandler
                0x000272f6                WDT_IRQHandler
                0x000272f6                CRYPTOCELL_IRQHandler
                0x000272f6                SWI5_EGU5_IRQHandler
                0x000272f6                RNG_IRQHandler
                0x000272f6                RTC2_IRQHandler
                0x000272f6                PWM0_IRQHandler
                0x000272f6                SWI3_EGU3_IRQHandler
                0x000272f6                SWI1_EGU1_IRQHandler
                0x000272f6                SPIM2_SPIS2_SPI2_IRQHandler
                0x000272f6                NFCT_IRQHandler
                0x000272f6                SWI0_EGU0_IRQHandler
                0x000272f6                MWU_IRQHandler
                0x000272f6                TIMER0_IRQHandler
                0x000272f6                QSPI_IRQHandler
                0x000272f6                COMP_LPCOMP_IRQHandler
 .text.nrf_log_backend_serial_put
                0x000272f8       0xd8 _build/nrf52840_xxaa/nrf_log_backend_serial.c.o
                0x000272f8                nrf_log_backend_serial_put
 .text.uart_evt_handler
                0x000273d0        0xc _build/nrf52840_xxaa/nrf_log_backend_uart.c.o
 .text.nrf_log_backend_uart_flush
                0x000273dc        0x4 _build/nrf52840_xxaa/nrf_log_backend_uart.c.o
 .text.nrf_log_backend_uart_put
                0x000273e0       0x20 _build/nrf52840_xxaa/nrf_log_backend_uart.c.o
 .text.serial_tx
                0x00027400       0x50 _build/nrf52840_xxaa/nrf_log_backend_uart.c.o
 .text.nrf_log_backend_uart_panic_set
                0x00027450       0x68 _build/nrf52840_xxaa/nrf_log_backend_uart.c.o
 .text.nrf_log_backend_uart_init
                0x000274b8       0x50 _build/nrf52840_xxaa/nrf_log_backend_uart.c.o
                0x000274b8                nrf_log_backend_uart_init
 .text.nrf_log_default_backends_init
                0x00027508       0x20 _build/nrf52840_xxaa/nrf_log_default_backends.c.o
                0x00027508                nrf_log_default_backends_init
 .text.nrf_log_init
                0x00027528       0x28 _build/nrf52840_xxaa/nrf_log_frontend.c.o
                0x00027528                nrf_log_init
 .text.nrf_log_module_name_get
                0x00027550       0x48 _build/nrf52840_xxaa/nrf_log_frontend.c.o
                0x00027550                nrf_log_module_name_get
 .text.nrf_log_color_id_get
                0x00027598       0x2c _build/nrf52840_xxaa/nrf_log_frontend.c.o
                0x00027598                nrf_log_color_id_get
 .text.log_pending_hook
                0x000275c4        0x4 _build/nrf52840_xxaa/nrf_log_frontend.c.o
                0x000275c4                log_pending_hook
 .text.nrf_log_frontend_dequeue
                0x000275c8      0x260 _build/nrf52840_xxaa/nrf_log_frontend.c.o
                0x000275c8                nrf_log_frontend_dequeue
 .text.nrf_log_frontend_hexdump
                0x00027828      0x1f8 _build/nrf52840_xxaa/nrf_log_frontend.c.o
                0x00027828                nrf_log_frontend_hexdump
 .text.nrf_log_frontend_std_4
                0x00027a20      0x1d4 _build/nrf52840_xxaa/nrf_log_frontend.c.o
                0x00027a20                nrf_log_frontend_std_4
 .text.nrf_log_frontend_std_3
                0x00027bf4      0x1c0 _build/nrf52840_xxaa/nrf_log_frontend.c.o
                0x00027bf4                nrf_log_frontend_std_3
 .text.nrf_log_frontend_std_2
                0x00027db4      0x1c8 _build/nrf52840_xxaa/nrf_log_frontend.c.o
                0x00027db4                nrf_log_frontend_std_2
 .text.nrf_log_frontend_std_1
                0x00027f7c      0x1bc _build/nrf52840_xxaa/nrf_log_frontend.c.o
                0x00027f7c                nrf_log_frontend_std_1
 .text.nrf_log_frontend_std_0
                0x00028138      0x1ac _build/nrf52840_xxaa/nrf_log_frontend.c.o
                0x00028138                nrf_log_frontend_std_0
 .text.nrf_log_backend_add
                0x000282e4       0x5c _build/nrf52840_xxaa/nrf_log_frontend.c.o
                0x000282e4                nrf_log_backend_add
 .text.nrf_log_panic
                0x00028340       0x28 _build/nrf52840_xxaa/nrf_log_frontend.c.o
                0x00028340                nrf_log_panic
 .text.prefix_process
                0x00028368       0x84 _build/nrf52840_xxaa/nrf_log_str_formatter.c.o
 .text.nrf_log_std_entry_process
                0x000283ec       0xec _build/nrf52840_xxaa/nrf_log_str_formatter.c.o
                0x000283ec                nrf_log_std_entry_process
 .text.nrf_log_hexdump_entry_process
                0x000284d8      0x104 _build/nrf52840_xxaa/nrf_log_str_formatter.c.o
                0x000284d8                nrf_log_hexdump_entry_process
 .text.gpiote_event_handler
                0x000285dc       0x74 _build/nrf52840_xxaa/app_button.c.o
 .text.detection_delay_timeout_handler
                0x00028650      0x288 _build/nrf52840_xxaa/app_button.c.o
 .text.app_button_init
                0x000288d8       0xb8 _build/nrf52840_xxaa/app_button.c.o
                0x000288d8                app_button_init
 .text.app_button_enable
                0x00028990       0x2c _build/nrf52840_xxaa/app_button.c.o
                0x00028990                app_button_enable
 .text.app_error_handler_bare
                0x000289bc       0x20 _build/nrf52840_xxaa/app_error.c.o
                0x000289bc                app_error_handler_bare
 .text.app_error_fault_handler
                0x000289dc       0x6c _build/nrf52840_xxaa/app_error_weak.c.o
                0x000289dc                app_error_fault_handler
 .text.compare_func
                0x00028a48       0x1c _build/nrf52840_xxaa/app_timer2.c.o
 .text.timer_expire.part.0
                0x00028a64       0x88 _build/nrf52840_xxaa/app_timer2.c.o
 .text.rtc_irq  0x00028aec      0x2e8 _build/nrf52840_xxaa/app_timer2.c.o
 .text.app_timer_init
                0x00028dd4       0x6c _build/nrf52840_xxaa/app_timer2.c.o
                0x00028dd4                app_timer_init
 .text.app_timer_create
                0x00028e40       0x30 _build/nrf52840_xxaa/app_timer2.c.o
                0x00028e40                app_timer_create
 .text.app_timer_start
                0x00028e70       0xb8 _build/nrf52840_xxaa/app_timer2.c.o
                0x00028e70                app_timer_start
 .text.app_timer_stop
                0x00028f28       0x80 _build/nrf52840_xxaa/app_timer2.c.o
                0x00028f28                app_timer_stop
 .text.app_util_critical_region_enter
                0x00028fa8       0x4c _build/nrf52840_xxaa/app_util_platform.c.o
                0x00028fa8                app_util_critical_region_enter
 .text.app_util_critical_region_exit
                0x00028ff4       0x30 _build/nrf52840_xxaa/app_util_platform.c.o
                0x00028ff4                app_util_critical_region_exit
 .text.drv_rtc_init
                0x00029024       0xc8 _build/nrf52840_xxaa/drv_rtc.c.o
                0x00029024                drv_rtc_init
 .text.drv_rtc_start
                0x000290ec        0x8 _build/nrf52840_xxaa/drv_rtc.c.o
                0x000290ec                drv_rtc_start
 .text.drv_rtc_stop
                0x000290f4        0x8 _build/nrf52840_xxaa/drv_rtc.c.o
                0x000290f4                drv_rtc_stop
 .text.drv_rtc_compare_set
                0x000290fc       0x54 _build/nrf52840_xxaa/drv_rtc.c.o
                0x000290fc                drv_rtc_compare_set
 .text.drv_rtc_windowed_compare_set
                0x00029150       0xf8 _build/nrf52840_xxaa/drv_rtc.c.o
                0x00029150                drv_rtc_windowed_compare_set
 .text.drv_rtc_overflow_enable
                0x00029248       0x14 _build/nrf52840_xxaa/drv_rtc.c.o
                0x00029248                drv_rtc_overflow_enable
 .text.drv_rtc_overflow_pending
                0x0002925c       0x20 _build/nrf52840_xxaa/drv_rtc.c.o
                0x0002925c                drv_rtc_overflow_pending
 .text.drv_rtc_compare_disable
                0x0002927c       0x18 _build/nrf52840_xxaa/drv_rtc.c.o
                0x0002927c                drv_rtc_compare_disable
 .text.drv_rtc_compare_pending
                0x00029294       0x20 _build/nrf52840_xxaa/drv_rtc.c.o
                0x00029294                drv_rtc_compare_pending
 .text.drv_rtc_counter_get
                0x000292b4        0x8 _build/nrf52840_xxaa/drv_rtc.c.o
                0x000292b4                drv_rtc_counter_get
 .text.drv_rtc_irq_trigger
                0x000292bc       0x24 _build/nrf52840_xxaa/drv_rtc.c.o
                0x000292bc                drv_rtc_irq_trigger
 .text.RTC1_IRQHandler
                0x000292e0       0x14 _build/nrf52840_xxaa/drv_rtc.c.o
                0x000292e0                RTC1_IRQHandler
 .text.page_scan
                0x000292f4       0xbc _build/nrf52840_xxaa/fds.c.o
 .text.record_find_by_desc
                0x000293b0       0xe4 _build/nrf52840_xxaa/fds.c.o
 .text.queue_process
                0x00029494      0x8f8 _build/nrf52840_xxaa/fds.c.o
 .text.fs_event_handler
                0x00029d8c        0x8 _build/nrf52840_xxaa/fds.c.o
 .text.fds_register
                0x00029d94       0x30 _build/nrf52840_xxaa/fds.c.o
                0x00029d94                fds_register
 .text.fds_init
                0x00029dc4      0x298 _build/nrf52840_xxaa/fds.c.o
                0x00029dc4                fds_init
 .text.fds_record_open
                0x0002a05c       0x5c _build/nrf52840_xxaa/fds.c.o
                0x0002a05c                fds_record_open
 .text.fds_record_close
                0x0002a0b8       0x54 _build/nrf52840_xxaa/fds.c.o
                0x0002a0b8                fds_record_close
 .text.fds_record_write
                0x0002a10c      0x164 _build/nrf52840_xxaa/fds.c.o
                0x0002a10c                fds_record_write
 .text.fds_record_update
                0x0002a270      0x16c _build/nrf52840_xxaa/fds.c.o
                0x0002a270                fds_record_update
 .text.fds_file_delete
                0x0002a3dc       0x84 _build/nrf52840_xxaa/fds.c.o
                0x0002a3dc                fds_file_delete
 .text.fds_gc   0x0002a460       0x78 _build/nrf52840_xxaa/fds.c.o
                0x0002a460                fds_gc
 .text.fds_record_find
                0x0002a4d8       0xf0 _build/nrf52840_xxaa/fds.c.o
                0x0002a4d8                fds_record_find
 .text.fds_record_find_by_key
                0x0002a5c8       0xe8 _build/nrf52840_xxaa/fds.c.o
                0x0002a5c8                fds_record_find_by_key
 .text.fds_record_find_in_file
                0x0002a6b0       0xe8 _build/nrf52840_xxaa/fds.c.o
                0x0002a6b0                fds_record_find_in_file
 .text.fds_record_id_from_desc
                0x0002a798       0x14 _build/nrf52840_xxaa/fds.c.o
                0x0002a798                fds_record_id_from_desc
 .text.fds_stat
                0x0002a7ac      0x170 _build/nrf52840_xxaa/fds.c.o
                0x0002a7ac                fds_stat
 .text.nrf_atfifo_init
                0x0002a91c       0x30 _build/nrf52840_xxaa/nrf_atfifo.c.o
                0x0002a91c                nrf_atfifo_init
 .text.nrf_atfifo_clear
                0x0002a94c       0x44 _build/nrf52840_xxaa/nrf_atfifo.c.o
                0x0002a94c                nrf_atfifo_clear
 .text.nrf_atfifo_item_alloc
                0x0002a990       0x64 _build/nrf52840_xxaa/nrf_atfifo.c.o
                0x0002a990                nrf_atfifo_item_alloc
 .text.nrf_atfifo_item_put
                0x0002a9f4       0x20 _build/nrf52840_xxaa/nrf_atfifo.c.o
                0x0002a9f4                nrf_atfifo_item_put
 .text.nrf_atfifo_item_get
                0x0002aa14       0x64 _build/nrf52840_xxaa/nrf_atfifo.c.o
                0x0002aa14                nrf_atfifo_item_get
 .text.nrf_atfifo_item_free
                0x0002aa78       0x20 _build/nrf52840_xxaa/nrf_atfifo.c.o
                0x0002aa78                nrf_atfifo_item_free
 .text.nrf_atflags_set
                0x0002aa98       0x18 _build/nrf52840_xxaa/nrf_atflags.c.o
                0x0002aa98                nrf_atflags_set
 .text.nrf_atflags_fetch_set
                0x0002aab0       0x1c _build/nrf52840_xxaa/nrf_atflags.c.o
                0x0002aab0                nrf_atflags_fetch_set
 .text.nrf_atflags_clear
                0x0002aacc       0x18 _build/nrf52840_xxaa/nrf_atflags.c.o
                0x0002aacc                nrf_atflags_clear
 .text.nrf_atflags_get
                0x0002aae4       0x14 _build/nrf52840_xxaa/nrf_atflags.c.o
                0x0002aae4                nrf_atflags_get
 .text.nrf_atflags_find_and_set_flag
                0x0002aaf8       0x84 _build/nrf52840_xxaa/nrf_atflags.c.o
                0x0002aaf8                nrf_atflags_find_and_set_flag
 .text.nrf_atomic_u32_fetch_store
                0x0002ab7c       0x14 _build/nrf52840_xxaa/nrf_atomic.c.o
                0x0002ab7c                nrf_atomic_u32_fetch_store
 .text.nrf_atomic_u32_fetch_or
                0x0002ab90       0x18 _build/nrf52840_xxaa/nrf_atomic.c.o
                0x0002ab90                nrf_atomic_u32_fetch_or
 .text.nrf_atomic_u32_or
                0x0002aba8       0x18 _build/nrf52840_xxaa/nrf_atomic.c.o
                0x0002aba8                nrf_atomic_u32_or
 .text.nrf_atomic_u32_and
                0x0002abc0       0x18 _build/nrf52840_xxaa/nrf_atomic.c.o
                0x0002abc0                nrf_atomic_u32_and
 .text.nrf_atomic_u32_fetch_add
                0x0002abd8       0x18 _build/nrf52840_xxaa/nrf_atomic.c.o
                0x0002abd8                nrf_atomic_u32_fetch_add
 .text.nrf_atomic_u32_add
                0x0002abf0       0x18 _build/nrf52840_xxaa/nrf_atomic.c.o
                0x0002abf0                nrf_atomic_u32_add
 .text.nrf_atomic_u32_sub
                0x0002ac08       0x18 _build/nrf52840_xxaa/nrf_atomic.c.o
                0x0002ac08                nrf_atomic_u32_sub
 .text.nrf_atomic_flag_set_fetch
                0x0002ac20       0x18 _build/nrf52840_xxaa/nrf_atomic.c.o
                0x0002ac20                nrf_atomic_flag_set_fetch
 .text.nrf_atomic_flag_set
                0x0002ac38       0x18 _build/nrf52840_xxaa/nrf_atomic.c.o
                0x0002ac38                nrf_atomic_flag_set
 .text.nrf_atomic_flag_clear_fetch
                0x0002ac50       0x18 _build/nrf52840_xxaa/nrf_atomic.c.o
                0x0002ac50                nrf_atomic_flag_clear_fetch
 .text.nrf_balloc_init
                0x0002ac68       0x3c _build/nrf52840_xxaa/nrf_balloc.c.o
                0x0002ac68                nrf_balloc_init
 .text.nrf_balloc_alloc
                0x0002aca4       0x50 _build/nrf52840_xxaa/nrf_balloc.c.o
                0x0002aca4                nrf_balloc_alloc
 .text.nrf_balloc_free
                0x0002acf4       0x38 _build/nrf52840_xxaa/nrf_balloc.c.o
                0x0002acf4                nrf_balloc_free
 .text.nrf_fprintf_buffer_flush
                0x0002ad2c       0x18 _build/nrf52840_xxaa/nrf_fprintf.c.o
                0x0002ad2c                nrf_fprintf_buffer_flush
 .text.nrf_fprintf
                0x0002ad44       0x20 _build/nrf52840_xxaa/nrf_fprintf.c.o
                0x0002ad44                nrf_fprintf
 .text.unsigned_print
                0x0002ad64      0x160 _build/nrf52840_xxaa/nrf_fprintf_format.c.o
 .text.nrf_fprintf_fmt
                0x0002aec4      0x584 _build/nrf52840_xxaa/nrf_fprintf_format.c.o
                0x0002aec4                nrf_fprintf_fmt
 .text.nrf_fstorage_init
                0x0002b448       0x70 _build/nrf52840_xxaa/nrf_fstorage.c.o
                0x0002b448                nrf_fstorage_init
 .text.nrf_fstorage_write
                0x0002b4b8      0x124 _build/nrf52840_xxaa/nrf_fstorage.c.o
                0x0002b4b8                nrf_fstorage_write
 .text.nrf_fstorage_erase
                0x0002b5dc       0xc8 _build/nrf52840_xxaa/nrf_fstorage.c.o
                0x0002b5dc                nrf_fstorage_erase
 .text.nrf_fstorage_is_busy
                0x0002b6a4       0x48 _build/nrf52840_xxaa/nrf_fstorage.c.o
                0x0002b6a4                nrf_fstorage_is_busy
 .text.sd_flash_write
                0x0002b6ec        0x4 _build/nrf52840_xxaa/nrf_fstorage_sd.c.o
 .text.sd_flash_page_erase
                0x0002b6f0        0x4 _build/nrf52840_xxaa/nrf_fstorage_sd.c.o
 .text.rmap     0x0002b6f4        0x4 _build/nrf52840_xxaa/nrf_fstorage_sd.c.o
 .text.wmap     0x0002b6f8        0x4 _build/nrf52840_xxaa/nrf_fstorage_sd.c.o
 .text.is_busy  0x0002b6fc       0x10 _build/nrf52840_xxaa/nrf_fstorage_sd.c.o
 .text.nrf_fstorage_sdh_req_handler
                0x0002b70c       0x14 _build/nrf52840_xxaa/nrf_fstorage_sd.c.o
                0x0002b70c                nrf_fstorage_sdh_req_handler
 .text.read     0x0002b720       0x10 _build/nrf52840_xxaa/nrf_fstorage_sd.c.o
 .text.uninit   0x0002b730       0x20 _build/nrf52840_xxaa/nrf_fstorage_sd.c.o
 .text.init     0x0002b750       0x3c _build/nrf52840_xxaa/nrf_fstorage_sd.c.o
 .text.queue_process
                0x0002b78c      0x100 _build/nrf52840_xxaa/nrf_fstorage_sd.c.o
 .text.nrf_fstorage_sys_evt_handler
                0x0002b88c       0xf0 _build/nrf52840_xxaa/nrf_fstorage_sd.c.o
                0x0002b88c                nrf_fstorage_sys_evt_handler
 .text.write    0x0002b97c       0x74 _build/nrf52840_xxaa/nrf_fstorage_sd.c.o
 .text.erase    0x0002b9f0       0x70 _build/nrf52840_xxaa/nrf_fstorage_sd.c.o
 .text.nrf_fstorage_sdh_state_handler
                0x0002ba60      0x114 _build/nrf52840_xxaa/nrf_fstorage_sd.c.o
                0x0002ba60                nrf_fstorage_sdh_state_handler
 .text.nrf_memobj_pool_init
                0x0002bb74        0x4 _build/nrf52840_xxaa/nrf_memobj.c.o
                0x0002bb74                nrf_memobj_pool_init
 .text.nrf_memobj_alloc
                0x0002bb78       0x94 _build/nrf52840_xxaa/nrf_memobj.c.o
                0x0002bb78                nrf_memobj_alloc
 .text.nrf_memobj_get
                0x0002bc0c        0x8 _build/nrf52840_xxaa/nrf_memobj.c.o
                0x0002bc0c                nrf_memobj_get
 .text.nrf_memobj_put
                0x0002bc14       0x58 _build/nrf52840_xxaa/nrf_memobj.c.o
                0x0002bc14                nrf_memobj_put
 .text.nrf_memobj_write
                0x0002bc6c       0x68 _build/nrf52840_xxaa/nrf_memobj.c.o
                0x0002bc6c                nrf_memobj_write
 .text.nrf_memobj_read
                0x0002bcd4       0x68 _build/nrf52840_xxaa/nrf_memobj.c.o
                0x0002bcd4                nrf_memobj_read
 .text.sd_power_system_off
                0x0002bd3c        0x4 _build/nrf52840_xxaa/nrf_pwr_mgmt.c.o
 .text.sd_app_evt_wait
                0x0002bd40        0x4 _build/nrf52840_xxaa/nrf_pwr_mgmt.c.o
 .text.nrf_pwr_mgmt_init
                0x0002bd44       0x2c _build/nrf52840_xxaa/nrf_pwr_mgmt.c.o
                0x0002bd44                nrf_pwr_mgmt_init
 .text.nrf_pwr_mgmt_run
                0x0002bd70       0x54 _build/nrf52840_xxaa/nrf_pwr_mgmt.c.o
                0x0002bd70                nrf_pwr_mgmt_run
 .text.nrf_pwr_mgmt_shutdown
                0x0002bdc4       0xbc _build/nrf52840_xxaa/nrf_pwr_mgmt.c.o
                0x0002bdc4                nrf_pwr_mgmt_shutdown
 .text.nrf_ringbuf_init
                0x0002be80       0x1c _build/nrf52840_xxaa/nrf_ringbuf.c.o
                0x0002be80                nrf_ringbuf_init
 .text.nrf_section_iter_init
                0x0002be9c       0x14 _build/nrf52840_xxaa/nrf_section_iter.c.o
                0x0002be9c                nrf_section_iter_init
 .text.nrf_section_iter_next
                0x0002beb0       0x18 _build/nrf52840_xxaa/nrf_section_iter.c.o
                0x0002beb0                nrf_section_iter_next
 .text.nrf_sortlist_add
                0x0002bec8       0x28 _build/nrf52840_xxaa/nrf_sortlist.c.o
                0x0002bec8                nrf_sortlist_add
 .text.nrf_sortlist_pop
                0x0002bef0        0xc _build/nrf52840_xxaa/nrf_sortlist.c.o
                0x0002bef0                nrf_sortlist_pop
 .text.nrf_sortlist_peek
                0x0002befc        0x8 _build/nrf52840_xxaa/nrf_sortlist.c.o
                0x0002befc                nrf_sortlist_peek
 .text.nrf_sortlist_remove
                0x0002bf04       0x1c _build/nrf52840_xxaa/nrf_sortlist.c.o
                0x0002bf04                nrf_sortlist_remove
 .text.nrf_strerror_get
                0x0002bf20       0x4c _build/nrf52840_xxaa/nrf_strerror.c.o
                0x0002bf20                nrf_strerror_get
 .text.SystemInit
                0x0002bf6c      0x25c _build/nrf52840_xxaa/system_nrf52840.c.o
                0x0002bf6c                SystemInit
 .text.bsp_board_led_state_get
                0x0002c1c8       0x28 _build/nrf52840_xxaa/boards.c.o
                0x0002c1c8                bsp_board_led_state_get
 .text.bsp_board_led_on
                0x0002c1f0       0x24 _build/nrf52840_xxaa/boards.c.o
                0x0002c1f0                bsp_board_led_on
 .text.bsp_board_led_off
                0x0002c214       0x24 _build/nrf52840_xxaa/boards.c.o
                0x0002c214                bsp_board_led_off
 .text.bsp_board_leds_off
                0x0002c238       0x2c _build/nrf52840_xxaa/boards.c.o
                0x0002c238                bsp_board_leds_off
 .text.bsp_board_leds_on
                0x0002c264       0x2c _build/nrf52840_xxaa/boards.c.o
                0x0002c264                bsp_board_leds_on
 .text.bsp_board_led_invert
                0x0002c290       0x34 _build/nrf52840_xxaa/boards.c.o
                0x0002c290                bsp_board_led_invert
 .text.bsp_board_button_state_get
                0x0002c2c4       0x28 _build/nrf52840_xxaa/boards.c.o
                0x0002c2c4                bsp_board_button_state_get
 .text.bsp_board_pin_to_button_idx
                0x0002c2ec       0x24 _build/nrf52840_xxaa/boards.c.o
                0x0002c2ec                bsp_board_pin_to_button_idx
 .text.bsp_board_button_idx_to_pin
                0x0002c310        0xc _build/nrf52840_xxaa/boards.c.o
                0x0002c310                bsp_board_button_idx_to_pin
 .text.bsp_board_init
                0x0002c31c       0x60 _build/nrf52840_xxaa/boards.c.o
                0x0002c31c                bsp_board_init
 .text.clock_irq_handler
                0x0002c37c       0x44 _build/nrf52840_xxaa/nrf_drv_clock.c.o
 .text.soc_evt_handler
                0x0002c3c0       0x28 _build/nrf52840_xxaa/nrf_drv_clock.c.o
 .text.sd_state_evt_handler
                0x0002c3e8       0xc8 _build/nrf52840_xxaa/nrf_drv_clock.c.o
 .text.uarte_evt_handler
                0x0002c4b0       0x34 _build/nrf52840_xxaa/nrf_drv_uart.c.o
 .text.uart_evt_handler
                0x0002c4e4       0x34 _build/nrf52840_xxaa/nrf_drv_uart.c.o
 .text.nrf_drv_uart_init
                0x0002c518       0x78 _build/nrf52840_xxaa/nrf_drv_uart.c.o
                0x0002c518                nrf_drv_uart_init
 .text.nrfx_clock_init
                0x0002c590       0x18 _build/nrf52840_xxaa/nrfx_clock.c.o
                0x0002c590                nrfx_clock_init
 .text.nrfx_clock_enable
                0x0002c5a8       0x24 _build/nrf52840_xxaa/nrfx_clock.c.o
                0x0002c5a8                nrfx_clock_enable
 .text.nrfx_clock_lfclk_stop
                0x0002c5cc       0x2c _build/nrf52840_xxaa/nrfx_clock.c.o
                0x0002c5cc                nrfx_clock_lfclk_stop
 .text.POWER_CLOCK_IRQHandler
                0x0002c5f8       0x70 _build/nrf52840_xxaa/nrfx_clock.c.o
                0x0002c5f8                POWER_CLOCK_IRQHandler
 .text.nrfx_gpiote_init
                0x0002c668       0xb4 _build/nrf52840_xxaa/nrfx_gpiote.c.o
                0x0002c668                nrfx_gpiote_init
 .text.nrfx_gpiote_is_init
                0x0002c71c       0x14 _build/nrf52840_xxaa/nrfx_gpiote.c.o
                0x0002c71c                nrfx_gpiote_is_init
 .text.nrfx_gpiote_in_init
                0x0002c730      0x204 _build/nrf52840_xxaa/nrfx_gpiote.c.o
                0x0002c730                nrfx_gpiote_in_init
 .text.nrfx_gpiote_in_event_enable
                0x0002c934       0xe0 _build/nrf52840_xxaa/nrfx_gpiote.c.o
                0x0002c934                nrfx_gpiote_in_event_enable
 .text.nrfx_gpiote_in_is_set
                0x0002ca14       0x20 _build/nrf52840_xxaa/nrfx_gpiote.c.o
                0x0002ca14                nrfx_gpiote_in_is_set
 .text.GPIOTE_IRQHandler
                0x0002ca34      0x510 _build/nrf52840_xxaa/nrfx_gpiote.c.o
                0x0002ca34                GPIOTE_IRQHandler
 .text.UARTE0_UART0_IRQHandler
                0x0002cf44        0xc _build/nrf52840_xxaa/nrfx_prs.c.o
                0x0002cf44                UARTE0_UART0_IRQHandler
 .text.nrfx_prs_acquire
                0x0002cf50       0x4c _build/nrf52840_xxaa/nrfx_prs.c.o
                0x0002cf50                nrfx_prs_acquire
 .text.nrfx_prs_release
                0x0002cf9c       0x18 _build/nrf52840_xxaa/nrfx_prs.c.o
                0x0002cf9c                nrfx_prs_release
 *fill*         0x0002cfb4        0x4 
 .text.nrfx_uart_0_irq_handler
                0x0002cfb8      0x1d0 _build/nrf52840_xxaa/nrfx_uart.c.o
                0x0002cfb8                nrfx_uart_0_irq_handler
 .text.nrfx_uart_init
                0x0002d188      0x1ec _build/nrf52840_xxaa/nrfx_uart.c.o
                0x0002d188                nrfx_uart_init
 .text.nrfx_uart_uninit
                0x0002d374      0x10c _build/nrf52840_xxaa/nrfx_uart.c.o
                0x0002d374                nrfx_uart_uninit
 .text.nrfx_uart_tx
                0x0002d480       0xd8 _build/nrf52840_xxaa/nrfx_uart.c.o
                0x0002d480                nrfx_uart_tx
 .text.nrfx_uarte_0_irq_handler
                0x0002d558      0x178 _build/nrf52840_xxaa/nrfx_uarte.c.o
                0x0002d558                nrfx_uarte_0_irq_handler
 .text.nrfx_uarte_init
                0x0002d6d0      0x21c _build/nrf52840_xxaa/nrfx_uarte.c.o
                0x0002d6d0                nrfx_uarte_init
 .text.nrfx_uarte_uninit
                0x0002d8ec      0x170 _build/nrf52840_xxaa/nrfx_uarte.c.o
                0x0002d8ec                nrfx_uarte_uninit
 .text.nrfx_uarte_tx
                0x0002da5c       0xb0 _build/nrf52840_xxaa/nrfx_uarte.c.o
                0x0002da5c                nrfx_uarte_tx
 .text.alert_timer_handler
                0x0002db0c        0x8 _build/nrf52840_xxaa/bsp.c.o
 .text.bsp_button_event_handler
                0x0002db14       0xa4 _build/nrf52840_xxaa/bsp.c.o
 .text.button_timer_handler
                0x0002dbb8       0x30 _build/nrf52840_xxaa/bsp.c.o
 .text.bsp_led_indication
                0x0002dbe8      0x300 _build/nrf52840_xxaa/bsp.c.o
 .text.leds_timer_handler
                0x0002dee8       0x1c _build/nrf52840_xxaa/bsp.c.o
 .text.bsp_button_is_pressed
                0x0002df04        0xc _build/nrf52840_xxaa/bsp.c.o
                0x0002df04                bsp_button_is_pressed
 .text.bsp_indication_set
                0x0002df10       0x18 _build/nrf52840_xxaa/bsp.c.o
                0x0002df10                bsp_indication_set
 .text.bsp_init
                0x0002df28       0xbc _build/nrf52840_xxaa/bsp.c.o
                0x0002df28                bsp_init
 .text.bsp_event_to_button_action_assign
                0x0002dfe4       0x54 _build/nrf52840_xxaa/bsp.c.o
                0x0002dfe4                bsp_event_to_button_action_assign
 .text.bsp_wakeup_button_enable
                0x0002e038       0x40 _build/nrf52840_xxaa/bsp.c.o
                0x0002e038                bsp_wakeup_button_enable
 .text.ble_evt_handler
                0x0002e078       0xac _build/nrf52840_xxaa/bsp_btn_ble.c.o
 .text.bsp_btn_ble_sleep_mode_prepare
                0x0002e124       0x24 _build/nrf52840_xxaa/bsp_btn_ble.c.o
                0x0002e124                bsp_btn_ble_sleep_mode_prepare
 .text.bsp_btn_ble_init
                0x0002e148       0x6c _build/nrf52840_xxaa/bsp_btn_ble.c.o
                0x0002e148                bsp_btn_ble_init
 .text.sd_ble_gap_conn_param_update
                0x0002e1b4        0x4 _build/nrf52840_xxaa/main.c.o
 .text.sd_ble_gap_disconnect
                0x0002e1b8        0x4 _build/nrf52840_xxaa/main.c.o
 .text.sd_ble_gap_phy_update
                0x0002e1bc        0x4 _build/nrf52840_xxaa/main.c.o
 .text.shutdown_handler
                0x0002e1c0       0x2c _build/nrf52840_xxaa/main.c.o
 .text.whitelist_load
                0x0002e1ec       0x6c _build/nrf52840_xxaa/main.c.o
 .text.pm_evt_handler
                0x0002e258       0x5c _build/nrf52840_xxaa/main.c.o
 .text.soc_evt_handler
                0x0002e2b4       0x50 _build/nrf52840_xxaa/main.c.o
 .text.scan_evt_handler
                0x0002e304       0xfc _build/nrf52840_xxaa/main.c.o
 .text.bsp_event_handler
                0x0002e400       0xb4 _build/nrf52840_xxaa/main.c.o
                0x0002e400                bsp_event_handler
 .text.ble_evt_handler
                0x0002e4b4      0x174 _build/nrf52840_xxaa/main.c.o
 .text.startup.main
                0x0002e628      0x244 _build/nrf52840_xxaa/main.c.o
                0x0002e628                main
 .text.sd_ble_uuid_encode
                0x0002e86c        0x4 _build/nrf52840_xxaa/ble_advdata.c.o
 .text.ble_advdata_name_find
                0x0002e870       0x68 _build/nrf52840_xxaa/ble_advdata.c.o
                0x0002e870                ble_advdata_name_find
 .text.ble_advdata_uuid_find
                0x0002e8d8      0x110 _build/nrf52840_xxaa/ble_advdata.c.o
                0x0002e8d8                ble_advdata_uuid_find
 .text.ble_evt_handler
                0x0002e9e8      0x160 _build/nrf52840_xxaa/ble_conn_state.c.o
 .text.ble_conn_state_valid
                0x0002eb48       0x14 _build/nrf52840_xxaa/ble_conn_state.c.o
                0x0002eb48                ble_conn_state_valid
 .text.ble_conn_state_role
                0x0002eb5c       0x34 _build/nrf52840_xxaa/ble_conn_state.c.o
                0x0002eb5c                ble_conn_state_role
 .text.ble_conn_state_status
                0x0002eb90       0x34 _build/nrf52840_xxaa/ble_conn_state.c.o
                0x0002eb90                ble_conn_state_status
 .text.ble_conn_state_encrypted
                0x0002ebc4       0x30 _build/nrf52840_xxaa/ble_conn_state.c.o
                0x0002ebc4                ble_conn_state_encrypted
 .text.ble_conn_state_mitm_protected
                0x0002ebf4       0x30 _build/nrf52840_xxaa/ble_conn_state.c.o
                0x0002ebf4                ble_conn_state_mitm_protected
 .text.ble_conn_state_lesc
                0x0002ec24       0x30 _build/nrf52840_xxaa/ble_conn_state.c.o
                0x0002ec24                ble_conn_state_lesc
 .text.ble_conn_state_central_conn_count
                0x0002ec54       0x38 _build/nrf52840_xxaa/ble_conn_state.c.o
                0x0002ec54                ble_conn_state_central_conn_count
 .text.ble_conn_state_conn_handles
                0x0002ec8c       0x50 _build/nrf52840_xxaa/ble_conn_state.c.o
                0x0002ec8c                ble_conn_state_conn_handles
 .text.ble_conn_state_user_flag_acquire
                0x0002ecdc       0x14 _build/nrf52840_xxaa/ble_conn_state.c.o
                0x0002ecdc                ble_conn_state_user_flag_acquire
 .text.ble_conn_state_user_flag_get
                0x0002ecf0       0x38 _build/nrf52840_xxaa/ble_conn_state.c.o
                0x0002ecf0                ble_conn_state_user_flag_get
 .text.ble_conn_state_user_flag_set
                0x0002ed28       0x44 _build/nrf52840_xxaa/ble_conn_state.c.o
                0x0002ed28                ble_conn_state_user_flag_set
 .text.ble_conn_state_for_each_set_user_flag
                0x0002ed6c       0x5c _build/nrf52840_xxaa/ble_conn_state.c.o
                0x0002ed6c                ble_conn_state_for_each_set_user_flag
 .text.sd_ble_gattc_char_value_by_uuid_read
                0x0002edc8        0x4 _build/nrf52840_xxaa/gatt_cache_manager.c.o
 .text.sd_ble_gattc_read
                0x0002edcc        0x4 _build/nrf52840_xxaa/gatt_cache_manager.c.o
 .text.sd_ble_gatts_value_get
                0x0002edd0        0x4 _build/nrf52840_xxaa/gatt_cache_manager.c.o
 .text.sd_ble_gatts_initial_user_handle_get
                0x0002edd4        0x4 _build/nrf52840_xxaa/gatt_cache_manager.c.o
 .text.sd_ble_gatts_attr_get
                0x0002edd8        0x4 _build/nrf52840_xxaa/gatt_cache_manager.c.o
 .text.car_update_pending_handle
                0x0002eddc       0x4c _build/nrf52840_xxaa/gatt_cache_manager.c.o
 .text.local_db_apply_in_evt
                0x0002ee28       0xfc _build/nrf52840_xxaa/gatt_cache_manager.c.o
 .text.db_update_pending_handle
                0x0002ef24      0x104 _build/nrf52840_xxaa/gatt_cache_manager.c.o
 .text.sc_send_pending_handle
                0x0002f028      0x1bc _build/nrf52840_xxaa/gatt_cache_manager.c.o
 .text.apply_pending_handle
                0x0002f1e4       0xfc _build/nrf52840_xxaa/gatt_cache_manager.c.o
 .text.gcm_im_evt_handler
                0x0002f2e0       0x88 _build/nrf52840_xxaa/gatt_cache_manager.c.o
                0x0002f2e0                gcm_im_evt_handler
 .text.gcm_pdb_evt_handler
                0x0002f368       0xec _build/nrf52840_xxaa/gatt_cache_manager.c.o
                0x0002f368                gcm_pdb_evt_handler
 .text.gcm_init
                0x0002f454       0xc4 _build/nrf52840_xxaa/gatt_cache_manager.c.o
                0x0002f454                gcm_init
 .text.gcm_ble_evt_handler
                0x0002f518      0x2bc _build/nrf52840_xxaa/gatt_cache_manager.c.o
                0x0002f518                gcm_ble_evt_handler
 .text.gcm_local_database_has_changed
                0x0002f7d4       0x6c _build/nrf52840_xxaa/gatt_cache_manager.c.o
                0x0002f7d4                gcm_local_database_has_changed
 .text.sd_ble_gatts_service_changed
                0x0002f840        0x4 _build/nrf52840_xxaa/gatts_cache_manager.c.o
 .text.sd_ble_gatts_sys_attr_set
                0x0002f844        0x4 _build/nrf52840_xxaa/gatts_cache_manager.c.o
 .text.sd_ble_gatts_sys_attr_get
                0x0002f848        0x4 _build/nrf52840_xxaa/gatts_cache_manager.c.o
 .text.sd_ble_gatts_initial_user_handle_get
                0x0002f84c        0x4 _build/nrf52840_xxaa/gatts_cache_manager.c.o
 .text.service_changed_pending_set
                0x0002f850       0xb0 _build/nrf52840_xxaa/gatts_cache_manager.c.o
 .text.gscm_pdb_evt_handler
                0x0002f900       0x18 _build/nrf52840_xxaa/gatts_cache_manager.c.o
                0x0002f900                gscm_pdb_evt_handler
 .text.gscm_init
                0x0002f918       0x10 _build/nrf52840_xxaa/gatts_cache_manager.c.o
                0x0002f918                gscm_init
 .text.gscm_local_db_cache_update
                0x0002f928      0x13c _build/nrf52840_xxaa/gatts_cache_manager.c.o
                0x0002f928                gscm_local_db_cache_update
 .text.gscm_local_db_cache_apply
                0x0002fa64       0xb4 _build/nrf52840_xxaa/gatts_cache_manager.c.o
                0x0002fa64                gscm_local_db_cache_apply
 .text.gscm_local_database_has_changed
                0x0002fb18       0x1c _build/nrf52840_xxaa/gatts_cache_manager.c.o
                0x0002fb18                gscm_local_database_has_changed
 .text.gscm_service_changed_ind_needed
                0x0002fb34       0x2c _build/nrf52840_xxaa/gatts_cache_manager.c.o
                0x0002fb34                gscm_service_changed_ind_needed
 .text.gscm_service_changed_ind_send
                0x0002fb60       0x5c _build/nrf52840_xxaa/gatts_cache_manager.c.o
                0x0002fb60                gscm_service_changed_ind_send
 .text.gscm_db_change_notification_done
                0x0002fbbc       0x28 _build/nrf52840_xxaa/gatts_cache_manager.c.o
                0x0002fbbc                gscm_db_change_notification_done
 .text.sd_ble_gap_whitelist_set
                0x0002fbe4        0x4 _build/nrf52840_xxaa/id_manager.c.o
 .text.sd_ble_gap_device_identities_set
                0x0002fbe8        0x4 _build/nrf52840_xxaa/id_manager.c.o
 .text.sd_ecb_block_encrypt
                0x0002fbec        0x4 _build/nrf52840_xxaa/id_manager.c.o
 .text.peers_id_keys_get
                0x0002fbf0      0x1fc _build/nrf52840_xxaa/id_manager.c.o
 .text.im_ble_evt_handler
                0x0002fdec      0x214 _build/nrf52840_xxaa/id_manager.c.o
                0x0002fdec                im_ble_evt_handler
 .text.im_is_duplicate_bonding_data
                0x00030000      0x11c _build/nrf52840_xxaa/id_manager.c.o
                0x00030000                im_is_duplicate_bonding_data
 .text.im_find_duplicate_bonding_data
                0x0003011c       0x40 _build/nrf52840_xxaa/id_manager.c.o
                0x0003011c                im_find_duplicate_bonding_data
 .text.im_peer_id_get_by_conn_handle
                0x0003015c       0x2c _build/nrf52840_xxaa/id_manager.c.o
                0x0003015c                im_peer_id_get_by_conn_handle
 .text.im_ble_addr_get
                0x00030188       0x3c _build/nrf52840_xxaa/id_manager.c.o
                0x00030188                im_ble_addr_get
 .text.im_master_ids_compare
                0x000301c4       0x44 _build/nrf52840_xxaa/id_manager.c.o
                0x000301c4                im_master_ids_compare
 .text.im_peer_id_get_by_master_id
                0x00030208       0xe0 _build/nrf52840_xxaa/id_manager.c.o
                0x00030208                im_peer_id_get_by_master_id
 .text.im_conn_handle_get
                0x000302e8       0x4c _build/nrf52840_xxaa/id_manager.c.o
                0x000302e8                im_conn_handle_get
 .text.im_master_id_is_valid
                0x00030334       0x30 _build/nrf52840_xxaa/id_manager.c.o
                0x00030334                im_master_id_is_valid
 .text.im_new_peer_id
                0x00030364       0x14 _build/nrf52840_xxaa/id_manager.c.o
                0x00030364                im_new_peer_id
 .text.im_peer_free
                0x00030378       0x58 _build/nrf52840_xxaa/id_manager.c.o
                0x00030378                im_peer_free
 .text.im_device_identities_list_set
                0x000303d0      0x10c _build/nrf52840_xxaa/id_manager.c.o
                0x000303d0                im_device_identities_list_set
 .text.im_whitelist_get
                0x000304dc       0x44 _build/nrf52840_xxaa/id_manager.c.o
                0x000304dc                im_whitelist_get
 .text.im_whitelist_set
                0x00030520       0x98 _build/nrf52840_xxaa/id_manager.c.o
                0x00030520                im_whitelist_set
 .text.sd_ble_gap_data_length_update
                0x000305b8        0x4 _build/nrf52840_xxaa/nrf_ble_gatt.c.o
 .text.sd_ble_gattc_exchange_mtu_request
                0x000305bc        0x4 _build/nrf52840_xxaa/nrf_ble_gatt.c.o
 .text.sd_ble_gatts_exchange_mtu_reply
                0x000305c0        0x4 _build/nrf52840_xxaa/nrf_ble_gatt.c.o
 .text.data_length_update
                0x000305c4       0xa0 _build/nrf52840_xxaa/nrf_ble_gatt.c.o
 .text.nrf_ble_gatt_init
                0x00030664       0x28 _build/nrf52840_xxaa/nrf_ble_gatt.c.o
                0x00030664                nrf_ble_gatt_init
 .text.nrf_ble_gatt_on_ble_evt
                0x0003068c      0x2f0 _build/nrf52840_xxaa/nrf_ble_gatt.c.o
                0x0003068c                nrf_ble_gatt_on_ble_evt
 .text.sd_ble_gap_scan_start
                0x0003097c        0x4 _build/nrf52840_xxaa/nrf_ble_scan.c.o
 .text.sd_ble_gap_scan_stop
                0x00030980        0x4 _build/nrf52840_xxaa/nrf_ble_scan.c.o
 .text.sd_ble_gap_connect
                0x00030984        0x4 _build/nrf52840_xxaa/nrf_ble_scan.c.o
 .text.nrf_ble_scan_filter_set
                0x00030988      0x190 _build/nrf52840_xxaa/nrf_ble_scan.c.o
                0x00030988                nrf_ble_scan_filter_set
 .text.nrf_ble_scan_filters_enable
                0x00030b18       0x44 _build/nrf52840_xxaa/nrf_ble_scan.c.o
                0x00030b18                nrf_ble_scan_filters_enable
 .text.nrf_ble_scan_stop
                0x00030b5c        0x4 _build/nrf52840_xxaa/nrf_ble_scan.c.o
                0x00030b5c                nrf_ble_scan_stop
 .text.nrf_ble_scan_init
                0x00030b60       0xb0 _build/nrf52840_xxaa/nrf_ble_scan.c.o
                0x00030b60                nrf_ble_scan_init
 .text.nrf_ble_scan_start
                0x00030c10       0x90 _build/nrf52840_xxaa/nrf_ble_scan.c.o
                0x00030c10                nrf_ble_scan_start
 .text.nrf_ble_scan_params_set
                0x00030ca0       0x5c _build/nrf52840_xxaa/nrf_ble_scan.c.o
                0x00030ca0                nrf_ble_scan_params_set
 .text.nrf_ble_scan_on_ble_evt
                0x00030cfc      0x390 _build/nrf52840_xxaa/nrf_ble_scan.c.o
                0x00030cfc                nrf_ble_scan_on_ble_evt
 .text.peer_data_delete_process
                0x0003108c       0xd0 _build/nrf52840_xxaa/peer_data_storage.c.o
 .text.fds_evt_handler
                0x0003115c      0x100 _build/nrf52840_xxaa/peer_data_storage.c.o
 .text.pds_init
                0x0003125c       0xac _build/nrf52840_xxaa/peer_data_storage.c.o
                0x0003125c                pds_init
 .text.pds_peer_data_read
                0x00031308       0x90 _build/nrf52840_xxaa/peer_data_storage.c.o
                0x00031308                pds_peer_data_read
 .text.pds_peer_data_iterate_prepare
                0x00031398       0x10 _build/nrf52840_xxaa/peer_data_storage.c.o
                0x00031398                pds_peer_data_iterate_prepare
 .text.pds_peer_data_iterate
                0x000313a8       0x58 _build/nrf52840_xxaa/peer_data_storage.c.o
                0x000313a8                pds_peer_data_iterate
 .text.pds_peer_data_store
                0x00031400       0xe4 _build/nrf52840_xxaa/peer_data_storage.c.o
                0x00031400                pds_peer_data_store
 .text.pds_peer_id_allocate
                0x000314e4        0x8 _build/nrf52840_xxaa/peer_data_storage.c.o
                0x000314e4                pds_peer_id_allocate
 .text.pds_peer_id_free
                0x000314ec       0x18 _build/nrf52840_xxaa/peer_data_storage.c.o
                0x000314ec                pds_peer_id_free
 .text.pds_peer_id_is_allocated
                0x00031504        0x4 _build/nrf52840_xxaa/peer_data_storage.c.o
                0x00031504                pds_peer_id_is_allocated
 .text.pds_peer_id_is_deleted
                0x00031508        0x4 _build/nrf52840_xxaa/peer_data_storage.c.o
                0x00031508                pds_peer_id_is_deleted
 .text.pds_next_peer_id_get
                0x0003150c        0x4 _build/nrf52840_xxaa/peer_data_storage.c.o
                0x0003150c                pds_next_peer_id_get
 .text.pds_next_deleted_peer_id_get
                0x00031510        0x4 _build/nrf52840_xxaa/peer_data_storage.c.o
                0x00031510                pds_next_deleted_peer_id_get
 .text.write_buf_store
                0x00031514      0x11c _build/nrf52840_xxaa/peer_database.c.o
                0x00031514                write_buf_store
 .text.pdb_pds_evt_handler
                0x00031630      0x1f8 _build/nrf52840_xxaa/peer_database.c.o
                0x00031630                pdb_pds_evt_handler
 .text.pdb_init
                0x00031828       0xc4 _build/nrf52840_xxaa/peer_database.c.o
                0x00031828                pdb_init
 .text.pdb_peer_free
                0x000318ec      0x1a4 _build/nrf52840_xxaa/peer_database.c.o
                0x000318ec                pdb_peer_free
 .text.pdb_peer_data_ptr_get
                0x00031a90        0x8 _build/nrf52840_xxaa/peer_database.c.o
                0x00031a90                pdb_peer_data_ptr_get
 .text.pdb_write_buf_get
                0x00031a98      0x200 _build/nrf52840_xxaa/peer_database.c.o
                0x00031a98                pdb_write_buf_get
 .text.pdb_write_buf_release
                0x00031c98       0xc0 _build/nrf52840_xxaa/peer_database.c.o
                0x00031c98                pdb_write_buf_release
 .text.pdb_write_buf_store
                0x00031d58       0xb0 _build/nrf52840_xxaa/peer_database.c.o
                0x00031d58                pdb_write_buf_store
 .text.peer_id_init
                0x00031e08       0x10 _build/nrf52840_xxaa/peer_id.c.o
                0x00031e08                peer_id_init
 .text.peer_id_allocate
                0x00031e18       0x40 _build/nrf52840_xxaa/peer_id.c.o
                0x00031e18                peer_id_allocate
 .text.peer_id_delete
                0x00031e58       0x28 _build/nrf52840_xxaa/peer_id.c.o
                0x00031e58                peer_id_delete
 .text.peer_id_free
                0x00031e80       0x28 _build/nrf52840_xxaa/peer_id.c.o
                0x00031e80                peer_id_free
 .text.peer_id_is_allocated
                0x00031ea8       0x14 _build/nrf52840_xxaa/peer_id.c.o
                0x00031ea8                peer_id_is_allocated
 .text.peer_id_is_deleted
                0x00031ebc       0x14 _build/nrf52840_xxaa/peer_id.c.o
                0x00031ebc                peer_id_is_deleted
 .text.peer_id_get_next_used
                0x00031ed0       0x6c _build/nrf52840_xxaa/peer_id.c.o
                0x00031ed0                peer_id_get_next_used
 .text.peer_id_get_next_deleted
                0x00031f3c       0x40 _build/nrf52840_xxaa/peer_id.c.o
                0x00031f3c                peer_id_get_next_deleted
 .text.pm_peer_ranks_get.part.0
                0x00031f7c       0xf0 _build/nrf52840_xxaa/peer_manager.c.o
 .text.ble_evt_handler
                0x0003206c       0xdc _build/nrf52840_xxaa/peer_manager.c.o
 .text.pm_pdb_evt_handler
                0x00032148      0x29c _build/nrf52840_xxaa/peer_manager.c.o
                0x00032148                pm_pdb_evt_handler
 .text.pm_sm_evt_handler
                0x000323e4       0x2c _build/nrf52840_xxaa/peer_manager.c.o
                0x000323e4                pm_sm_evt_handler
 .text.pm_gcm_evt_handler
                0x00032410       0x28 _build/nrf52840_xxaa/peer_manager.c.o
                0x00032410                pm_gcm_evt_handler
 .text.pm_gscm_evt_handler
                0x00032438       0x28 _build/nrf52840_xxaa/peer_manager.c.o
                0x00032438                pm_gscm_evt_handler
 .text.pm_im_evt_handler
                0x00032460       0x28 _build/nrf52840_xxaa/peer_manager.c.o
                0x00032460                pm_im_evt_handler
 .text.pm_init  0x00032488      0x154 _build/nrf52840_xxaa/peer_manager.c.o
                0x00032488                pm_init
 .text.pm_register
                0x000325dc       0x38 _build/nrf52840_xxaa/peer_manager.c.o
                0x000325dc                pm_register
 .text.pm_sec_params_set
                0x00032614       0x14 _build/nrf52840_xxaa/peer_manager.c.o
                0x00032614                pm_sec_params_set
 .text.pm_conn_secure
                0x00032628       0x1c _build/nrf52840_xxaa/peer_manager.c.o
                0x00032628                pm_conn_secure
 .text.pm_local_database_has_changed
                0x00032644       0x10 _build/nrf52840_xxaa/peer_manager.c.o
                0x00032644                pm_local_database_has_changed
 .text.pm_whitelist_set
                0x00032654       0x14 _build/nrf52840_xxaa/peer_manager.c.o
                0x00032654                pm_whitelist_set
 .text.pm_whitelist_get
                0x00032668       0x30 _build/nrf52840_xxaa/peer_manager.c.o
                0x00032668                pm_whitelist_get
 .text.pm_device_identities_list_set
                0x00032698       0x14 _build/nrf52840_xxaa/peer_manager.c.o
                0x00032698                pm_device_identities_list_set
 .text.pm_conn_sec_status_get
                0x000326ac       0x14 _build/nrf52840_xxaa/peer_manager.c.o
                0x000326ac                pm_conn_sec_status_get
 .text.pm_next_peer_id_get
                0x000326c0       0x2c _build/nrf52840_xxaa/peer_manager.c.o
                0x000326c0                pm_next_peer_id_get
 .text.pm_peer_delete
                0x000326ec       0x14 _build/nrf52840_xxaa/peer_manager.c.o
                0x000326ec                pm_peer_delete
 .text.pm_peers_delete
                0x00032700       0xd0 _build/nrf52840_xxaa/peer_manager.c.o
                0x00032700                pm_peers_delete
 .text.pm_peer_ranks_get
                0x000327d0       0x1c _build/nrf52840_xxaa/peer_manager.c.o
                0x000327d0                pm_peer_ranks_get
 .text.pm_peer_rank_highest
                0x000327ec      0x164 _build/nrf52840_xxaa/peer_manager.c.o
                0x000327ec                pm_peer_rank_highest
 .text.sd_ble_gap_disconnect
                0x00032950        0x4 _build/nrf52840_xxaa/peer_manager_handler.c.o
 .text.pm_handler_flash_clean
                0x00032954      0x2e0 _build/nrf52840_xxaa/peer_manager_handler.c.o
                0x00032954                pm_handler_flash_clean
 .text.pm_handler_pm_evt_log
                0x00032c34      0x2f0 _build/nrf52840_xxaa/peer_manager_handler.c.o
                0x00032c34                pm_handler_pm_evt_log
 .text.pm_handler_on_pm_evt
                0x00032f24      0x138 _build/nrf52840_xxaa/peer_manager_handler.c.o
                0x00032f24                pm_handler_on_pm_evt
 .text.pm_handler_disconnect_on_sec_failure
                0x0003305c       0x50 _build/nrf52840_xxaa/peer_manager_handler.c.o
                0x0003305c                pm_handler_disconnect_on_sec_failure
 .text.pm_handler_secure_on_connection
                0x000330ac       0xfc _build/nrf52840_xxaa/peer_manager_handler.c.o
                0x000330ac                pm_handler_secure_on_connection
 .text.pm_buffer_init
                0x000331a8       0x2c _build/nrf52840_xxaa/pm_buffer.c.o
                0x000331a8                pm_buffer_init
 .text.pm_buffer_block_acquire
                0x000331d4       0xb0 _build/nrf52840_xxaa/pm_buffer.c.o
                0x000331d4                pm_buffer_block_acquire
 .text.pm_buffer_ptr_get
                0x00033284       0x30 _build/nrf52840_xxaa/pm_buffer.c.o
                0x00033284                pm_buffer_ptr_get
 .text.pm_buffer_release
                0x000332b4       0x34 _build/nrf52840_xxaa/pm_buffer.c.o
                0x000332b4                pm_buffer_release
 .text.sd_ble_gap_authenticate
                0x000332e8        0x4 _build/nrf52840_xxaa/security_dispatcher.c.o
 .text.sd_ble_gap_sec_params_reply
                0x000332ec        0x4 _build/nrf52840_xxaa/security_dispatcher.c.o
 .text.sd_ble_gap_encrypt
                0x000332f0        0x4 _build/nrf52840_xxaa/security_dispatcher.c.o
 .text.sd_ble_gap_sec_info_reply
                0x000332f4        0x4 _build/nrf52840_xxaa/security_dispatcher.c.o
 .text.pairing_failure
                0x000332f8       0xd8 _build/nrf52840_xxaa/security_dispatcher.c.o
 .text.smd_init
                0x000333d0       0x90 _build/nrf52840_xxaa/security_dispatcher.c.o
                0x000333d0                smd_init
 .text.smd_params_reply
                0x00033460      0x184 _build/nrf52840_xxaa/security_dispatcher.c.o
                0x00033460                smd_params_reply
 .text.smd_link_secure
                0x000335e4      0x1cc _build/nrf52840_xxaa/security_dispatcher.c.o
                0x000335e4                smd_link_secure
 .text.smd_ble_evt_handler
                0x000337b0      0x730 _build/nrf52840_xxaa/security_dispatcher.c.o
                0x000337b0                smd_ble_evt_handler
 .text.events_send_from_err_code
                0x00033ee0       0xf0 _build/nrf52840_xxaa/security_manager.c.o
 .text.smd_params_reply_perform
                0x00033fd0       0xa8 _build/nrf52840_xxaa/security_manager.c.o
 .text.params_reply_pending_handle
                0x00034078        0x8 _build/nrf52840_xxaa/security_manager.c.o
 .text.link_secure
                0x00034080      0x148 _build/nrf52840_xxaa/security_manager.c.o
 .text.link_secure_pending_handle
                0x000341c8       0x38 _build/nrf52840_xxaa/security_manager.c.o
 .text.sm_conn_sec_status_get
                0x00034200       0xa8 _build/nrf52840_xxaa/security_manager.c.o
                0x00034200                sm_conn_sec_status_get
 .text.sm_smd_evt_handler
                0x000342a8       0x90 _build/nrf52840_xxaa/security_manager.c.o
                0x000342a8                sm_smd_evt_handler
 .text.sm_pdb_evt_handler
                0x00034338       0x40 _build/nrf52840_xxaa/security_manager.c.o
                0x00034338                sm_pdb_evt_handler
 .text.sm_init  0x00034378       0x90 _build/nrf52840_xxaa/security_manager.c.o
                0x00034378                sm_init
 .text.sm_ble_evt_handler
                0x00034408       0x34 _build/nrf52840_xxaa/security_manager.c.o
                0x00034408                sm_ble_evt_handler
 .text.sm_sec_params_set
                0x0003443c       0x8c _build/nrf52840_xxaa/security_manager.c.o
                0x0003443c                sm_sec_params_set
 .text.sm_link_secure
                0x000344c8      0x124 _build/nrf52840_xxaa/security_manager.c.o
                0x000344c8                sm_link_secure
 .text.sd_softdevice_enable
                0x000345ec        0x4 _build/nrf52840_xxaa/nrf_sdh.c.o
 .text.sd_softdevice_disable
                0x000345f0        0x4 _build/nrf52840_xxaa/nrf_sdh.c.o
 .text.nrf_sdh_enable_request
                0x000345f4      0x11c _build/nrf52840_xxaa/nrf_sdh.c.o
                0x000345f4                nrf_sdh_enable_request
 .text.nrf_sdh_disable_request
                0x00034710       0xec _build/nrf52840_xxaa/nrf_sdh.c.o
                0x00034710                nrf_sdh_disable_request
 .text.nrf_sdh_request_continue
                0x000347fc       0x20 _build/nrf52840_xxaa/nrf_sdh.c.o
                0x000347fc                nrf_sdh_request_continue
 .text.nrf_sdh_is_enabled
                0x0003481c        0xc _build/nrf52840_xxaa/nrf_sdh.c.o
                0x0003481c                nrf_sdh_is_enabled
 .text.SWI2_EGU2_IRQHandler
                0x00034828       0x2c _build/nrf52840_xxaa/nrf_sdh.c.o
                0x00034828                SWI2_EGU2_IRQHandler
 .text.sd_ble_enable
                0x00034854        0x4 _build/nrf52840_xxaa/nrf_sdh_ble.c.o
 .text.sd_ble_cfg_set
                0x00034858        0x4 _build/nrf52840_xxaa/nrf_sdh_ble.c.o
 .text.sd_ble_evt_get
                0x0003485c        0x4 _build/nrf52840_xxaa/nrf_sdh_ble.c.o
 .text.nrf_sdh_ble_evts_poll
                0x00034860       0x60 _build/nrf52840_xxaa/nrf_sdh_ble.c.o
 .text.nrf_sdh_ble_default_cfg_set
                0x000348c0      0x17c _build/nrf52840_xxaa/nrf_sdh_ble.c.o
                0x000348c0                nrf_sdh_ble_default_cfg_set
 .text.nrf_sdh_ble_enable
                0x00034a3c       0xa0 _build/nrf52840_xxaa/nrf_sdh_ble.c.o
                0x00034a3c                nrf_sdh_ble_enable
 .text.sd_evt_get
                0x00034adc        0x4 _build/nrf52840_xxaa/nrf_sdh_soc.c.o
 .text.nrf_sdh_soc_evts_poll
                0x00034ae0       0x50 _build/nrf52840_xxaa/nrf_sdh_soc.c.o
 .text.exit     0x00034b30       0x28 c:/program files (x86)/gnu arm embedded toolchain/10 2021.07/bin/../lib/gcc/arm-none-eabi/10.3.1/../../../../arm-none-eabi/lib/thumb/v7e-m+fp/hard\libc_nano.a(lib_a-exit.o)
                0x00034b30                exit
 .text.__libc_init_array
                0x00034b58       0x48 c:/program files (x86)/gnu arm embedded toolchain/10 2021.07/bin/../lib/gcc/arm-none-eabi/10.3.1/../../../../arm-none-eabi/lib/thumb/v7e-m+fp/hard\libc_nano.a(lib_a-init.o)
                0x00034b58                __libc_init_array
 .text.memcmp   0x00034ba0       0x20 c:/program files (x86)/gnu arm embedded toolchain/10 2021.07/bin/../lib/gcc/arm-none-eabi/10.3.1/../../../../arm-none-eabi/lib/thumb/v7e-m+fp/hard\libc_nano.a(lib_a-memcmp.o)
                0x00034ba0                memcmp
 .text.memcpy   0x00034bc0       0x1c c:/program files (x86)/gnu arm embedded toolchain/10 2021.07/bin/../lib/gcc/arm-none-eabi/10.3.1/../../../../arm-none-eabi/lib/thumb/v7e-m+fp/hard\libc_nano.a(lib_a-memcpy-stub.o)
                0x00034bc0                memcpy
 .text.memset   0x00034bdc       0x10 c:/program files (x86)/gnu arm embedded toolchain/10 2021.07/bin/../lib/gcc/arm-none-eabi/10.3.1/../../../../arm-none-eabi/lib/thumb/v7e-m+fp/hard\libc_nano.a(lib_a-memset.o)
                0x00034bdc                memset
 .text.snprintf
                0x00034bec       0x68 c:/program files (x86)/gnu arm embedded toolchain/10 2021.07/bin/../lib/gcc/arm-none-eabi/10.3.1/../../../../arm-none-eabi/lib/thumb/v7e-m+fp/hard\libc_nano.a(lib_a-snprintf.o)
                0x00034bec                sniprintf
                0x00034bec                snprintf
 .text          0x00034c54       0x14 c:/program files (x86)/gnu arm embedded toolchain/10 2021.07/bin/../lib/gcc/arm-none-eabi/10.3.1/../../../../arm-none-eabi/lib/thumb/v7e-m+fp/hard\libc_nano.a(lib_a-strcmp.o)
                0x00034c54                strcmp
 .text          0x00034c68       0x10 c:/program files (x86)/gnu arm embedded toolchain/10 2021.07/bin/../lib/gcc/arm-none-eabi/10.3.1/../../../../arm-none-eabi/lib/thumb/v7e-m+fp/hard\libc_nano.a(lib_a-strlen.o)
                0x00034c68                strlen
 .text.__ssputs_r
                0x00034c78       0xb6 c:/program files (x86)/gnu arm embedded toolchain/10 2021.07/bin/../lib/gcc/arm-none-eabi/10.3.1/../../../../arm-none-eabi/lib/thumb/v7e-m+fp/hard\libc_nano.a(lib_a-nano-svfprintf.o)
                0x00034c78                __ssputs_r
 *fill*         0x00034d2e        0x2 
 .text._svfprintf_r
                0x00034d30      0x200 c:/program files (x86)/gnu arm embedded toolchain/10 2021.07/bin/../lib/gcc/arm-none-eabi/10.3.1/../../../../arm-none-eabi/lib/thumb/v7e-m+fp/hard\libc_nano.a(lib_a-nano-svfprintf.o)
                0x00034d30                _svfiprintf_r
                0x00034d30                _svfprintf_r
 .text._printf_common
                0x00034f30       0xda c:/program files (x86)/gnu arm embedded toolchain/10 2021.07/bin/../lib/gcc/arm-none-eabi/10.3.1/../../../../arm-none-eabi/lib/thumb/v7e-m+fp/hard\libc_nano.a(lib_a-nano-vfprintf_i.o)
                0x00034f30                _printf_common
 *fill*         0x0003500a        0x2 
 .text._printf_i
                0x0003500c      0x24c c:/program files (x86)/gnu arm embedded toolchain/10 2021.07/bin/../lib/gcc/arm-none-eabi/10.3.1/../../../../arm-none-eabi/lib/thumb/v7e-m+fp/hard\libc_nano.a(lib_a-nano-vfprintf_i.o)
                0x0003500c                _printf_i
 *fill*         0x00035258        0x8 
 .text          0x00035260       0xa0 c:/program files (x86)/gnu arm embedded toolchain/10 2021.07/bin/../lib/gcc/arm-none-eabi/10.3.1/../../../../arm-none-eabi/lib/thumb/v7e-m+fp/hard\libc_nano.a(lib_a-memchr.o)
                0x00035260                memchr
 .text.memmove  0x00035300       0x34 c:/program files (x86)/gnu arm embedded toolchain/10 2021.07/bin/../lib/gcc/arm-none-eabi/10.3.1/../../../../arm-none-eabi/lib/thumb/v7e-m+fp/hard\libc_nano.a(lib_a-memmove.o)
                0x00035300                memmove
 .text._free_r  0x00035334       0x98 c:/program files (x86)/gnu arm embedded toolchain/10 2021.07/bin/../lib/gcc/arm-none-eabi/10.3.1/../../../../arm-none-eabi/lib/thumb/v7e-m+fp/hard\libc_nano.a(lib_a-nano-freer.o)
                0x00035334                _free_r
 .text.sbrk_aligned
                0x000353cc       0x40 c:/program files (x86)/gnu arm embedded toolchain/10 2021.07/bin/../lib/gcc/arm-none-eabi/10.3.1/../../../../arm-none-eabi/lib/thumb/v7e-m+fp/hard\libc_nano.a(lib_a-nano-mallocr.o)
 .text._malloc_r
                0x0003540c       0xe8 c:/program files (x86)/gnu arm embedded toolchain/10 2021.07/bin/../lib/gcc/arm-none-eabi/10.3.1/../../../../arm-none-eabi/lib/thumb/v7e-m+fp/hard\libc_nano.a(lib_a-nano-mallocr.o)
                0x0003540c                _malloc_r
 .text._realloc_r
                0x000354f4       0x5e c:/program files (x86)/gnu arm embedded toolchain/10 2021.07/bin/../lib/gcc/arm-none-eabi/10.3.1/../../../../arm-none-eabi/lib/thumb/v7e-m+fp/hard\libc_nano.a(lib_a-nano-reallocr.o)
                0x000354f4                _realloc_r
 *fill*         0x00035552        0x2 
 .text._sbrk_r  0x00035554       0x20 c:/program files (x86)/gnu arm embedded toolchain/10 2021.07/bin/../lib/gcc/arm-none-eabi/10.3.1/../../../../arm-none-eabi/lib/thumb/v7e-m+fp/hard\libc_nano.a(lib_a-sbrkr.o)
                0x00035554                _sbrk_r
 .text.__malloc_lock
                0x00035574        0xc c:/program files (x86)/gnu arm embedded toolchain/10 2021.07/bin/../lib/gcc/arm-none-eabi/10.3.1/../../../../arm-none-eabi/lib/thumb/v7e-m+fp/hard\libc_nano.a(lib_a-mlock.o)
                0x00035574                __malloc_lock
 .text.__malloc_unlock
                0x00035580        0xc c:/program files (x86)/gnu arm embedded toolchain/10 2021.07/bin/../lib/gcc/arm-none-eabi/10.3.1/../../../../arm-none-eabi/lib/thumb/v7e-m+fp/hard\libc_nano.a(lib_a-mlock.o)
                0x00035580                __malloc_unlock
 .text._malloc_usable_size_r
                0x0003558c       0x10 c:/program files (x86)/gnu arm embedded toolchain/10 2021.07/bin/../lib/gcc/arm-none-eabi/10.3.1/../../../../arm-none-eabi/lib/thumb/v7e-m+fp/hard\libc_nano.a(lib_a-nano-msizer.o)
                0x0003558c                _malloc_usable_size_r
 .text.__retarget_lock_acquire_recursive
                0x0003559c        0x2 c:/program files (x86)/gnu arm embedded toolchain/10 2021.07/bin/../lib/gcc/arm-none-eabi/10.3.1/../../../../arm-none-eabi/lib/thumb/v7e-m+fp/hard\libc_nano.a(lib_a-lock.o)
                0x0003559c                __retarget_lock_acquire_recursive
 .text.__retarget_lock_release_recursive
                0x0003559e        0x2 c:/program files (x86)/gnu arm embedded toolchain/10 2021.07/bin/../lib/gcc/arm-none-eabi/10.3.1/../../../../arm-none-eabi/lib/thumb/v7e-m+fp/hard\libc_nano.a(lib_a-lock.o)
                0x0003559e                __retarget_lock_release_recursive
 .text._sbrk    0x000355a0       0x1c c:/program files (x86)/gnu arm embedded toolchain/10 2021.07/bin/../lib/gcc/arm-none-eabi/10.3.1/../../../../arm-none-eabi/lib/thumb/v7e-m+fp/hard\libnosys.a(sbrk.o)
                0x000355a0                _sbrk
 .text._exit    0x000355bc        0x4 c:/program files (x86)/gnu arm embedded toolchain/10 2021.07/bin/../lib/gcc/arm-none-eabi/10.3.1/../../../../arm-none-eabi/lib/thumb/v7e-m+fp/hard\libnosys.a(_exit.o)
                0x000355bc                _exit
 .text          0x000355c0       0x30 c:/program files (x86)/gnu arm embedded toolchain/10 2021.07/bin/../lib/gcc/arm-none-eabi/10.3.1/thumb/v7e-m+fp/hard\libgcc.a(_aeabi_uldivmod.o)
                0x000355c0                __aeabi_uldivmod
 .text          0x000355f0      0x2d0 c:/program files (x86)/gnu arm embedded toolchain/10 2021.07/bin/../lib/gcc/arm-none-eabi/10.3.1/thumb/v7e-m+fp/hard\libgcc.a(_udivmoddi4.o)
                0x000355f0                __udivmoddi4
 .text          0x000358c0        0x4 c:/program files (x86)/gnu arm embedded toolchain/10 2021.07/bin/../lib/gcc/arm-none-eabi/10.3.1/thumb/v7e-m+fp/hard\libgcc.a(_dvmd_tls.o)
                0x000358c0                __aeabi_idiv0
                0x000358c0                __aeabi_ldiv0
 *(.init)
 .init          0x000358c4        0x4 c:/program files (x86)/gnu arm embedded toolchain/10 2021.07/bin/../lib/gcc/arm-none-eabi/10.3.1/thumb/v7e-m+fp/hard/crti.o
                0x000358c4                _init
 .init          0x000358c8        0x8 c:/program files (x86)/gnu arm embedded toolchain/10 2021.07/bin/../lib/gcc/arm-none-eabi/10.3.1/thumb/v7e-m+fp/hard/crtn.o
 *(.fini)
 .fini          0x000358d0        0x4 c:/program files (x86)/gnu arm embedded toolchain/10 2021.07/bin/../lib/gcc/arm-none-eabi/10.3.1/thumb/v7e-m+fp/hard/crti.o
                0x000358d0                _fini
 .fini          0x000358d4        0x8 c:/program files (x86)/gnu arm embedded toolchain/10 2021.07/bin/../lib/gcc/arm-none-eabi/10.3.1/thumb/v7e-m+fp/hard/crtn.o
 *crtbegin.o(.ctors)
 *crtbegin?.o(.ctors)
 *(EXCLUDE_FILE(*crtend.o *crtend?.o) .ctors)
 *(SORT_BY_NAME(.ctors.*))
 *(.ctors)
 *crtbegin.o(.dtors)
 *crtbegin?.o(.dtors)
 *(EXCLUDE_FILE(*crtend.o *crtend?.o) .dtors)
 *(SORT_BY_NAME(.dtors.*))
 *(.dtors)
 *(.rodata*)
 .rodata        0x000358dc       0x20 _build/nrf52840_xxaa/nrf_log_backend_uart.c.o
 .rodata.nrf_log_backend_uart_api
                0x000358fc        0xc _build/nrf52840_xxaa/nrf_log_backend_uart.c.o
                0x000358fc                nrf_log_backend_uart_api
 .rodata.str1.4
                0x00035908       0x11 _build/nrf52840_xxaa/nrf_log_default_backends.c.o
 *fill*         0x00035919        0x3 
 .rodata.nrf_log_frontend_dequeue.str1.4
                0x0003591c       0x11 _build/nrf52840_xxaa/nrf_log_frontend.c.o
 *fill*         0x0003592d        0x3 
 .rodata.str1.4
                0x00035930        0x4 _build/nrf52840_xxaa/nrf_log_frontend.c.o
 .rodata.m_log_push_ringbuf
                0x00035934        0xc _build/nrf52840_xxaa/nrf_log_frontend.c.o
 .rodata.prefix_process.str1.4
                0x00035940       0x32 _build/nrf52840_xxaa/nrf_log_str_formatter.c.o
                                 0x36 (size before relaxing)
 *fill*         0x00035972        0x2 
 .rodata.nrf_log_std_entry_process.str1.4
                0x00035974        0x3 _build/nrf52840_xxaa/nrf_log_str_formatter.c.o
 *fill*         0x00035977        0x1 
 .rodata.nrf_log_hexdump_entry_process.str1.4
                0x00035978       0x13 _build/nrf52840_xxaa/nrf_log_str_formatter.c.o
                                 0x16 (size before relaxing)
 *fill*         0x0003598b        0x1 
 .rodata.str1.4
                0x0003598c       0x56 _build/nrf52840_xxaa/nrf_log_str_formatter.c.o
 *fill*         0x000359e2        0x2 
 .rodata.m_colors
                0x000359e4       0x24 _build/nrf52840_xxaa/nrf_log_str_formatter.c.o
 .rodata.severity_names
                0x00035a08       0x14 _build/nrf52840_xxaa/nrf_log_str_formatter.c.o
 .rodata.str1.4
                0x00035a1c        0xb _build/nrf52840_xxaa/app_button.c.o
 *fill*         0x00035a27        0x1 
 .rodata.m_detection_delay_timer_id
                0x00035a28        0x4 _build/nrf52840_xxaa/app_button.c.o
 .rodata.app_error_fault_handler.str1.4
                0x00035a2c       0x19 _build/nrf52840_xxaa/app_error_weak.c.o
 *fill*         0x00035a45        0x3 
 .rodata.str1.4
                0x00035a48        0xa _build/nrf52840_xxaa/app_timer2.c.o
 *fill*         0x00035a52        0x2 
 .rodata        0x00035a54        0x4 _build/nrf52840_xxaa/app_timer2.c.o
 .rodata.m_app_timer_sortlist
                0x00035a58        0xc _build/nrf52840_xxaa/app_timer2.c.o
 .rodata.drv_rtc_init.str1.4
                0x00035a64       0x36 _build/nrf52840_xxaa/drv_rtc.c.o
 *fill*         0x00035a9a        0x6 
 .rodata.delay_machine_code.0
                0x00035aa0        0x6 _build/nrf52840_xxaa/drv_rtc.c.o
 *fill*         0x00035aa6        0x2 
 .rodata.dirty_header.1
                0x00035aa8        0x4 _build/nrf52840_xxaa/fds.c.o
 .rodata.page_tag_data.4
                0x00035aac        0x8 _build/nrf52840_xxaa/fds.c.o
 .rodata.page_tag_swap.5
                0x00035ab4        0x8 _build/nrf52840_xxaa/fds.c.o
 .rodata._aV2C.0
                0x00035abc       0x10 _build/nrf52840_xxaa/nrf_fprintf_format.c.o
 .rodata.nrf_fstorage_init.str1.4
                0x00035acc       0x3a _build/nrf52840_xxaa/nrf_fstorage.c.o
 *fill*         0x00035b06        0x2 
 .rodata.nrf_fstorage_uninit.str1.4
                0x00035b08        0xc _build/nrf52840_xxaa/nrf_fstorage.c.o
 .rodata.nrf_fstorage_read.str1.4
                0x00035b14       0x4a _build/nrf52840_xxaa/nrf_fstorage.c.o
 *fill*         0x00035b5e        0x2 
 .rodata.nrf_fstorage_write.str1.4
                0x00035b60       0x97 _build/nrf52840_xxaa/nrf_fstorage.c.o
 *fill*         0x00035bf7        0x1 
 .rodata.nrf_fstorage_erase.str1.4
                0x00035bf8       0x77 _build/nrf52840_xxaa/nrf_fstorage.c.o
 *fill*         0x00035c6f        0x1 
 .rodata.str1.4
                0x00035c70        0xd _build/nrf52840_xxaa/nrf_fstorage.c.o
 *fill*         0x00035c7d        0x3 
 .rodata.__func__.0
                0x00035c80       0x13 _build/nrf52840_xxaa/nrf_fstorage.c.o
 *fill*         0x00035c93        0x1 
 .rodata.__func__.1
                0x00035c94       0x13 _build/nrf52840_xxaa/nrf_fstorage.c.o
 *fill*         0x00035ca7        0x1 
 .rodata.__func__.4
                0x00035ca8       0x12 _build/nrf52840_xxaa/nrf_fstorage.c.o
 *fill*         0x00035cba        0x2 
 .rodata.m_flash_info
                0x00035cbc        0xc _build/nrf52840_xxaa/nrf_fstorage_sd.c.o
 .rodata.nrf_fstorage_sd
                0x00035cc8       0x20 _build/nrf52840_xxaa/nrf_fstorage_sd.c.o
                0x00035cc8                nrf_fstorage_sd
 .rodata.str1.4
                0x00035ce8        0x9 _build/nrf52840_xxaa/nrf_pwr_mgmt.c.o
 *fill*         0x00035cf1        0x3 
 .rodata.pwr_mgmt_data
                0x00035cf4        0xc _build/nrf52840_xxaa/nrf_pwr_mgmt.c.o
 .rodata.str1.4
                0x00035d00        0x9 _build/nrf52840_xxaa/nrf_sortlist.c.o
 *fill*         0x00035d09        0x3 
 .rodata.str1.4
                0x00035d0c      0x3e9 _build/nrf52840_xxaa/nrf_strerror.c.o
 *fill*         0x000360f5        0x3 
 .rodata.m_unknown_str
                0x000360f8       0x13 _build/nrf52840_xxaa/nrf_strerror.c.o
 *fill*         0x0003610b        0x1 
 .rodata.nrf_strerror_array
                0x0003610c      0x128 _build/nrf52840_xxaa/nrf_strerror.c.o
 .rodata.CSWTCH.15
                0x00036234        0x6 _build/nrf52840_xxaa/system_nrf52840.c.o
 *fill*         0x0003623a        0x2 
 .rodata.CSWTCH.6
                0x0003623c        0x6 _build/nrf52840_xxaa/system_nrf52840.c.o
 *fill*         0x00036242        0x2 
 .rodata.m_board_btn_list
                0x00036244        0x4 _build/nrf52840_xxaa/boards.c.o
 .rodata.m_board_led_list
                0x00036248        0x4 _build/nrf52840_xxaa/boards.c.o
 .rodata.str1.4
                0x0003624c        0x6 _build/nrf52840_xxaa/nrf_drv_clock.c.o
 *fill*         0x00036252        0x2 
 .rodata.str1.4
                0x00036254        0x6 _build/nrf52840_xxaa/nrfx_clock.c.o
 *fill*         0x0003625a        0x2 
 .rodata.str1.4
                0x0003625c        0x7 _build/nrf52840_xxaa/nrfx_gpiote.c.o
 *fill*         0x00036263        0x1 
 .rodata.str1.4
                0x00036264        0x4 _build/nrf52840_xxaa/nrfx_prs.c.o
 .rodata.str1.4
                0x00036268        0x5 _build/nrf52840_xxaa/nrfx_uart.c.o
 *fill*         0x0003626d        0x3 
 .rodata.str1.4
                0x00036270        0x6 _build/nrf52840_xxaa/nrfx_uarte.c.o
 *fill*         0x00036276        0x2 
 .rodata.app_buttons
                0x00036278       0x20 _build/nrf52840_xxaa/bsp.c.o
 .rodata.m_bsp_alert_tmr
                0x00036298        0x4 _build/nrf52840_xxaa/bsp.c.o
 .rodata.m_bsp_button_tmr
                0x0003629c        0x4 _build/nrf52840_xxaa/bsp.c.o
 .rodata.m_bsp_leds_tmr
                0x000362a0        0x4 _build/nrf52840_xxaa/bsp.c.o
 .rodata.scan_evt_handler.str1.4
                0x000362a4       0x20 _build/nrf52840_xxaa/main.c.o
 .rodata.bsp_event_handler.str1.4
                0x000362c4       0x20 _build/nrf52840_xxaa/main.c.o
 .rodata.ble_evt_handler.str1.4
                0x000362e4       0x91 _build/nrf52840_xxaa/main.c.o
 *fill*         0x00036375        0x3 
 .rodata.scanning_start.str1.4
                0x00036378        0xd _build/nrf52840_xxaa/main.c.o
 *fill*         0x00036385        0x3 
 .rodata.main.str1.4
                0x00036388       0x1d _build/nrf52840_xxaa/main.c.o
 *fill*         0x000363a5        0x3 
 .rodata        0x000363a8        0x4 _build/nrf52840_xxaa/main.c.o
 .rodata.m_scan_param
                0x000363ac        0xe _build/nrf52840_xxaa/main.c.o
 *fill*         0x000363ba        0x2 
 .rodata.m_target_periph_name
                0x000363bc        0xd _build/nrf52840_xxaa/main.c.o
 *fill*         0x000363c9        0x3 
 .rodata.local_db_apply_in_evt.str1.4
                0x000363cc       0xd1 _build/nrf52840_xxaa/gatt_cache_manager.c.o
 *fill*         0x0003649d        0x3 
 .rodata.db_update_pending_handle.str1.4
                0x000364a0       0x75 _build/nrf52840_xxaa/gatt_cache_manager.c.o
 *fill*         0x00036515        0x3 
 .rodata.sc_send_pending_handle.str1.4
                0x00036518       0x7c _build/nrf52840_xxaa/gatt_cache_manager.c.o
 .rodata.gcm_init.str1.4
                0x00036594       0x6f _build/nrf52840_xxaa/gatt_cache_manager.c.o
 *fill*         0x00036603        0x1 
 .rodata.store_car_value.str1.4
                0x00036604       0x5d _build/nrf52840_xxaa/gatt_cache_manager.c.o
 *fill*         0x00036661        0x3 
 .rodata.gcm_ble_evt_handler.str1.4
                0x00036664       0xb2 _build/nrf52840_xxaa/gatt_cache_manager.c.o
 *fill*         0x00036716        0x2 
 .rodata.str1.4
                0x00036718       0x11 _build/nrf52840_xxaa/gatt_cache_manager.c.o
 *fill*         0x00036729        0x3 
 .rodata        0x0003672c        0x4 _build/nrf52840_xxaa/gatt_cache_manager.c.o
 .rodata.car_value_false.0
                0x00036730        0x4 _build/nrf52840_xxaa/gatt_cache_manager.c.o
 .rodata.car_value_true.1
                0x00036734        0x4 _build/nrf52840_xxaa/gatt_cache_manager.c.o
 .rodata.service_changed_pending_set.str1.4
                0x00036738       0x55 _build/nrf52840_xxaa/gatts_cache_manager.c.o
 *fill*         0x0003678d        0x3 
 .rodata.gscm_local_db_cache_update.str1.4
                0x00036790       0xe7 _build/nrf52840_xxaa/gatts_cache_manager.c.o
 *fill*         0x00036877        0x1 
 .rodata.gscm_local_db_cache_apply.str1.4
                0x00036878       0x78 _build/nrf52840_xxaa/gatts_cache_manager.c.o
 .rodata.gscm_service_changed_ind_send.str1.4
                0x000368f0       0x4c _build/nrf52840_xxaa/gatts_cache_manager.c.o
 .rodata.str1.4
                0x0003693c       0x12 _build/nrf52840_xxaa/gatts_cache_manager.c.o
 *fill*         0x0003694e        0x2 
 .rodata        0x00036950       0x10 _build/nrf52840_xxaa/gatts_cache_manager.c.o
 .rodata.service_changed_pending.0
                0x00036960        0x4 _build/nrf52840_xxaa/gatts_cache_manager.c.o
 .rodata.service_changed_pending.1
                0x00036964        0x4 _build/nrf52840_xxaa/gatts_cache_manager.c.o
 .rodata.im_device_identities_list_set.str1.4
                0x00036968       0xee _build/nrf52840_xxaa/id_manager.c.o
 *fill*         0x00036a56        0x2 
 .rodata.str1.4
                0x00036a58       0x10 _build/nrf52840_xxaa/id_manager.c.o
 .rodata.data_length_update.str1.4
                0x00036a68      0x112 _build/nrf52840_xxaa/nrf_ble_gatt.c.o
 *fill*         0x00036b7a        0x2 
 .rodata.nrf_ble_gatt_on_ble_evt.str1.4
                0x00036b7c      0x2ad _build/nrf52840_xxaa/nrf_ble_gatt.c.o
 *fill*         0x00036e29        0x3 
 .rodata.str1.4
                0x00036e2c        0xd _build/nrf52840_xxaa/nrf_ble_gatt.c.o
 *fill*         0x00036e39        0x3 
 .rodata.nrf_ble_scan_filter_set.str1.4
                0x00036e3c       0x50 _build/nrf52840_xxaa/nrf_ble_scan.c.o
 .rodata.nrf_ble_scan_start.str1.4
                0x00036e8c       0x2d _build/nrf52840_xxaa/nrf_ble_scan.c.o
 *fill*         0x00036eb9        0x3 
 .rodata.nrf_ble_scan_params_set.str1.4
                0x00036ebc       0x33 _build/nrf52840_xxaa/nrf_ble_scan.c.o
 *fill*         0x00036eef        0x1 
 .rodata.nrf_ble_scan_on_ble_evt.str1.4
                0x00036ef0       0x39 _build/nrf52840_xxaa/nrf_ble_scan.c.o
 *fill*         0x00036f29        0x3 
 .rodata.str1.4
                0x00036f2c        0x9 _build/nrf52840_xxaa/nrf_ble_scan.c.o
 *fill*         0x00036f35        0x3 
 .rodata.peer_data_delete_process.str1.4
                0x00036f38       0x4c _build/nrf52840_xxaa/peer_data_storage.c.o
 .rodata.pds_init.str1.4
                0x00036f84       0x82 _build/nrf52840_xxaa/peer_data_storage.c.o
 *fill*         0x00037006        0x2 
 .rodata.pds_peer_data_store.str1.4
                0x00037008       0x56 _build/nrf52840_xxaa/peer_data_storage.c.o
 *fill*         0x0003705e        0x2 
 .rodata.str1.4
                0x00037060       0x11 _build/nrf52840_xxaa/peer_data_storage.c.o
 *fill*         0x00037071        0x3 
 .rodata.write_buf_store.str1.4
                0x00037074       0x6f _build/nrf52840_xxaa/peer_database.c.o
 *fill*         0x000370e3        0x1 
 .rodata.pdb_pds_evt_handler.str1.4
                0x000370e4       0x60 _build/nrf52840_xxaa/peer_database.c.o
 .rodata.pdb_init.str1.4
                0x00037144       0x1e _build/nrf52840_xxaa/peer_database.c.o
 *fill*         0x00037162        0x2 
 .rodata.pdb_peer_free.str1.4
                0x00037164       0x52 _build/nrf52840_xxaa/peer_database.c.o
 *fill*         0x000371b6        0x2 
 .rodata.pdb_write_buf_get.str1.4
                0x000371b8       0x74 _build/nrf52840_xxaa/peer_database.c.o
 .rodata.str1.4
                0x0003722c       0x11 _build/nrf52840_xxaa/peer_database.c.o
 *fill*         0x0003723d        0x3 
 .rodata.pm_peer_ranks_get.part.0.str1.4
                0x00037240       0x48 _build/nrf52840_xxaa/peer_manager.c.o
 .rodata.ble_evt_handler.str1.4
                0x00037288       0x47 _build/nrf52840_xxaa/peer_manager.c.o
 *fill*         0x000372cf        0x1 
 .rodata.pm_init.str1.4
                0x000372d0      0x107 _build/nrf52840_xxaa/peer_manager.c.o
 *fill*         0x000373d7        0x1 
 .rodata.pm_peers_delete.str1.4
                0x000373d8       0x48 _build/nrf52840_xxaa/peer_manager.c.o
 .rodata.pm_peer_rank_highest.str1.4
                0x00037420       0x40 _build/nrf52840_xxaa/peer_manager.c.o
 .rodata.str1.4
                0x00037460        0xd _build/nrf52840_xxaa/peer_manager.c.o
 *fill*         0x0003746d        0x3 
 .rodata        0x00037470        0x8 _build/nrf52840_xxaa/peer_manager.c.o
 .rodata.__func__.0
                0x00037478       0x10 _build/nrf52840_xxaa/peer_manager.c.o
 .rodata.__func__.2
                0x00037488        0x8 _build/nrf52840_xxaa/peer_manager.c.o
 .rodata.pm_handler_flash_clean_on_return.str1.4
                0x00037490       0xca _build/nrf52840_xxaa/peer_manager_handler.c.o
 *fill*         0x0003755a        0x2 
 .rodata.pm_handler_flash_clean.str1.4
                0x0003755c       0x32 _build/nrf52840_xxaa/peer_manager_handler.c.o
 *fill*         0x0003758e        0x2 
 .rodata.pm_handler_pm_evt_log.str1.4
                0x00037590      0x542 _build/nrf52840_xxaa/peer_manager_handler.c.o
                                0x546 (size before relaxing)
 *fill*         0x00037ad2        0x2 
 .rodata.pm_handler_on_pm_evt.str1.4
                0x00037ad4      0x1c7 _build/nrf52840_xxaa/peer_manager_handler.c.o
 *fill*         0x00037c9b        0x1 
 .rodata.pm_handler_disconnect_on_sec_failure.str1.4
                0x00037c9c       0x1e _build/nrf52840_xxaa/peer_manager_handler.c.o
 *fill*         0x00037cba        0x2 
 .rodata.pm_handler_secure_on_connection.str1.4
                0x00037cbc       0x30 _build/nrf52840_xxaa/peer_manager_handler.c.o
 .rodata.str1.4
                0x00037cec      0x3b5 _build/nrf52840_xxaa/peer_manager_handler.c.o
 *fill*         0x000380a1        0x3 
 .rodata.m_data_action_str
                0x000380a4        0x8 _build/nrf52840_xxaa/peer_manager_handler.c.o
 .rodata.m_data_id_str
                0x000380ac       0x28 _build/nrf52840_xxaa/peer_manager_handler.c.o
 .rodata.m_event_str
                0x000380d4       0x58 _build/nrf52840_xxaa/peer_manager_handler.c.o
 .rodata.m_roles_str
                0x0003812c        0xc _build/nrf52840_xxaa/peer_manager_handler.c.o
 .rodata.m_sec_procedure_str
                0x00038138        0xc _build/nrf52840_xxaa/peer_manager_handler.c.o
 .rodata.pairing_failure.str1.4
                0x00038144       0x69 _build/nrf52840_xxaa/security_dispatcher.c.o
 .rodata.smd_init.str1.4
                0x000381ad       0x6f _build/nrf52840_xxaa/security_dispatcher.c.o
 *fill*         0x000381ad        0x3 
 .rodata.smd_params_reply.str1.4
                0x000381b0       0xb2 _build/nrf52840_xxaa/security_dispatcher.c.o
 *fill*         0x00038262        0x2 
 .rodata.smd_link_secure.str1.4
                0x00038264       0x51 _build/nrf52840_xxaa/security_dispatcher.c.o
 *fill*         0x000382b5        0x3 
 .rodata.smd_ble_evt_handler.str1.4
                0x000382b8      0x1c6 _build/nrf52840_xxaa/security_dispatcher.c.o
 *fill*         0x0003847e        0x2 
 .rodata.str1.4
                0x00038480       0x11 _build/nrf52840_xxaa/security_dispatcher.c.o
 *fill*         0x00038491        0x3 
 .rodata.events_send_from_err_code.str1.4
                0x00038494      0x123 _build/nrf52840_xxaa/security_manager.c.o
 *fill*         0x000385b7        0x1 
 .rodata.link_secure.str1.4
                0x000385b8       0x55 _build/nrf52840_xxaa/security_manager.c.o
 .rodata.sm_init.str1.4
                0x0003860d       0x6f _build/nrf52840_xxaa/security_manager.c.o
 *fill*         0x0003860d        0x3 
 .rodata.str1.4
                0x00038610       0x10 _build/nrf52840_xxaa/security_manager.c.o
 .rodata.str1.4
                0x00038620        0x8 _build/nrf52840_xxaa/nrf_sdh.c.o
 .rodata        0x00038628        0x4 _build/nrf52840_xxaa/nrf_sdh.c.o
 .rodata.sdh_req_observers
                0x0003862c        0xc _build/nrf52840_xxaa/nrf_sdh.c.o
 .rodata.sdh_stack_observers
                0x00038638        0xc _build/nrf52840_xxaa/nrf_sdh.c.o
 .rodata.sdh_state_observers
                0x00038644        0xc _build/nrf52840_xxaa/nrf_sdh.c.o
 .rodata.nrf_sdh_ble_default_cfg_set.str1.4
                0x00038650      0x187 _build/nrf52840_xxaa/nrf_sdh_ble.c.o
 *fill*         0x000387d7        0x1 
 .rodata.nrf_sdh_ble_enable.str1.4
                0x000387d8       0xad _build/nrf52840_xxaa/nrf_sdh_ble.c.o
 *fill*         0x00038885        0x3 
 .rodata.str1.4
                0x00038888        0xc _build/nrf52840_xxaa/nrf_sdh_ble.c.o
 .rodata.sdh_ble_observers
                0x00038894        0xc _build/nrf52840_xxaa/nrf_sdh_ble.c.o
 .rodata.str1.4
                0x000388a0        0xc _build/nrf52840_xxaa/nrf_sdh_soc.c.o
 .rodata.sdh_soc_observers
                0x000388ac        0xc _build/nrf52840_xxaa/nrf_sdh_soc.c.o
 .rodata._ctype_
                0x000388b8      0x101 c:/program files (x86)/gnu arm embedded toolchain/10 2021.07/bin/../lib/gcc/arm-none-eabi/10.3.1/../../../../arm-none-eabi/lib/thumb/v7e-m+fp/hard\libc_nano.a(lib_a-ctype_.o)
                0x000388b8                _ctype_
 *fill*         0x000389b9        0x3 
 .rodata._global_impure_ptr
                0x000389bc        0x4 c:/program files (x86)/gnu arm embedded toolchain/10 2021.07/bin/../lib/gcc/arm-none-eabi/10.3.1/../../../../arm-none-eabi/lib/thumb/v7e-m+fp/hard\libc_nano.a(lib_a-impure.o)
                0x000389bc                _global_impure_ptr
 .rodata._svfprintf_r.str1.1
                0x000389c0       0x11 c:/program files (x86)/gnu arm embedded toolchain/10 2021.07/bin/../lib/gcc/arm-none-eabi/10.3.1/../../../../arm-none-eabi/lib/thumb/v7e-m+fp/hard\libc_nano.a(lib_a-nano-svfprintf.o)
 .rodata._printf_i.str1.1
                0x000389d1       0x22 c:/program files (x86)/gnu arm embedded toolchain/10 2021.07/bin/../lib/gcc/arm-none-eabi/10.3.1/../../../../arm-none-eabi/lib/thumb/v7e-m+fp/hard\libc_nano.a(lib_a-nano-vfprintf_i.o)
 *(.eh_frame*)
 *fill*         0x000389f3        0x1 
 .eh_frame      0x000389f4        0x0 c:/program files (x86)/gnu arm embedded toolchain/10 2021.07/bin/../lib/gcc/arm-none-eabi/10.3.1/thumb/v7e-m+fp/hard/crtbegin.o
 .eh_frame      0x000389f4        0x4 c:/program files (x86)/gnu arm embedded toolchain/10 2021.07/bin/../lib/gcc/arm-none-eabi/10.3.1/thumb/v7e-m+fp/hard/crtend.o

.glue_7         0x000389f8        0x0
 .glue_7        0x000389f8        0x0 linker stubs

.glue_7t        0x000389f8        0x0
 .glue_7t       0x000389f8        0x0 linker stubs

.vfp11_veneer   0x000389f8        0x0
 .vfp11_veneer  0x000389f8        0x0 linker stubs

.v4_bx          0x000389f8        0x0
 .v4_bx         0x000389f8        0x0 linker stubs

.iplt           0x000389f8        0x0
 .iplt          0x000389f8        0x0 c:/program files (x86)/gnu arm embedded toolchain/10 2021.07/bin/../lib/gcc/arm-none-eabi/10.3.1/thumb/v7e-m+fp/hard/crtbegin.o

.mem_section_dummy_rom

.sdh_soc_observers
                0x000389f8       0x18
                0x000389f8                PROVIDE (__start_sdh_soc_observers = .)
 *(SORT_BY_NAME(.sdh_soc_observers*))
 .sdh_soc_observers0
                0x000389f8        0x8 _build/nrf52840_xxaa/nrf_fstorage_sd.c.o
 .sdh_soc_observers0
                0x00038a00        0x8 _build/nrf52840_xxaa/nrf_drv_clock.c.o
 .sdh_soc_observers1
                0x00038a08        0x8 _build/nrf52840_xxaa/main.c.o
                0x00038a10                PROVIDE (__stop_sdh_soc_observers = .)

.pwr_mgmt_data  0x00038a10        0x4
                0x00038a10                PROVIDE (__start_pwr_mgmt_data = .)
 *(SORT_BY_NAME(.pwr_mgmt_data*))
 .pwr_mgmt_data1
                0x00038a10        0x4 _build/nrf52840_xxaa/main.c.o
                0x00038a14                PROVIDE (__stop_pwr_mgmt_data = .)

.sdh_ble_observers
                0x00038a14       0x30
                0x00038a14                PROVIDE (__start_sdh_ble_observers = .)
 *(SORT_BY_NAME(.sdh_ble_observers*))
 .sdh_ble_observers0
                0x00038a14        0x8 _build/nrf52840_xxaa/ble_conn_state.c.o
 .sdh_ble_observers1
                0x00038a1c        0x8 _build/nrf52840_xxaa/bsp_btn_ble.c.o
 .sdh_ble_observers1
                0x00038a24       0x10 _build/nrf52840_xxaa/main.c.o
 .sdh_ble_observers1
                0x00038a34        0x8 _build/nrf52840_xxaa/peer_manager.c.o
 .sdh_ble_observers3
                0x00038a3c        0x8 _build/nrf52840_xxaa/main.c.o
                0x00038a44                PROVIDE (__stop_sdh_ble_observers = .)

.log_const_data
                0x00038a44       0xd0
                0x00038a44                PROVIDE (__start_log_const_data = .)
 *(SORT_BY_NAME(.log_const_data*))
 .log_const_data_CLOCK
                0x00038a44        0x8 _build/nrf52840_xxaa/nrfx_clock.c.o
                0x00038a44                m_nrf_log_CLOCK_logs_data_const
 .log_const_data_GPIOTE
                0x00038a4c        0x8 _build/nrf52840_xxaa/nrfx_gpiote.c.o
                0x00038a4c                m_nrf_log_GPIOTE_logs_data_const
 .log_const_data_PRS
                0x00038a54        0x8 _build/nrf52840_xxaa/nrfx_prs.c.o
                0x00038a54                m_nrf_log_PRS_logs_data_const
 .log_const_data_UART
                0x00038a5c        0x8 _build/nrf52840_xxaa/nrfx_uart.c.o
                0x00038a5c                m_nrf_log_UART_logs_data_const
 .log_const_data_UARTE
                0x00038a64        0x8 _build/nrf52840_xxaa/nrfx_uarte.c.o
                0x00038a64                m_nrf_log_UARTE_logs_data_const
 .log_const_data_app
                0x00038a6c        0x8 _build/nrf52840_xxaa/nrf_log_frontend.c.o
                0x00038a6c                m_nrf_log_app_logs_data_const
 .log_const_data_app_button
                0x00038a74        0x8 _build/nrf52840_xxaa/app_button.c.o
                0x00038a74                m_nrf_log_app_button_logs_data_const
 .log_const_data_app_timer
                0x00038a7c        0x8 _build/nrf52840_xxaa/app_timer2.c.o
                0x00038a7c                m_nrf_log_app_timer_logs_data_const
 .log_const_data_ble_scan
                0x00038a84        0x8 _build/nrf52840_xxaa/nrf_ble_scan.c.o
                0x00038a84                m_nrf_log_ble_scan_logs_data_const
 .log_const_data_clock
                0x00038a8c        0x8 _build/nrf52840_xxaa/nrf_drv_clock.c.o
                0x00038a8c                m_nrf_log_clock_logs_data_const
 .log_const_data_nrf_ble_gatt
                0x00038a94        0x8 _build/nrf52840_xxaa/nrf_ble_gatt.c.o
                0x00038a94                m_nrf_log_nrf_ble_gatt_logs_data_const
 .log_const_data_nrf_fstorage
                0x00038a9c        0x8 _build/nrf52840_xxaa/nrf_fstorage.c.o
                0x00038a9c                m_nrf_log_nrf_fstorage_logs_data_const
 .log_const_data_nrf_sdh
                0x00038aa4        0x8 _build/nrf52840_xxaa/nrf_sdh.c.o
                0x00038aa4                m_nrf_log_nrf_sdh_logs_data_const
 .log_const_data_nrf_sdh_ble
                0x00038aac        0x8 _build/nrf52840_xxaa/nrf_sdh_ble.c.o
                0x00038aac                m_nrf_log_nrf_sdh_ble_logs_data_const
 .log_const_data_nrf_sdh_soc
                0x00038ab4        0x8 _build/nrf52840_xxaa/nrf_sdh_soc.c.o
                0x00038ab4                m_nrf_log_nrf_sdh_soc_logs_data_const
 .log_const_data_peer_manager
                0x00038abc        0x8 _build/nrf52840_xxaa/peer_manager.c.o
                0x00038abc                m_nrf_log_peer_manager_logs_data_const
 .log_const_data_peer_manager_gcm
                0x00038ac4        0x8 _build/nrf52840_xxaa/gatt_cache_manager.c.o
                0x00038ac4                m_nrf_log_peer_manager_gcm_logs_data_const
 .log_const_data_peer_manager_gscm
                0x00038acc        0x8 _build/nrf52840_xxaa/gatts_cache_manager.c.o
                0x00038acc                m_nrf_log_peer_manager_gscm_logs_data_const
 .log_const_data_peer_manager_handler
                0x00038ad4        0x8 _build/nrf52840_xxaa/peer_manager_handler.c.o
                0x00038ad4                m_nrf_log_peer_manager_handler_logs_data_const
 .log_const_data_peer_manager_im
                0x00038adc        0x8 _build/nrf52840_xxaa/id_manager.c.o
                0x00038adc                m_nrf_log_peer_manager_im_logs_data_const
 .log_const_data_peer_manager_pdb
                0x00038ae4        0x8 _build/nrf52840_xxaa/peer_database.c.o
                0x00038ae4                m_nrf_log_peer_manager_pdb_logs_data_const
 .log_const_data_peer_manager_pds
                0x00038aec        0x8 _build/nrf52840_xxaa/peer_data_storage.c.o
                0x00038aec                m_nrf_log_peer_manager_pds_logs_data_const
 .log_const_data_peer_manager_sm
                0x00038af4        0x8 _build/nrf52840_xxaa/security_manager.c.o
                0x00038af4                m_nrf_log_peer_manager_sm_logs_data_const
 .log_const_data_peer_manager_smd
                0x00038afc        0x8 _build/nrf52840_xxaa/security_dispatcher.c.o
                0x00038afc                m_nrf_log_peer_manager_smd_logs_data_const
 .log_const_data_pwr_mgmt
                0x00038b04        0x8 _build/nrf52840_xxaa/nrf_pwr_mgmt.c.o
                0x00038b04                m_nrf_log_pwr_mgmt_logs_data_const
 .log_const_data_sortlist
                0x00038b0c        0x8 _build/nrf52840_xxaa/nrf_sortlist.c.o