Archive member included to satisfy reference by file (symbol)

c:/program files (x86)/gnu arm embedded toolchain/10 2021.07/bin/../lib/gcc/arm-none-eabi/10.3.1/../../../../arm-none-eabi/lib/thumb/v7e-m+fp/hard\libc_nano.a(lib_a-ctype_.o)
                              _build/nrf52840_xxaa/nrf_log_str_formatter.c.o (_ctype_)
c:/program files (x86)/gnu arm embedded toolchain/10 2021.07/bin/../lib/gcc/arm-none-eabi/10.3.1/../../../../arm-none-eabi/lib/thumb/v7e-m+fp/hard\libc_nano.a(lib_a-exit.o)
                              c:/program files (x86)/gnu arm embedded toolchain/10 2021.07/bin/../lib/gcc/arm-none-eabi/10.3.1/../../../../arm-none-eabi/lib/thumb/v7e-m+fp/hard/crt0.o (exit)
c:/program files (x86)/gnu arm embedded toolchain/10 2021.07/bin/../lib/gcc/arm-none-eabi/10.3.1/../../../../arm-none-eabi/lib/thumb/v7e-m+fp/hard\libc_nano.a(lib_a-impure.o)
                              c:/program files (x86)/gnu arm embedded toolchain/10 2021.07/bin/../lib/gcc/arm-none-eabi/10.3.1/../../../../arm-none-eabi/lib/thumb/v7e-m+fp/hard\libc_nano.a(lib_a-exit.o) (_global_impure_ptr)
c:/program files (x86)/gnu arm embedded toolchain/10 2021.07/bin/../lib/gcc/arm-none-eabi/10.3.1/../../../../arm-none-eabi/lib/thumb/v7e-m+fp/hard\libc_nano.a(lib_a-init.o)
                              c:/program files (x86)/gnu arm embedded toolchain/10 2021.07/bin/../lib/gcc/arm-none-eabi/10.3.1/../../../../arm-none-eabi/lib/thumb/v7e-m+fp/hard/crt0.o (__libc_init_array)
c:/program files (x86)/gnu arm embedded toolchain/10 2021.07/bin/../lib/gcc/arm-none-eabi/10.3.1/../../../../arm-none-eabi/lib/thumb/v7e-m+fp/hard\libc_nano.a(lib_a-memcmp.o)
                              _build/nrf52840_xxaa/ble_advdata.c.o (memcmp)
c:/program files (x86)/gnu arm embedded toolchain/10 2021.07/bin/../lib/gcc/arm-none-eabi/10.3.1/../../../../arm-none-eabi/lib/thumb/v7e-m+fp/hard\libc_nano.a(lib_a-memcpy-stub.o)
                              _build/nrf52840_xxaa/nrf_log_frontend.c.o (memcpy)
c:/program files (x86)/gnu arm embedded toolchain/10 2021.07/bin/../lib/gcc/arm-none-eabi/10.3.1/../../../../arm-none-eabi/lib/thumb/v7e-m+fp/hard\libc_nano.a(lib_a-memset.o)
                              c:/program files (x86)/gnu arm embedded toolchain/10 2021.07/bin/../lib/gcc/arm-none-eabi/10.3.1/../../../../arm-none-eabi/lib/thumb/v7e-m+fp/hard/crt0.o (memset)
c:/program files (x86)/gnu arm embedded toolchain/10 2021.07/bin/../lib/gcc/arm-none-eabi/10.3.1/../../../../arm-none-eabi/lib/thumb/v7e-m+fp/hard\libc_nano.a(lib_a-printf.o)
                              _build/nrf52840_xxaa/main.c.o (printf)
c:/program files (x86)/gnu arm embedded toolchain/10 2021.07/bin/../lib/gcc/arm-none-eabi/10.3.1/../../../../arm-none-eabi/lib/thumb/v7e-m+fp/hard\libc_nano.a(lib_a-strcpy.o)
                              _build/nrf52840_xxaa/SEGGER_RTT.c.o (strcpy)
c:/program files (x86)/gnu arm embedded toolchain/10 2021.07/bin/../lib/gcc/arm-none-eabi/10.3.1/../../../../arm-none-eabi/lib/thumb/v7e-m+fp/hard\libc_nano.a(lib_a-strlen.o)
                              _build/nrf52840_xxaa/nrf_log_frontend.c.o (strlen)
c:/program files (x86)/gnu arm embedded toolchain/10 2021.07/bin/../lib/gcc/arm-none-eabi/10.3.1/../../../../arm-none-eabi/lib/thumb/v7e-m+fp/hard\libc_nano.a(lib_a-findfp.o)
                              c:/program files (x86)/gnu arm embedded toolchain/10 2021.07/bin/../lib/gcc/arm-none-eabi/10.3.1/../../../../arm-none-eabi/lib/thumb/v7e-m+fp/hard\libc_nano.a(lib_a-printf.o) (__sinit)
c:/program files (x86)/gnu arm embedded toolchain/10 2021.07/bin/../lib/gcc/arm-none-eabi/10.3.1/../../../../arm-none-eabi/lib/thumb/v7e-m+fp/hard\libc_nano.a(lib_a-fwalk.o)
                              c:/program files (x86)/gnu arm embedded toolchain/10 2021.07/bin/../lib/gcc/arm-none-eabi/10.3.1/../../../../arm-none-eabi/lib/thumb/v7e-m+fp/hard\libc_nano.a(lib_a-findfp.o) (_fwalk)
c:/program files (x86)/gnu arm embedded toolchain/10 2021.07/bin/../lib/gcc/arm-none-eabi/10.3.1/../../../../arm-none-eabi/lib/thumb/v7e-m+fp/hard\libc_nano.a(lib_a-lock.o)
                              c:/program files (x86)/gnu arm embedded toolchain/10 2021.07/bin/../lib/gcc/arm-none-eabi/10.3.1/../../../../arm-none-eabi/lib/thumb/v7e-m+fp/hard\libc_nano.a(lib_a-findfp.o) (__retarget_lock_init_recursive)
c:/program files (x86)/gnu arm embedded toolchain/10 2021.07/bin/../lib/gcc/arm-none-eabi/10.3.1/../../../../arm-none-eabi/lib/thumb/v7e-m+fp/hard\libc_nano.a(lib_a-nano-mallocr.o)
                              c:/program files (x86)/gnu arm embedded toolchain/10 2021.07/bin/../lib/gcc/arm-none-eabi/10.3.1/../../../../arm-none-eabi/lib/thumb/v7e-m+fp/hard\libc_nano.a(lib_a-findfp.o) (_malloc_r)
c:/program files (x86)/gnu arm embedded toolchain/10 2021.07/bin/../lib/gcc/arm-none-eabi/10.3.1/../../../../arm-none-eabi/lib/thumb/v7e-m+fp/hard\libc_nano.a(lib_a-nano-vfprintf.o)
[...]
Memory Configuration

Name             Origin             Length             Attributes
FLASH            0x00027000         0x000d9000         xr
RAM              0x20002a38         0x0003d5c8         xrw
*default*        0x00000000         0xffffffff

Linker script and memory map


.text           0x00027000     0xa798
 *(.isr_vector)
 .isr_vector    0x00027000      0x200 _build/nrf52840_xxaa/gcc_startup_nrf52840.S.o
                0x00027000                __isr_vector
 *(.text*)
 .text          0x00027200       0x40 c:/program files (x86)/gnu arm embedded toolchain/10 2021.07/bin/../lib/gcc/arm-none-eabi/10.3.1/thumb/v7e-m+fp/hard/crtbegin.o
 .text          0x00027240       0x7c c:/program files (x86)/gnu arm embedded toolchain/10 2021.07/bin/../lib/gcc/arm-none-eabi/10.3.1/../../../../arm-none-eabi/lib/thumb/v7e-m+fp/hard/crt0.o
                0x00027240                _stack_init
                0x00027248                _start
                0x00027248                _mainCRTStartup
 .text          0x000272bc       0x3c _build/nrf52840_xxaa/gcc_startup_nrf52840.S.o
                0x000272bc                Reset_Handler
                0x000272e4                NMI_Handler
                0x000272e6                HardFault_Handler
                0x000272e8                MemoryManagement_Handler
                0x000272ea                BusFault_Handler
                0x000272ec                UsageFault_Handler
                0x000272ee                SVC_Handler
                0x000272f0                DebugMon_Handler
                0x000272f2                PendSV_Handler
                0x000272f4                SysTick_Handler
                0x000272f6                PDM_IRQHandler
                0x000272f6                TEMP_IRQHandler
                0x000272f6                QDEC_IRQHandler
                0x000272f6                TIMER3_IRQHandler
                0x000272f6                PWM3_IRQHandler
                0x000272f6                RTC0_IRQHandler
                0x000272f6                USBD_IRQHandler
                0x000272f6                SPIM0_SPIS0_TWIM0_TWIS0_SPI0_TWI0_IRQHandler
                0x000272f6                PWM1_IRQHandler
                0x000272f6                TIMER4_IRQHandler
                0x000272f6                RADIO_IRQHandler
                0x000272f6                I2S_IRQHandler
                0x000272f6                SWI4_EGU4_IRQHandler
                0x000272f6                FPU_IRQHandler
                0x000272f6                TIMER2_IRQHandler
                0x000272f6                UARTE1_IRQHandler
                0x000272f6                TIMER1_IRQHandler
                0x000272f6                SPIM3_IRQHandler
                0x000272f6                PWM2_IRQHandler
                0x000272f6                ECB_IRQHandler
                0x000272f6                SPIM1_SPIS1_TWIM1_TWIS1_SPI1_TWI1_IRQHandler
                0x000272f6                Default_Handler
                0x000272f6                SAADC_IRQHandler
                0x000272f6                CCM_AAR_IRQHandler
                0x000272f6                WDT_IRQHandler
                0x000272f6                CRYPTOCELL_IRQHandler
                0x000272f6                SWI5_EGU5_IRQHandler
                0x000272f6                RNG_IRQHandler
                0x000272f6                RTC2_IRQHandler
                0x000272f6                PWM0_IRQHandler
                0x000272f6                SWI3_EGU3_IRQHandler
                0x000272f6                SWI1_EGU1_IRQHandler
                0x000272f6                SPIM2_SPIS2_SPI2_IRQHandler
                0x000272f6                NFCT_IRQHandler
                0x000272f6                SWI0_EGU0_IRQHandler
                0x000272f6                MWU_IRQHandler
                0x000272f6                TIMER0_IRQHandler
                0x000272f6                QSPI_IRQHandler
                0x000272f6                COMP_LPCOMP_IRQHandler
 .text.nrf_log_backend_rtt_flush
                0x000272f8        0x4 _build/nrf52840_xxaa/nrf_log_backend_rtt.c.o
 .text.nrf_log_backend_rtt_put
                0x000272fc       0x20 _build/nrf52840_xxaa/nrf_log_backend_rtt.c.o
 .text.serial_tx
                0x0002731c       0x54 _build/nrf52840_xxaa/nrf_log_backend_rtt.c.o
 .text.nrf_log_backend_rtt_panic_set
                0x00027370        0x4 _build/nrf52840_xxaa/nrf_log_backend_rtt.c.o
 .text.nrf_log_backend_rtt_init
                0x00027374        0x4 _build/nrf52840_xxaa/nrf_log_backend_rtt.c.o
                0x00027374                nrf_log_backend_rtt_init
 .text.nrf_log_backend_serial_put
                0x00027378       0xd8 _build/nrf52840_xxaa/nrf_log_backend_serial.c.o
                0x00027378                nrf_log_backend_serial_put
 .text.nrf_log_default_backends_init
                0x00027450       0x20 _build/nrf52840_xxaa/nrf_log_default_backends.c.o
                0x00027450                nrf_log_default_backends_init
 .text.nrf_log_init
                0x00027470       0x28 _build/nrf52840_xxaa/nrf_log_frontend.c.o
                0x00027470                nrf_log_init
 .text.nrf_log_module_name_get
                0x00027498       0x48 _build/nrf52840_xxaa/nrf_log_frontend.c.o
                0x00027498                nrf_log_module_name_get
 .text.nrf_log_color_id_get
                0x000274e0       0x2c _build/nrf52840_xxaa/nrf_log_frontend.c.o
                0x000274e0                nrf_log_color_id_get
 .text.log_pending_hook
                0x0002750c        0x4 _build/nrf52840_xxaa/nrf_log_frontend.c.o
                0x0002750c                log_pending_hook
 .text.nrf_log_frontend_dequeue
                0x00027510      0x260 _build/nrf52840_xxaa/nrf_log_frontend.c.o
                0x00027510                nrf_log_frontend_dequeue
 .text.nrf_log_frontend_std_6
                0x00027770      0x1f0 _build/nrf52840_xxaa/nrf_log_frontend.c.o
                0x00027770                nrf_log_frontend_std_6
 .text.nrf_log_frontend_std_3
                0x00027960      0x1c0 _build/nrf52840_xxaa/nrf_log_frontend.c.o
                0x00027960                nrf_log_frontend_std_3
 .text.nrf_log_frontend_std_2
                0x00027b20      0x1c8 _build/nrf52840_xxaa/nrf_log_frontend.c.o
                0x00027b20                nrf_log_frontend_std_2
 .text.nrf_log_frontend_std_1
                0x00027ce8      0x1bc _build/nrf52840_xxaa/nrf_log_frontend.c.o
                0x00027ce8                nrf_log_frontend_std_1
 .text.nrf_log_frontend_std_0
                0x00027ea4      0x1ac _build/nrf52840_xxaa/nrf_log_frontend.c.o
                0x00027ea4                nrf_log_frontend_std_0
 .text.nrf_log_backend_add
                0x00028050       0x5c _build/nrf52840_xxaa/nrf_log_frontend.c.o
                0x00028050                nrf_log_backend_add
 .text.nrf_log_panic
                0x000280ac       0x28 _build/nrf52840_xxaa/nrf_log_frontend.c.o
                0x000280ac                nrf_log_panic
 .text.prefix_process
                0x000280d4       0x84 _build/nrf52840_xxaa/nrf_log_str_formatter.c.o
 .text.nrf_log_std_entry_process
                0x00028158       0xec _build/nrf52840_xxaa/nrf_log_str_formatter.c.o
                0x00028158                nrf_log_std_entry_process
 .text.nrf_log_hexdump_entry_process
                0x00028244      0x104 _build/nrf52840_xxaa/nrf_log_str_formatter.c.o
                0x00028244                nrf_log_hexdump_entry_process
 .text.gpiote_event_handler
                0x00028348       0x74 _build/nrf52840_xxaa/app_button.c.o
 .text.detection_delay_timeout_handler
                0x000283bc      0x288 _build/nrf52840_xxaa/app_button.c.o
 .text.app_button_init
                0x00028644       0xb8 _build/nrf52840_xxaa/app_button.c.o
                0x00028644                app_button_init
 .text.app_button_enable
                0x000286fc       0x2c _build/nrf52840_xxaa/app_button.c.o
                0x000286fc                app_button_enable
 .text.app_error_handler_bare
                0x00028728       0x20 _build/nrf52840_xxaa/app_error.c.o
                0x00028728                app_error_handler_bare
 .text.app_error_fault_handler
                0x00028748       0x6c _build/nrf52840_xxaa/app_error_weak.c.o
                0x00028748                app_error_fault_handler
 .text.app_fifo_init
                0x000287b4       0x20 _build/nrf52840_xxaa/app_fifo.c.o
                0x000287b4                app_fifo_init
 .text.app_fifo_put
                0x000287d4       0x30 _build/nrf52840_xxaa/app_fifo.c.o
                0x000287d4                app_fifo_put
 .text.app_fifo_get
                0x00028804       0x2c _build/nrf52840_xxaa/app_fifo.c.o
                0x00028804                app_fifo_get
 .text.compare_func
                0x00028830       0x1c _build/nrf52840_xxaa/app_timer2.c.o
 .text.timer_expire.part.0
                0x0002884c       0x88 _build/nrf52840_xxaa/app_timer2.c.o
 .text.rtc_irq  0x000288d4      0x2e8 _build/nrf52840_xxaa/app_timer2.c.o
 .text.app_timer_init
                0x00028bbc       0x6c _build/nrf52840_xxaa/app_timer2.c.o
                0x00028bbc                app_timer_init
 .text.app_timer_create
                0x00028c28       0x30 _build/nrf52840_xxaa/app_timer2.c.o
                0x00028c28                app_timer_create
 .text.app_timer_start
                0x00028c58       0xb8 _build/nrf52840_xxaa/app_timer2.c.o
                0x00028c58                app_timer_start
 .text.app_timer_stop
                0x00028d10       0x80 _build/nrf52840_xxaa/app_timer2.c.o
                0x00028d10                app_timer_stop
 .text.uart_event_handler
                0x00028d90      0x120 _build/nrf52840_xxaa/app_uart_fifo.c.o
 .text.app_uart_init
                0x00028eb0       0xe8 _build/nrf52840_xxaa/app_uart_fifo.c.o
                0x00028eb0                app_uart_init
 .text.app_uart_get
                0x00028f98       0x58 _build/nrf52840_xxaa/app_uart_fifo.c.o
                0x00028f98                app_uart_get
 .text.app_uart_put
                0x00028ff0       0x74 _build/nrf52840_xxaa/app_uart_fifo.c.o
                0x00028ff0                app_uart_put
 .text.app_util_critical_region_enter
                0x00029064       0x4c _build/nrf52840_xxaa/app_util_platform.c.o
                0x00029064                app_util_critical_region_enter
 .text.app_util_critical_region_exit
                0x000290b0       0x30 _build/nrf52840_xxaa/app_util_platform.c.o
                0x000290b0                app_util_critical_region_exit
 .text.drv_rtc_init
                0x000290e0       0xc8 _build/nrf52840_xxaa/drv_rtc.c.o
                0x000290e0                drv_rtc_init
 .text.drv_rtc_start
                0x000291a8        0x8 _build/nrf52840_xxaa/drv_rtc.c.o
                0x000291a8                drv_rtc_start
 .text.drv_rtc_stop
                0x000291b0        0x8 _build/nrf52840_xxaa/drv_rtc.c.o
                0x000291b0                drv_rtc_stop
 .text.drv_rtc_compare_set
                0x000291b8       0x54 _build/nrf52840_xxaa/drv_rtc.c.o
                0x000291b8                drv_rtc_compare_set
 .text.drv_rtc_windowed_compare_set
                0x0002920c       0xf8 _build/nrf52840_xxaa/drv_rtc.c.o
                0x0002920c                drv_rtc_windowed_compare_set
 .text.drv_rtc_overflow_enable
                0x00029304       0x14 _build/nrf52840_xxaa/drv_rtc.c.o
                0x00029304                drv_rtc_overflow_enable
 .text.drv_rtc_overflow_pending
                0x00029318       0x20 _build/nrf52840_xxaa/drv_rtc.c.o
                0x00029318                drv_rtc_overflow_pending
 .text.drv_rtc_compare_disable
                0x00029338       0x18 _build/nrf52840_xxaa/drv_rtc.c.o
                0x00029338                drv_rtc_compare_disable
 .text.drv_rtc_compare_pending
                0x00029350       0x20 _build/nrf52840_xxaa/drv_rtc.c.o
                0x00029350                drv_rtc_compare_pending
 .text.drv_rtc_counter_get
                0x00029370        0x8 _build/nrf52840_xxaa/drv_rtc.c.o
                0x00029370                drv_rtc_counter_get
 .text.drv_rtc_irq_trigger
                0x00029378       0x24 _build/nrf52840_xxaa/drv_rtc.c.o
                0x00029378                drv_rtc_irq_trigger
 .text.RTC1_IRQHandler
                0x0002939c       0x14 _build/nrf52840_xxaa/drv_rtc.c.o
                0x0002939c                RTC1_IRQHandler
 .text.nrf_atfifo_init
                0x000293b0       0x30 _build/nrf52840_xxaa/nrf_atfifo.c.o
                0x000293b0                nrf_atfifo_init
 .text.nrf_atfifo_item_alloc
                0x000293e0       0x64 _build/nrf52840_xxaa/nrf_atfifo.c.o
                0x000293e0                nrf_atfifo_item_alloc
 .text.nrf_atfifo_item_put
                0x00029444       0x20 _build/nrf52840_xxaa/nrf_atfifo.c.o
                0x00029444                nrf_atfifo_item_put
 .text.nrf_atfifo_item_get
                0x00029464       0x64 _build/nrf52840_xxaa/nrf_atfifo.c.o
                0x00029464                nrf_atfifo_item_get
 .text.nrf_atfifo_item_free
                0x000294c8       0x20 _build/nrf52840_xxaa/nrf_atfifo.c.o
                0x000294c8                nrf_atfifo_item_free
 .text.nrf_atomic_u32_fetch_store
                0x000294e8       0x14 _build/nrf52840_xxaa/nrf_atomic.c.o
                0x000294e8                nrf_atomic_u32_fetch_store
 .text.nrf_atomic_u32_add
                0x000294fc       0x18 _build/nrf52840_xxaa/nrf_atomic.c.o
                0x000294fc                nrf_atomic_u32_add
 .text.nrf_atomic_u32_sub
                0x00029514       0x18 _build/nrf52840_xxaa/nrf_atomic.c.o
                0x00029514                nrf_atomic_u32_sub
 .text.nrf_atomic_flag_set
                0x0002952c       0x18 _build/nrf52840_xxaa/nrf_atomic.c.o
                0x0002952c                nrf_atomic_flag_set
 .text.nrf_atomic_flag_clear_fetch
                0x00029544       0x18 _build/nrf52840_xxaa/nrf_atomic.c.o
                0x00029544                nrf_atomic_flag_clear_fetch
 .text.nrf_balloc_init
                0x0002955c       0x3c _build/nrf52840_xxaa/nrf_balloc.c.o
                0x0002955c                nrf_balloc_init
 .text.nrf_balloc_alloc
                0x00029598       0x50 _build/nrf52840_xxaa/nrf_balloc.c.o
                0x00029598                nrf_balloc_alloc
 .text.nrf_balloc_free
                0x000295e8       0x38 _build/nrf52840_xxaa/nrf_balloc.c.o
                0x000295e8                nrf_balloc_free
 .text.nrf_fprintf_buffer_flush
                0x00029620       0x18 _build/nrf52840_xxaa/nrf_fprintf.c.o
                0x00029620                nrf_fprintf_buffer_flush
 .text.nrf_fprintf
                0x00029638       0x20 _build/nrf52840_xxaa/nrf_fprintf.c.o
                0x00029638                nrf_fprintf
 .text.unsigned_print
                0x00029658      0x160 _build/nrf52840_xxaa/nrf_fprintf_format.c.o
 .text.nrf_fprintf_fmt
                0x000297b8      0x584 _build/nrf52840_xxaa/nrf_fprintf_format.c.o
                0x000297b8                nrf_fprintf_fmt
 .text.nrf_memobj_pool_init
                0x00029d3c        0x4 _build/nrf52840_xxaa/nrf_memobj.c.o
                0x00029d3c                nrf_memobj_pool_init
 .text.nrf_memobj_alloc
                0x00029d40       0x94 _build/nrf52840_xxaa/nrf_memobj.c.o
                0x00029d40                nrf_memobj_alloc
 .text.nrf_memobj_free
                0x00029dd4       0x3c _build/nrf52840_xxaa/nrf_memobj.c.o
                0x00029dd4                nrf_memobj_free
 .text.nrf_memobj_get
                0x00029e10        0x8 _build/nrf52840_xxaa/nrf_memobj.c.o
                0x00029e10                nrf_memobj_get
 .text.nrf_memobj_put
                0x00029e18       0x58 _build/nrf52840_xxaa/nrf_memobj.c.o
                0x00029e18                nrf_memobj_put
 .text.nrf_memobj_write
                0x00029e70       0x68 _build/nrf52840_xxaa/nrf_memobj.c.o
                0x00029e70                nrf_memobj_write
 .text.nrf_memobj_read
                0x00029ed8       0x68 _build/nrf52840_xxaa/nrf_memobj.c.o
                0x00029ed8                nrf_memobj_read
 .text.sd_power_system_off
                0x00029f40        0x4 _build/nrf52840_xxaa/nrf_pwr_mgmt.c.o
 .text.sd_app_evt_wait
                0x00029f44        0x4 _build/nrf52840_xxaa/nrf_pwr_mgmt.c.o
 .text.nrf_pwr_mgmt_init
                0x00029f48       0x2c _build/nrf52840_xxaa/nrf_pwr_mgmt.c.o
                0x00029f48                nrf_pwr_mgmt_init
 .text.nrf_pwr_mgmt_run
                0x00029f74       0x54 _build/nrf52840_xxaa/nrf_pwr_mgmt.c.o
                0x00029f74                nrf_pwr_mgmt_run
 .text.nrf_pwr_mgmt_shutdown
                0x00029fc8       0xbc _build/nrf52840_xxaa/nrf_pwr_mgmt.c.o
                0x00029fc8                nrf_pwr_mgmt_shutdown
 .text.nrf_queue_push
                0x0002a084       0xe8 _build/nrf52840_xxaa/nrf_queue.c.o
                0x0002a084                nrf_queue_push
 .text.nrf_queue_generic_pop
                0x0002a16c       0xd8 _build/nrf52840_xxaa/nrf_queue.c.o
                0x0002a16c                nrf_queue_generic_pop
 .text.nrf_queue_is_empty
                0x0002a244       0x10 _build/nrf52840_xxaa/nrf_queue.c.o
                0x0002a244                nrf_queue_is_empty
 .text.nrf_ringbuf_init
                0x0002a254       0x1c _build/nrf52840_xxaa/nrf_ringbuf.c.o
                0x0002a254                nrf_ringbuf_init
 .text.nrf_section_iter_init
                0x0002a270       0x14 _build/nrf52840_xxaa/nrf_section_iter.c.o
                0x0002a270                nrf_section_iter_init
 .text.nrf_section_iter_next
                0x0002a284       0x18 _build/nrf52840_xxaa/nrf_section_iter.c.o
                0x0002a284                nrf_section_iter_next
 .text.nrf_sortlist_add
                0x0002a29c       0x28 _build/nrf52840_xxaa/nrf_sortlist.c.o
                0x0002a29c                nrf_sortlist_add
 .text.nrf_sortlist_pop
                0x0002a2c4        0xc _build/nrf52840_xxaa/nrf_sortlist.c.o
                0x0002a2c4                nrf_sortlist_pop
 .text.nrf_sortlist_peek
                0x0002a2d0        0x8 _build/nrf52840_xxaa/nrf_sortlist.c.o
                0x0002a2d0                nrf_sortlist_peek
 .text.nrf_sortlist_remove
                0x0002a2d8       0x1c _build/nrf52840_xxaa/nrf_sortlist.c.o
                0x0002a2d8                nrf_sortlist_remove
 .text.nrf_strerror_get
                0x0002a2f4       0x4c _build/nrf52840_xxaa/nrf_strerror.c.o
                0x0002a2f4                nrf_strerror_get
 .text._write   0x0002a340       0x1c _build/nrf52840_xxaa/retarget.c.o
                0x0002a340                _write
 .text._read    0x0002a35c       0x14 _build/nrf52840_xxaa/retarget.c.o
                0x0002a35c                _read
 .text.SystemInit
                0x0002a370      0x25c _build/nrf52840_xxaa/system_nrf52840.c.o
                0x0002a370                SystemInit
 .text.bsp_board_led_state_get
                0x0002a5cc       0x28 _build/nrf52840_xxaa/boards.c.o
                0x0002a5cc                bsp_board_led_state_get
 .text.bsp_board_led_on
                0x0002a5f4       0x24 _build/nrf52840_xxaa/boards.c.o
                0x0002a5f4                bsp_board_led_on
 .text.bsp_board_led_off
                0x0002a618       0x24 _build/nrf52840_xxaa/boards.c.o
                0x0002a618                bsp_board_led_off
 .text.bsp_board_leds_off
                0x0002a63c       0x2c _build/nrf52840_xxaa/boards.c.o
                0x0002a63c                bsp_board_leds_off
 .text.bsp_board_leds_on
                0x0002a668       0x2c _build/nrf52840_xxaa/boards.c.o
                0x0002a668                bsp_board_leds_on
 .text.bsp_board_led_invert
                0x0002a694       0x34 _build/nrf52840_xxaa/boards.c.o
                0x0002a694                bsp_board_led_invert
 .text.bsp_board_button_state_get
                0x0002a6c8       0x28 _build/nrf52840_xxaa/boards.c.o
                0x0002a6c8                bsp_board_button_state_get
 .text.bsp_board_pin_to_button_idx
                0x0002a6f0       0x24 _build/nrf52840_xxaa/boards.c.o
                0x0002a6f0                bsp_board_pin_to_button_idx
 .text.bsp_board_button_idx_to_pin
                0x0002a714        0xc _build/nrf52840_xxaa/boards.c.o
                0x0002a714                bsp_board_button_idx_to_pin
 .text.bsp_board_init
                0x0002a720       0x60 _build/nrf52840_xxaa/boards.c.o
                0x0002a720                bsp_board_init
 .text.clock_irq_handler
                0x0002a780       0x44 _build/nrf52840_xxaa/nrf_drv_clock.c.o
 .text.soc_evt_handler
                0x0002a7c4       0x28 _build/nrf52840_xxaa/nrf_drv_clock.c.o
 .text.sd_state_evt_handler
                0x0002a7ec       0xc8 _build/nrf52840_xxaa/nrf_drv_clock.c.o
 .text.uarte_evt_handler
                0x0002a8b4       0x34 _build/nrf52840_xxaa/nrf_drv_uart.c.o
 .text.uart_evt_handler
                0x0002a8e8       0x34 _build/nrf52840_xxaa/nrf_drv_uart.c.o
 .text.nrf_drv_uart_init
                0x0002a91c       0x78 _build/nrf52840_xxaa/nrf_drv_uart.c.o
                0x0002a91c                nrf_drv_uart_init
 .text.nrfx_clock_init
                0x0002a994       0x18 _build/nrf52840_xxaa/nrfx_clock.c.o
                0x0002a994                nrfx_clock_init
 .text.nrfx_clock_enable
                0x0002a9ac       0x24 _build/nrf52840_xxaa/nrfx_clock.c.o
                0x0002a9ac                nrfx_clock_enable
 .text.nrfx_clock_lfclk_stop
                0x0002a9d0       0x2c _build/nrf52840_xxaa/nrfx_clock.c.o
                0x0002a9d0                nrfx_clock_lfclk_stop
 .text.POWER_CLOCK_IRQHandler
                0x0002a9fc       0x70 _build/nrf52840_xxaa/nrfx_clock.c.o
                0x0002a9fc                POWER_CLOCK_IRQHandler
 .text.nrfx_gpiote_init
                0x0002aa6c       0xb4 _build/nrf52840_xxaa/nrfx_gpiote.c.o
                0x0002aa6c                nrfx_gpiote_init
 .text.nrfx_gpiote_is_init
                0x0002ab20       0x14 _build/nrf52840_xxaa/nrfx_gpiote.c.o
                0x0002ab20                nrfx_gpiote_is_init
 .text.nrfx_gpiote_in_init
                0x0002ab34      0x204 _build/nrf52840_xxaa/nrfx_gpiote.c.o
                0x0002ab34                nrfx_gpiote_in_init
 .text.nrfx_gpiote_in_event_enable
                0x0002ad38       0xe0 _build/nrf52840_xxaa/nrfx_gpiote.c.o
                0x0002ad38                nrfx_gpiote_in_event_enable
 .text.nrfx_gpiote_in_is_set
                0x0002ae18       0x20 _build/nrf52840_xxaa/nrfx_gpiote.c.o
                0x0002ae18                nrfx_gpiote_in_is_set
 .text.GPIOTE_IRQHandler
                0x0002ae38      0x510 _build/nrf52840_xxaa/nrfx_gpiote.c.o
                0x0002ae38                GPIOTE_IRQHandler
 .text.UARTE0_UART0_IRQHandler
                0x0002b348        0xc _build/nrf52840_xxaa/nrfx_prs.c.o
                0x0002b348                UARTE0_UART0_IRQHandler
 .text.nrfx_prs_acquire
                0x0002b354       0x4c _build/nrf52840_xxaa/nrfx_prs.c.o
                0x0002b354                nrfx_prs_acquire
 .text.nrfx_uart_0_irq_handler
                0x0002b3a0      0x1d0 _build/nrf52840_xxaa/nrfx_uart.c.o
                0x0002b3a0                nrfx_uart_0_irq_handler
 .text.nrfx_uart_init
                0x0002b570      0x1ec _build/nrf52840_xxaa/nrfx_uart.c.o
                0x0002b570                nrfx_uart_init
 .text.nrfx_uart_tx
                0x0002b75c       0xd8 _build/nrf52840_xxaa/nrfx_uart.c.o
                0x0002b75c                nrfx_uart_tx
 .text.nrfx_uart_tx_in_progress
                0x0002b834       0x18 _build/nrf52840_xxaa/nrfx_uart.c.o
                0x0002b834                nrfx_uart_tx_in_progress
 .text.nrfx_uart_rx
                0x0002b84c      0x15c _build/nrf52840_xxaa/nrfx_uart.c.o
                0x0002b84c                nrfx_uart_rx
 .text.nrfx_uarte_0_irq_handler
                0x0002b9a8      0x178 _build/nrf52840_xxaa/nrfx_uarte.c.o
                0x0002b9a8                nrfx_uarte_0_irq_handler
 .text.nrfx_uarte_init
                0x0002bb20      0x21c _build/nrf52840_xxaa/nrfx_uarte.c.o
                0x0002bb20                nrfx_uarte_init
 .text.nrfx_uarte_tx
                0x0002bd3c       0xb0 _build/nrf52840_xxaa/nrfx_uarte.c.o
                0x0002bd3c                nrfx_uarte_tx
 .text.nrfx_uarte_tx_in_progress
                0x0002bdec       0x1c _build/nrf52840_xxaa/nrfx_uarte.c.o
                0x0002bdec                nrfx_uarte_tx_in_progress
 .text.nrfx_uarte_rx
                0x0002be08      0x138 _build/nrf52840_xxaa/nrfx_uarte.c.o
                0x0002be08                nrfx_uarte_rx
 .text.alert_timer_handler
                0x0002bf40        0x8 _build/nrf52840_xxaa/bsp.c.o
 .text.bsp_button_event_handler
                0x0002bf48       0xa4 _build/nrf52840_xxaa/bsp.c.o
 .text.button_timer_handler
                0x0002bfec       0x30 _build/nrf52840_xxaa/bsp.c.o
 .text.bsp_led_indication
                0x0002c01c      0x300 _build/nrf52840_xxaa/bsp.c.o
 .text.leds_timer_handler
                0x0002c31c       0x1c _build/nrf52840_xxaa/bsp.c.o
 .text.bsp_button_is_pressed
                0x0002c338        0xc _build/nrf52840_xxaa/bsp.c.o
                0x0002c338                bsp_button_is_pressed
 .text.bsp_indication_set
                0x0002c344       0x18 _build/nrf52840_xxaa/bsp.c.o
                0x0002c344                bsp_indication_set
 .text.bsp_init
                0x0002c35c       0xbc _build/nrf52840_xxaa/bsp.c.o
                0x0002c35c                bsp_init
 .text.bsp_event_to_button_action_assign
                0x0002c418       0x54 _build/nrf52840_xxaa/bsp.c.o
                0x0002c418                bsp_event_to_button_action_assign
 .text.bsp_wakeup_button_enable
                0x0002c46c       0x40 _build/nrf52840_xxaa/bsp.c.o
                0x0002c46c                bsp_wakeup_button_enable
 .text.ble_evt_handler
                0x0002c4ac       0xac _build/nrf52840_xxaa/bsp_btn_ble.c.o
 .text.bsp_btn_ble_sleep_mode_prepare
                0x0002c558       0x24 _build/nrf52840_xxaa/bsp_btn_ble.c.o
                0x0002c558                bsp_btn_ble_sleep_mode_prepare
 .text.bsp_btn_ble_init
                0x0002c57c       0x6c _build/nrf52840_xxaa/bsp_btn_ble.c.o
                0x0002c57c                bsp_btn_ble_init
 .text.sd_ble_gap_conn_param_update
                0x0002c5e8        0x4 _build/nrf52840_xxaa/main.c.o
 .text.sd_ble_gap_disconnect
                0x0002c5ec        0x4 _build/nrf52840_xxaa/main.c.o
 .text.sd_ble_gap_sec_params_reply
                0x0002c5f0        0x4 _build/nrf52840_xxaa/main.c.o
 .text.sd_ble_gap_phy_update
                0x0002c5f4        0x4 _build/nrf52840_xxaa/main.c.o
 .text.nus_error_handler
                0x0002c5f8        0x4 _build/nrf52840_xxaa/main.c.o
 .text.db_disc_handler
                0x0002c5fc        0xc _build/nrf52840_xxaa/main.c.o
 .text.ble_evt_handler
                0x0002c608      0x124 _build/nrf52840_xxaa/main.c.o
 .text.uart_event_handle
                0x0002c72c       0xa8 _build/nrf52840_xxaa/main.c.o
                0x0002c72c                uart_event_handle
 .text.shutdown_handler
                0x0002c7d4       0x2c _build/nrf52840_xxaa/main.c.o
 .text.gatt_evt_handler
                0x0002c800       0x58 _build/nrf52840_xxaa/main.c.o
                0x0002c800                gatt_evt_handler
 .text.bsp_event_handler
                0x0002c858       0x30 _build/nrf52840_xxaa/main.c.o
                0x0002c858                bsp_event_handler
 .text.scan_evt_handler
                0x0002c888       0x94 _build/nrf52840_xxaa/main.c.o
 .text.ble_nus_c_evt_handler
                0x0002c91c      0x168 _build/nrf52840_xxaa/main.c.o
 .text.gatt_init
                0x0002ca84       0x38 _build/nrf52840_xxaa/main.c.o
                0x0002ca84                gatt_init
 .text.startup.main
                0x0002cabc      0x1ec _build/nrf52840_xxaa/main.c.o
                0x0002cabc                main
 .text.SEGGER_RTT_WriteNoLock
                0x0002cca8      0x1ac _build/nrf52840_xxaa/SEGGER_RTT.c.o
                0x0002cca8                SEGGER_RTT_WriteNoLock
 .text.SEGGER_RTT_Init
                0x0002ce54       0x60 _build/nrf52840_xxaa/SEGGER_RTT.c.o
                0x0002ce54                SEGGER_RTT_Init
 .text.sd_ble_uuid_encode
                0x0002ceb4        0x4 _build/nrf52840_xxaa/ble_advdata.c.o
 .text.ble_advdata_uuid_find
                0x0002ceb8      0x110 _build/nrf52840_xxaa/ble_advdata.c.o
                0x0002ceb8                ble_advdata_uuid_find
 .text.discovery_complete_evt_trigger
                0x0002cfc8      0x1a8 _build/nrf52840_xxaa/ble_db_discovery.c.o
 .text.descriptors_discover
                0x0002d170       0xe8 _build/nrf52840_xxaa/ble_db_discovery.c.o
 .text.discovery_error_handler
                0x0002d258      0x108 _build/nrf52840_xxaa/ble_db_discovery.c.o
 .text.on_srv_disc_completion
                0x0002d360      0x1c4 _build/nrf52840_xxaa/ble_db_discovery.c.o
 .text.ble_db_discovery_init
                0x0002d524       0x3c _build/nrf52840_xxaa/ble_db_discovery.c.o
                0x0002d524                ble_db_discovery_init
 .text.ble_db_discovery_evt_register
                0x0002d560       0xe8 _build/nrf52840_xxaa/ble_db_discovery.c.o
                0x0002d560                ble_db_discovery_evt_register
 .text.ble_db_discovery_start
                0x0002d648       0xa4 _build/nrf52840_xxaa/ble_db_discovery.c.o
                0x0002d648                ble_db_discovery_start
 .text.ble_db_discovery_on_ble_evt
                0x0002d6ec      0x83c _build/nrf52840_xxaa/ble_db_discovery.c.o
                0x0002d6ec                ble_db_discovery_on_ble_evt
 .text.sd_ble_gap_data_length_update
                0x0002df28        0x4 _build/nrf52840_xxaa/nrf_ble_gatt.c.o
 .text.sd_ble_gattc_exchange_mtu_request
                0x0002df2c        0x4 _build/nrf52840_xxaa/nrf_ble_gatt.c.o
 .text.sd_ble_gatts_exchange_mtu_reply
                0x0002df30        0x4 _build/nrf52840_xxaa/nrf_ble_gatt.c.o
 .text.data_length_update
                0x0002df34       0x8c _build/nrf52840_xxaa/nrf_ble_gatt.c.o
 .text.nrf_ble_gatt_init
                0x0002dfc0       0x30 _build/nrf52840_xxaa/nrf_ble_gatt.c.o
                0x0002dfc0                nrf_ble_gatt_init
 .text.nrf_ble_gatt_att_mtu_central_set
                0x0002dff0       0x18 _build/nrf52840_xxaa/nrf_ble_gatt.c.o
                0x0002dff0                nrf_ble_gatt_att_mtu_central_set
 .text.nrf_ble_gatt_on_ble_evt
                0x0002e008      0x1e4 _build/nrf52840_xxaa/nrf_ble_gatt.c.o
                0x0002e008                nrf_ble_gatt_on_ble_evt
 .text.sd_ble_gattc_primary_services_discover
                0x0002e1ec        0x4 _build/nrf52840_xxaa/nrf_ble_gq.c.o
 .text.sd_ble_gattc_characteristics_discover
                0x0002e1f0        0x4 _build/nrf52840_xxaa/nrf_ble_gq.c.o
 .text.sd_ble_gattc_descriptors_discover
                0x0002e1f4        0x4 _build/nrf52840_xxaa/nrf_ble_gq.c.o
 .text.sd_ble_gattc_read
                0x0002e1f8        0x4 _build/nrf52840_xxaa/nrf_ble_gq.c.o
 .text.sd_ble_gattc_write
                0x0002e1fc        0x4 _build/nrf52840_xxaa/nrf_ble_gq.c.o
 .text.sd_ble_gatts_hvx
                0x0002e200        0x4 _build/nrf52840_xxaa/nrf_ble_gq.c.o
 .text.gatts_hvx_alloc
                0x0002e204       0x3c _build/nrf52840_xxaa/nrf_ble_gq.c.o
 .text.gattc_write_alloc
                0x0002e240       0x28 _build/nrf52840_xxaa/nrf_ble_gq.c.o
 .text.queues_purge
                0x0002e268       0x60 _build/nrf52840_xxaa/nrf_ble_gq.c.o
 .text.queue_process
                0x0002e2c8      0x17c _build/nrf52840_xxaa/nrf_ble_gq.c.o
 .text.nrf_ble_gq_item_add
                0x0002e444      0x19c _build/nrf52840_xxaa/nrf_ble_gq.c.o
                0x0002e444                nrf_ble_gq_item_add
 .text.nrf_ble_gq_conn_handle_register
                0x0002e5e0       0x88 _build/nrf52840_xxaa/nrf_ble_gq.c.o
                0x0002e5e0                nrf_ble_gq_conn_handle_register
 .text.nrf_ble_gq_on_ble_evt
                0x0002e668       0x8c _build/nrf52840_xxaa/nrf_ble_gq.c.o
                0x0002e668                nrf_ble_gq_on_ble_evt
 .text.sd_ble_gap_scan_start
                0x0002e6f4        0x4 _build/nrf52840_xxaa/nrf_ble_scan.c.o
 .text.sd_ble_gap_scan_stop
                0x0002e6f8        0x4 _build/nrf52840_xxaa/nrf_ble_scan.c.o
 .text.sd_ble_gap_connect
                0x0002e6fc        0x4 _build/nrf52840_xxaa/nrf_ble_scan.c.o
 .text.nrf_ble_scan_filter_set
                0x0002e700       0x34 _build/nrf52840_xxaa/nrf_ble_scan.c.o
                0x0002e700                nrf_ble_scan_filter_set
 .text.nrf_ble_scan_filters_enable
                0x0002e734       0x20 _build/nrf52840_xxaa/nrf_ble_scan.c.o
                0x0002e734                nrf_ble_scan_filters_enable
 .text.nrf_ble_scan_init
                0x0002e754       0xac _build/nrf52840_xxaa/nrf_ble_scan.c.o
                0x0002e754                nrf_ble_scan_init
 .text.nrf_ble_scan_start
                0x0002e800       0x74 _build/nrf52840_xxaa/nrf_ble_scan.c.o
                0x0002e800                nrf_ble_scan_start
 .text.nrf_ble_scan_on_ble_evt
                0x0002e874      0x1e8 _build/nrf52840_xxaa/nrf_ble_scan.c.o
                0x0002e874                nrf_ble_scan_on_ble_evt
 .text.sd_ble_uuid_vs_add
                0x0002ea5c        0x4 _build/nrf52840_xxaa/ble_nus_c.c.o
 .text.gatt_error_handler
                0x0002ea60        0x8 _build/nrf52840_xxaa/ble_nus_c.c.o
 .text.ble_nus_c_on_db_disc_evt
                0x0002ea68       0x90 _build/nrf52840_xxaa/ble_nus_c.c.o
                0x0002ea68                ble_nus_c_on_db_disc_evt
 .text.ble_nus_c_init
                0x0002eaf8       0x60 _build/nrf52840_xxaa/ble_nus_c.c.o
                0x0002eaf8                ble_nus_c_init
 .text.ble_nus_c_on_ble_evt
                0x0002eb58       0x70 _build/nrf52840_xxaa/ble_nus_c.c.o
                0x0002eb58                ble_nus_c_on_ble_evt
 .text.ble_nus_c_tx_notif_enable
                0x0002ebc8       0x68 _build/nrf52840_xxaa/ble_nus_c.c.o
                0x0002ebc8                ble_nus_c_tx_notif_enable
 .text.ble_nus_c_string_send
                0x0002ec30       0xa0 _build/nrf52840_xxaa/ble_nus_c.c.o
                0x0002ec30                ble_nus_c_string_send
 .text.ble_nus_c_handles_assign
                0x0002ecd0       0x1c _build/nrf52840_xxaa/ble_nus_c.c.o
                0x0002ecd0                ble_nus_c_handles_assign
 .text.sd_softdevice_enable
                0x0002ecec        0x4 _build/nrf52840_xxaa/nrf_sdh.c.o
 .text.nrf_sdh_enable_request
                0x0002ecf0      0x11c _build/nrf52840_xxaa/nrf_sdh.c.o
                0x0002ecf0                nrf_sdh_enable_request
 .text.nrf_sdh_is_enabled
                0x0002ee0c        0xc _build/nrf52840_xxaa/nrf_sdh.c.o
                0x0002ee0c                nrf_sdh_is_enabled
 .text.SWI2_EGU2_IRQHandler
                0x0002ee18       0x2c _build/nrf52840_xxaa/nrf_sdh.c.o
                0x0002ee18                SWI2_EGU2_IRQHandler
 .text.sd_ble_enable
                0x0002ee44        0x4 _build/nrf52840_xxaa/nrf_sdh_ble.c.o
 .text.sd_ble_cfg_set
                0x0002ee48        0x4 _build/nrf52840_xxaa/nrf_sdh_ble.c.o
 .text.sd_ble_evt_get
                0x0002ee4c        0x4 _build/nrf52840_xxaa/nrf_sdh_ble.c.o
 .text.nrf_sdh_ble_evts_poll.part.0
                0x0002ee50       0x5c _build/nrf52840_xxaa/nrf_sdh_ble.c.o
 .text.nrf_sdh_ble_evts_poll
                0x0002eeac       0x10 _build/nrf52840_xxaa/nrf_sdh_ble.c.o
 .text.nrf_sdh_ble_default_cfg_set
                0x0002eebc      0x1c0 _build/nrf52840_xxaa/nrf_sdh_ble.c.o
                0x0002eebc                nrf_sdh_ble_default_cfg_set
 .text.nrf_sdh_ble_enable
                0x0002f07c       0xa0 _build/nrf52840_xxaa/nrf_sdh_ble.c.o
                0x0002f07c                nrf_sdh_ble_enable
 .text.sd_evt_get
                0x0002f11c        0x4 _build/nrf52840_xxaa/nrf_sdh_soc.c.o
 .text.nrf_sdh_soc_evts_poll
                0x0002f120       0x50 _build/nrf52840_xxaa/nrf_sdh_soc.c.o
 .text.exit     0x0002f170       0x28 c:/program files (x86)/gnu arm embedded toolchain/10 2021.07/bin/../lib/gcc/arm-none-eabi/10.3.1/../../../../arm-none-eabi/lib/thumb/v7e-m+fp/hard\libc_nano.a(lib_a-exit.o)
                0x0002f170                exit
 .text.__libc_init_array
                0x0002f198       0x48 c:/program files (x86)/gnu arm embedded toolchain/10 2021.07/bin/../lib/gcc/arm-none-eabi/10.3.1/../../../../arm-none-eabi/lib/thumb/v7e-m+fp/hard\libc_nano.a(lib_a-init.o)
                0x0002f198                __libc_init_array
 .text.memcmp   0x0002f1e0       0x20 c:/program files (x86)/gnu arm embedded toolchain/10 2021.07/bin/../lib/gcc/arm-none-eabi/10.3.1/../../../../arm-none-eabi/lib/thumb/v7e-m+fp/hard\libc_nano.a(lib_a-memcmp.o)
                0x0002f1e0                memcmp
 .text.memcpy   0x0002f200       0x1c c:/program files (x86)/gnu arm embedded toolchain/10 2021.07/bin/../lib/gcc/arm-none-eabi/10.3.1/../../../../arm-none-eabi/lib/thumb/v7e-m+fp/hard\libc_nano.a(lib_a-memcpy-stub.o)
                0x0002f200                memcpy
 .text.memset   0x0002f21c       0x10 c:/program files (x86)/gnu arm embedded toolchain/10 2021.07/bin/../lib/gcc/arm-none-eabi/10.3.1/../../../../arm-none-eabi/lib/thumb/v7e-m+fp/hard\libc_nano.a(lib_a-memset.o)
                0x0002f21c                memset
 .text.printf   0x0002f22c       0x30 c:/program files (x86)/gnu arm embedded toolchain/10 2021.07/bin/../lib/gcc/arm-none-eabi/10.3.1/../../../../arm-none-eabi/lib/thumb/v7e-m+fp/hard\libc_nano.a(lib_a-printf.o)
                0x0002f22c                iprintf
                0x0002f22c                printf
 .text.strcpy   0x0002f25c       0x10 c:/program files (x86)/gnu arm embedded toolchain/10 2021.07/bin/../lib/gcc/arm-none-eabi/10.3.1/../../../../arm-none-eabi/lib/thumb/v7e-m+fp/hard\libc_nano.a(lib_a-strcpy.o)
                0x0002f25c                strcpy
 .text          0x0002f26c       0x10 c:/program files (x86)/gnu arm embedded toolchain/10 2021.07/bin/../lib/gcc/arm-none-eabi/10.3.1/../../../../arm-none-eabi/lib/thumb/v7e-m+fp/hard\libc_nano.a(lib_a-strlen.o)
                0x0002f26c                strlen
 .text.std      0x0002f27c       0x48 c:/program files (x86)/gnu arm embedded toolchain/10 2021.07/bin/../lib/gcc/arm-none-eabi/10.3.1/../../../../arm-none-eabi/lib/thumb/v7e-m+fp/hard\libc_nano.a(lib_a-findfp.o)
 .text._cleanup_r
                0x0002f2c4        0xc c:/program files (x86)/gnu arm embedded toolchain/10 2021.07/bin/../lib/gcc/arm-none-eabi/10.3.1/../../../../arm-none-eabi/lib/thumb/v7e-m+fp/hard\libc_nano.a(lib_a-findfp.o)
                0x0002f2c4                _cleanup_r
 .text.__sfmoreglue
                0x0002f2d0       0x2c c:/program files (x86)/gnu arm embedded toolchain/10 2021.07/bin/../lib/gcc/arm-none-eabi/10.3.1/../../../../arm-none-eabi/lib/thumb/v7e-m+fp/hard\libc_nano.a(lib_a-findfp.o)
                0x0002f2d0                __sfmoreglue
 .text.__sfp_lock_acquire
                0x0002f2fc        0xc c:/program files (x86)/gnu arm embedded toolchain/10 2021.07/bin/../lib/gcc/arm-none-eabi/10.3.1/../../../../arm-none-eabi/lib/thumb/v7e-m+fp/hard\libc_nano.a(lib_a-findfp.o)
                0x0002f2fc                __sfp_lock_acquire
 .text.__sfp_lock_release
                0x0002f308        0xc c:/program files (x86)/gnu arm embedded toolchain/10 2021.07/bin/../lib/gcc/arm-none-eabi/10.3.1/../../../../arm-none-eabi/lib/thumb/v7e-m+fp/hard\libc_nano.a(lib_a-findfp.o)
                0x0002f308                __sfp_lock_release
 .text.__sinit_lock_acquire
                0x0002f314        0xc c:/program files (x86)/gnu arm embedded toolchain/10 2021.07/bin/../lib/gcc/arm-none-eabi/10.3.1/../../../../arm-none-eabi/lib/thumb/v7e-m+fp/hard\libc_nano.a(lib_a-findfp.o)
                0x0002f314                __sinit_lock_acquire
 .text.__sinit_lock_release
                0x0002f320        0xc c:/program files (x86)/gnu arm embedded toolchain/10 2021.07/bin/../lib/gcc/arm-none-eabi/10.3.1/../../../../arm-none-eabi/lib/thumb/v7e-m+fp/hard\libc_nano.a(lib_a-findfp.o)
                0x0002f320                __sinit_lock_release
 .text.__sinit  0x0002f32c       0x70 c:/program files (x86)/gnu arm embedded toolchain/10 2021.07/bin/../lib/gcc/arm-none-eabi/10.3.1/../../../../arm-none-eabi/lib/thumb/v7e-m+fp/hard\libc_nano.a(lib_a-findfp.o)
                0x0002f32c                __sinit
 .text.__sfp    0x0002f39c       0x8c c:/program files (x86)/gnu arm embedded toolchain/10 2021.07/bin/../lib/gcc/arm-none-eabi/10.3.1/../../../../arm-none-eabi/lib/thumb/v7e-m+fp/hard\libc_nano.a(lib_a-findfp.o)
                0x0002f39c                __sfp
 .text._fwalk_reent
                0x0002f428       0x3e c:/program files (x86)/gnu arm embedded toolchain/10 2021.07/bin/../lib/gcc/arm-none-eabi/10.3.1/../../../../arm-none-eabi/lib/thumb/v7e-m+fp/hard\libc_nano.a(lib_a-fwalk.o)
                0x0002f428                _fwalk_reent
 .text.__retarget_lock_init_recursive
                0x0002f466        0x2 c:/program files (x86)/gnu arm embedded toolchain/10 2021.07/bin/../lib/gcc/arm-none-eabi/10.3.1/../../../../arm-none-eabi/lib/thumb/v7e-m+fp/hard\libc_nano.a(lib_a-lock.o)
                0x0002f466                __retarget_lock_init_recursive
 .text.__retarget_lock_acquire_recursive
                0x0002f468        0x2 c:/program files (x86)/gnu arm embedded toolchain/10 2021.07/bin/../lib/gcc/arm-none-eabi/10.3.1/../../../../arm-none-eabi/lib/thumb/v7e-m+fp/hard\libc_nano.a(lib_a-lock.o)
                0x0002f468                __retarget_lock_acquire_recursive
 .text.__retarget_lock_release_recursive
                0x0002f46a        0x2 c:/program files (x86)/gnu arm embedded toolchain/10 2021.07/bin/../lib/gcc/arm-none-eabi/10.3.1/../../../../arm-none-eabi/lib/thumb/v7e-m+fp/hard\libc_nano.a(lib_a-lock.o)
                0x0002f46a                __retarget_lock_release_recursive
 .text.sbrk_aligned
                0x0002f46c       0x40 c:/program files (x86)/gnu arm embedded toolchain/10 2021.07/bin/../lib/gcc/arm-none-eabi/10.3.1/../../../../arm-none-eabi/lib/thumb/v7e-m+fp/hard\libc_nano.a(lib_a-nano-mallocr.o)
 .text._malloc_r
                0x0002f4ac       0xe8 c:/program files (x86)/gnu arm embedded toolchain/10 2021.07/bin/../lib/gcc/arm-none-eabi/10.3.1/../../../../arm-none-eabi/lib/thumb/v7e-m+fp/hard\libc_nano.a(lib_a-nano-mallocr.o)
                0x0002f4ac                _malloc_r
 .text.__sfputc_r
                0x0002f594       0x2e c:/program files (x86)/gnu arm embedded toolchain/10 2021.07/bin/../lib/gcc/arm-none-eabi/10.3.1/../../../../arm-none-eabi/lib/thumb/v7e-m+fp/hard\libc_nano.a(lib_a-nano-vfprintf.o)
 .text.__sfputs_r
                0x0002f5c2       0x24 c:/program files (x86)/gnu arm embedded toolchain/10 2021.07/bin/../lib/gcc/arm-none-eabi/10.3.1/../../../../arm-none-eabi/lib/thumb/v7e-m+fp/hard\libc_nano.a(lib_a-nano-vfprintf.o)
                0x0002f5c2                __sfputs_r
 *fill*         0x0002f5e6        0x2 
 .text._vfprintf_r
                0x0002f5e8      0x260 c:/program files (x86)/gnu arm embedded toolchain/10 2021.07/bin/../lib/gcc/arm-none-eabi/10.3.1/../../../../arm-none-eabi/lib/thumb/v7e-m+fp/hard\libc_nano.a(lib_a-nano-vfprintf.o)
                0x0002f5e8                _vfprintf_r
                0x0002f5e8                _vfiprintf_r
 .text._printf_common
                0x0002f848       0xda c:/program files (x86)/gnu arm embedded toolchain/10 2021.07/bin/../lib/gcc/arm-none-eabi/10.3.1/../../../../arm-none-eabi/lib/thumb/v7e-m+fp/hard\libc_nano.a(lib_a-nano-vfprintf_i.o)
                0x0002f848                _printf_common
 *fill*         0x0002f922        0x2 
 .text._printf_i
                0x0002f924      0x24c c:/program files (x86)/gnu arm embedded toolchain/10 2021.07/bin/../lib/gcc/arm-none-eabi/10.3.1/../../../../arm-none-eabi/lib/thumb/v7e-m+fp/hard\libc_nano.a(lib_a-nano-vfprintf_i.o)
                0x0002f924                _printf_i
 .text._sbrk_r  0x0002fb70       0x20 c:/program files (x86)/gnu arm embedded toolchain/10 2021.07/bin/../lib/gcc/arm-none-eabi/10.3.1/../../../../arm-none-eabi/lib/thumb/v7e-m+fp/hard\libc_nano.a(lib_a-sbrkr.o)
                0x0002fb70                _sbrk_r
 .text.__sread  0x0002fb90       0x22 c:/program files (x86)/gnu arm embedded toolchain/10 2021.07/bin/../lib/gcc/arm-none-eabi/10.3.1/../../../../arm-none-eabi/lib/thumb/v7e-m+fp/hard\libc_nano.a(lib_a-stdio.o)
                0x0002fb90                __sread
 .text.__swrite
                0x0002fbb2       0x38 c:/program files (x86)/gnu arm embedded toolchain/10 2021.07/bin/../lib/gcc/arm-none-eabi/10.3.1/../../../../arm-none-eabi/lib/thumb/v7e-m+fp/hard\libc_nano.a(lib_a-stdio.o)
                0x0002fbb2                __swrite
 .text.__sseek  0x0002fbea       0x24 c:/program files (x86)/gnu arm embedded toolchain/10 2021.07/bin/../lib/gcc/arm-none-eabi/10.3.1/../../../../arm-none-eabi/lib/thumb/v7e-m+fp/hard\libc_nano.a(lib_a-stdio.o)
                0x0002fbea                __sseek
 .text.__sclose
                0x0002fc0e        0x8 c:/program files (x86)/gnu arm embedded toolchain/10 2021.07/bin/../lib/gcc/arm-none-eabi/10.3.1/../../../../arm-none-eabi/lib/thumb/v7e-m+fp/hard\libc_nano.a(lib_a-stdio.o)
                0x0002fc0e                __sclose
 *fill*         0x0002fc16        0x2 
 .text.__swbuf_r
                0x0002fc18       0xa4 c:/program files (x86)/gnu arm embedded toolchain/10 2021.07/bin/../lib/gcc/arm-none-eabi/10.3.1/../../../../arm-none-eabi/lib/thumb/v7e-m+fp/hard\libc_nano.a(lib_a-wbuf.o)
                0x0002fc18                __swbuf_r
 .text._write_r
                0x0002fcbc       0x24 c:/program files (x86)/gnu arm embedded toolchain/10 2021.07/bin/../lib/gcc/arm-none-eabi/10.3.1/../../../../arm-none-eabi/lib/thumb/v7e-m+fp/hard\libc_nano.a(lib_a-writer.o)
                0x0002fcbc                _write_r
 .text.__swsetup_r
                0x0002fce0       0xdc c:/program files (x86)/gnu arm embedded toolchain/10 2021.07/bin/../lib/gcc/arm-none-eabi/10.3.1/../../../../arm-none-eabi/lib/thumb/v7e-m+fp/hard\libc_nano.a(lib_a-wsetup.o)
                0x0002fce0                __swsetup_r
 .text._close_r
                0x0002fdbc       0x20 c:/program files (x86)/gnu arm embedded toolchain/10 2021.07/bin/../lib/gcc/arm-none-eabi/10.3.1/../../../../arm-none-eabi/lib/thumb/v7e-m+fp/hard\libc_nano.a(lib_a-closer.o)
                0x0002fdbc                _close_r
 .text.__sflush_r
                0x0002fddc      0x10c c:/program files (x86)/gnu arm embedded toolchain/10 2021.07/bin/../lib/gcc/arm-none-eabi/10.3.1/../../../../arm-none-eabi/lib/thumb/v7e-m+fp/hard\libc_nano.a(lib_a-fflush.o)
                0x0002fddc                __sflush_r
 .text._fflush_r
                0x0002fee8       0x78 c:/program files (x86)/gnu arm embedded toolchain/10 2021.07/bin/../lib/gcc/arm-none-eabi/10.3.1/../../../../arm-none-eabi/lib/thumb/v7e-m+fp/hard\libc_nano.a(lib_a-fflush.o)
                0x0002fee8                _fflush_r
 .text._lseek_r
                0x0002ff60       0x24 c:/program files (x86)/gnu arm embedded toolchain/10 2021.07/bin/../lib/gcc/arm-none-eabi/10.3.1/../../../../arm-none-eabi/lib/thumb/v7e-m+fp/hard\libc_nano.a(lib_a-lseekr.o)
                0x0002ff60                _lseek_r
 .text.__swhatbuf_r
                0x0002ff84       0x4a c:/program files (x86)/gnu arm embedded toolchain/10 2021.07/bin/../lib/gcc/arm-none-eabi/10.3.1/../../../../arm-none-eabi/lib/thumb/v7e-m+fp/hard\libc_nano.a(lib_a-makebuf.o)
                0x0002ff84                __swhatbuf_r
 *fill*         0x0002ffce        0x2 
 .text.__smakebuf_r
                0x0002ffd0       0x80 c:/program files (x86)/gnu arm embedded toolchain/10 2021.07/bin/../lib/gcc/arm-none-eabi/10.3.1/../../../../arm-none-eabi/lib/thumb/v7e-m+fp/hard\libc_nano.a(lib_a-makebuf.o)
                0x0002ffd0                __smakebuf_r
 .text          0x00030050       0xa0 c:/program files (x86)/gnu arm embedded toolchain/10 2021.07/bin/../lib/gcc/arm-none-eabi/10.3.1/../../../../arm-none-eabi/lib/thumb/v7e-m+fp/hard\libc_nano.a(lib_a-memchr.o)
                0x00030050                memchr
 .text.__malloc_lock
                0x000300f0        0xc c:/program files (x86)/gnu arm embedded toolchain/10 2021.07/bin/../lib/gcc/arm-none-eabi/10.3.1/../../../../arm-none-eabi/lib/thumb/v7e-m+fp/hard\libc_nano.a(lib_a-mlock.o)
                0x000300f0                __malloc_lock
 .text.__malloc_unlock
                0x000300fc        0xc c:/program files (x86)/gnu arm embedded toolchain/10 2021.07/bin/../lib/gcc/arm-none-eabi/10.3.1/../../../../arm-none-eabi/lib/thumb/v7e-m+fp/hard\libc_nano.a(lib_a-mlock.o)
                0x000300fc                __malloc_unlock
 .text._free_r  0x00030108       0x98 c:/program files (x86)/gnu arm embedded toolchain/10 2021.07/bin/../lib/gcc/arm-none-eabi/10.3.1/../../../../arm-none-eabi/lib/thumb/v7e-m+fp/hard\libc_nano.a(lib_a-nano-freer.o)
                0x00030108                _free_r
 .text._read_r  0x000301a0       0x24 c:/program files (x86)/gnu arm embedded toolchain/10 2021.07/bin/../lib/gcc/arm-none-eabi/10.3.1/../../../../arm-none-eabi/lib/thumb/v7e-m+fp/hard\libc_nano.a(lib_a-readr.o)
                0x000301a0                _read_r
 .text._fstat_r
                0x000301c4       0x24 c:/program files (x86)/gnu arm embedded toolchain/10 2021.07/bin/../lib/gcc/arm-none-eabi/10.3.1/../../../../arm-none-eabi/lib/thumb/v7e-m+fp/hard\libc_nano.a(lib_a-fstatr.o)
                0x000301c4                _fstat_r
 .text._isatty_r
                0x000301e8       0x20 c:/program files (x86)/gnu arm embedded toolchain/10 2021.07/bin/../lib/gcc/arm-none-eabi/10.3.1/../../../../arm-none-eabi/lib/thumb/v7e-m+fp/hard\libc_nano.a(lib_a-isattyr.o)
                0x000301e8                _isatty_r
 .text._close   0x00030208       0x10 c:/program files (x86)/gnu arm embedded toolchain/10 2021.07/bin/../lib/gcc/arm-none-eabi/10.3.1/../../../../arm-none-eabi/lib/thumb/v7e-m+fp/hard\libnosys.a(close.o)
                0x00030208                _close
 .text._fstat   0x00030218       0x10 c:/program files (x86)/gnu arm embedded toolchain/10 2021.07/bin/../lib/gcc/arm-none-eabi/10.3.1/../../../../arm-none-eabi/lib/thumb/v7e-m+fp/hard\libnosys.a(fstat.o)
                0x00030218                _fstat
 .text._isatty  0x00030228       0x10 c:/program files (x86)/gnu arm embedded toolchain/10 2021.07/bin/../lib/gcc/arm-none-eabi/10.3.1/../../../../arm-none-eabi/lib/thumb/v7e-m+fp/hard\libnosys.a(isatty.o)
                0x00030228                _isatty
 .text._lseek   0x00030238       0x10 c:/program files (x86)/gnu arm embedded toolchain/10 2021.07/bin/../lib/gcc/arm-none-eabi/10.3.1/../../../../arm-none-eabi/lib/thumb/v7e-m+fp/hard\libnosys.a(lseek.o)
                0x00030238                _lseek
 .text._sbrk    0x00030248       0x1c c:/program files (x86)/gnu arm embedded toolchain/10 2021.07/bin/../lib/gcc/arm-none-eabi/10.3.1/../../../../arm-none-eabi/lib/thumb/v7e-m+fp/hard\libnosys.a(sbrk.o)
                0x00030248                _sbrk
 .text._exit    0x00030264        0x4 c:/program files (x86)/gnu arm embedded toolchain/10 2021.07/bin/../lib/gcc/arm-none-eabi/10.3.1/../../../../arm-none-eabi/lib/thumb/v7e-m+fp/hard\libnosys.a(_exit.o)
                0x00030264                _exit
 .text          0x00030268       0x30 c:/program files (x86)/gnu arm embedded toolchain/10 2021.07/bin/../lib/gcc/arm-none-eabi/10.3.1/thumb/v7e-m+fp/hard\libgcc.a(_aeabi_uldivmod.o)
                0x00030268                __aeabi_uldivmod
 .text          0x00030298      0x2d0 c:/program files (x86)/gnu arm embedded toolchain/10 2021.07/bin/../lib/gcc/arm-none-eabi/10.3.1/thumb/v7e-m+fp/hard\libgcc.a(_udivmoddi4.o)
                0x00030298                __udivmoddi4
 .text          0x00030568        0x4 c:/program files (x86)/gnu arm embedded toolchain/10 2021.07/bin/../lib/gcc/arm-none-eabi/10.3.1/thumb/v7e-m+fp/hard\libgcc.a(_dvmd_tls.o)
                0x00030568                __aeabi_idiv0
                0x00030568                __aeabi_ldiv0
 *(.init)
 .init          0x0003056c        0x4 c:/program files (x86)/gnu arm embedded toolchain/10 2021.07/bin/../lib/gcc/arm-none-eabi/10.3.1/thumb/v7e-m+fp/hard/crti.o
                0x0003056c                _init
 .init          0x00030570        0x8 c:/program files (x86)/gnu arm embedded toolchain/10 2021.07/bin/../lib/gcc/arm-none-eabi/10.3.1/thumb/v7e-m+fp/hard/crtn.o
 *(.fini)
 .fini          0x00030578        0x4 c:/program files (x86)/gnu arm embedded toolchain/10 2021.07/bin/../lib/gcc/arm-none-eabi/10.3.1/thumb/v7e-m+fp/hard/crti.o
                0x00030578                _fini
 .fini          0x0003057c        0x8 c:/program files (x86)/gnu arm embedded toolchain/10 2021.07/bin/../lib/gcc/arm-none-eabi/10.3.1/thumb/v7e-m+fp/hard/crtn.o
 *crtbegin.o(.ctors)
 *crtbegin?.o(.ctors)
 *(EXCLUDE_FILE(*crtend.o *crtend?.o) .ctors)
 *(SORT_BY_NAME(.ctors.*))
 *(.ctors)
 *crtbegin.o(.dtors)
 *crtbegin?.o(.dtors)
 *(EXCLUDE_FILE(*crtend.o *crtend?.o) .dtors)
 *(SORT_BY_NAME(.dtors.*))
 *(.dtors)
 *(.rodata*)
 *fill*         0x00030584        0xc 
 .rodata.delay_machine_code.0
                0x00030590        0x6 _build/nrf52840_xxaa/nrf_log_backend_rtt.c.o
 *fill*         0x00030596        0x2 
 .rodata.nrf_log_backend_rtt_api
                0x00030598        0xc _build/nrf52840_xxaa/nrf_log_backend_rtt.c.o
                0x00030598                nrf_log_backend_rtt_api
 .rodata.str1.4
                0x000305a4       0x10 _build/nrf52840_xxaa/nrf_log_default_backends.c.o
 .rodata.nrf_log_frontend_dequeue.str1.4
                0x000305b4       0x11 _build/nrf52840_xxaa/nrf_log_frontend.c.o
 *fill*         0x000305c5        0x3 
 .rodata.str1.4
                0x000305c8        0x4 _build/nrf52840_xxaa/nrf_log_frontend.c.o
 .rodata.m_log_push_ringbuf
                0x000305cc        0xc _build/nrf52840_xxaa/nrf_log_frontend.c.o
 .rodata.prefix_process.str1.4
                0x000305d8       0x36 _build/nrf52840_xxaa/nrf_log_str_formatter.c.o
 *fill*         0x0003060e        0x2 
 .rodata.nrf_log_std_entry_process.str1.4
                0x00030610        0x3 _build/nrf52840_xxaa/nrf_log_str_formatter.c.o
 *fill*         0x00030613        0x1 
 .rodata.nrf_log_hexdump_entry_process.str1.4
                0x00030614       0x13 _build/nrf52840_xxaa/nrf_log_str_formatter.c.o
                                 0x16 (size before relaxing)
 *fill*         0x00030627        0x1 
 .rodata.str1.4
                0x00030628       0x56 _build/nrf52840_xxaa/nrf_log_str_formatter.c.o
 *fill*         0x0003067e        0x2 
 .rodata.m_colors
                0x00030680       0x24 _build/nrf52840_xxaa/nrf_log_str_formatter.c.o
 .rodata.severity_names
                0x000306a4       0x14 _build/nrf52840_xxaa/nrf_log_str_formatter.c.o
 .rodata.str1.4
                0x000306b8        0xb _build/nrf52840_xxaa/app_button.c.o
 *fill*         0x000306c3        0x1 
 .rodata.m_detection_delay_timer_id
                0x000306c4        0x4 _build/nrf52840_xxaa/app_button.c.o
 .rodata.app_error_fault_handler.str1.4
                0x000306c8       0x19 _build/nrf52840_xxaa/app_error_weak.c.o
 *fill*         0x000306e1        0x3 
 .rodata.str1.4
                0x000306e4        0xa _build/nrf52840_xxaa/app_timer2.c.o
 *fill*         0x000306ee        0x2 
 .rodata        0x000306f0        0x4 _build/nrf52840_xxaa/app_timer2.c.o
 .rodata.m_app_timer_sortlist
                0x000306f4        0xc _build/nrf52840_xxaa/app_timer2.c.o
 .rodata        0x00030700       0x20 _build/nrf52840_xxaa/app_uart_fifo.c.o
 .rodata.drv_rtc_init.str1.4
                0x00030720       0x36 _build/nrf52840_xxaa/drv_rtc.c.o
 *fill*         0x00030756        0xa 
 .rodata.delay_machine_code.0
                0x00030760        0x6 _build/nrf52840_xxaa/drv_rtc.c.o
 *fill*         0x00030766        0x2 
 .rodata._aV2C.0
                0x00030768       0x10 _build/nrf52840_xxaa/nrf_fprintf_format.c.o
 .rodata.str1.4
                0x00030778        0x9 _build/nrf52840_xxaa/nrf_pwr_mgmt.c.o
 *fill*         0x00030781        0x3 
 .rodata.pwr_mgmt_data
                0x00030784        0xc _build/nrf52840_xxaa/nrf_pwr_mgmt.c.o
 .rodata.str1.4
                0x00030790        0x9 _build/nrf52840_xxaa/nrf_sortlist.c.o
 *fill*         0x00030799        0x3 
 .rodata.str1.4
                0x0003079c      0x3e9 _build/nrf52840_xxaa/nrf_strerror.c.o
 *fill*         0x00030b85        0x3 
 .rodata.m_unknown_str
                0x00030b88       0x13 _build/nrf52840_xxaa/nrf_strerror.c.o
 *fill*         0x00030b9b        0x1 
 .rodata.nrf_strerror_array
                0x00030b9c      0x128 _build/nrf52840_xxaa/nrf_strerror.c.o
 .rodata.CSWTCH.15
                0x00030cc4        0x6 _build/nrf52840_xxaa/system_nrf52840.c.o
 *fill*         0x00030cca        0x2 
 .rodata.CSWTCH.6
                0x00030ccc        0x6 _build/nrf52840_xxaa/system_nrf52840.c.o
 *fill*         0x00030cd2        0x2 
 .rodata.m_board_btn_list
                0x00030cd4        0x4 _build/nrf52840_xxaa/boards.c.o
 .rodata.m_board_led_list
                0x00030cd8        0x4 _build/nrf52840_xxaa/boards.c.o
 .rodata.str1.4
                0x00030cdc        0x6 _build/nrf52840_xxaa/nrf_drv_clock.c.o
 *fill*         0x00030ce2        0x2 
 .rodata.str1.4
                0x00030ce4        0x6 _build/nrf52840_xxaa/nrfx_clock.c.o
 *fill*         0x00030cea        0x2 
 .rodata.str1.4
                0x00030cec        0x7 _build/nrf52840_xxaa/nrfx_gpiote.c.o
 *fill*         0x00030cf3        0x1 
 .rodata.str1.4
                0x00030cf4        0x4 _build/nrf52840_xxaa/nrfx_prs.c.o
 .rodata.str1.4
                0x00030cf8        0x5 _build/nrf52840_xxaa/nrfx_uart.c.o
 *fill*         0x00030cfd        0x3 
 .rodata.str1.4
                0x00030d00        0x6 _build/nrf52840_xxaa/nrfx_uarte.c.o
 *fill*         0x00030d06        0x2 
 .rodata.app_buttons
                0x00030d08       0x20 _build/nrf52840_xxaa/bsp.c.o
 .rodata.m_bsp_alert_tmr
                0x00030d28        0x4 _build/nrf52840_xxaa/bsp.c.o
 .rodata.m_bsp_button_tmr
                0x00030d2c        0x4 _build/nrf52840_xxaa/bsp.c.o
 .rodata.m_bsp_leds_tmr
                0x00030d30        0x4 _build/nrf52840_xxaa/bsp.c.o
 .rodata.ble_evt_handler.str1.4
                0x00030d34       0x4e _build/nrf52840_xxaa/main.c.o
 *fill*         0x00030d82        0x2 
 .rodata.uart_event_handle.str1.4
                0x00030d84       0x60 _build/nrf52840_xxaa/main.c.o
 .rodata.gatt_evt_handler.str1.4
                0x00030de4       0x44 _build/nrf52840_xxaa/main.c.o
 .rodata.scan_evt_handler.str1.4
                0x00030e28       0x40 _build/nrf52840_xxaa/main.c.o
 .rodata.ble_nus_c_evt_handler.str1.4
                0x00030e68       0xa6 _build/nrf52840_xxaa/main.c.o
 *fill*         0x00030f0e        0x2 
 .rodata.main.str1.4
                0x00030f10       0x46 _build/nrf52840_xxaa/main.c.o
 *fill*         0x00030f56        0x2 
 .rodata        0x00030f58       0x18 _build/nrf52840_xxaa/main.c.o
 .rodata.m_ble_gatt_queuereq_queue
                0x00030f70       0x14 _build/nrf52840_xxaa/main.c.o
 .rodata.m_nus_uuid
                0x00030f84        0x4 _build/nrf52840_xxaa/main.c.o
 .rodata.SEGGER_RTT_ReadNoLock.str1.4
                0x00030f88       0x17 _build/nrf52840_xxaa/SEGGER_RTT.c.o
 *fill*         0x00030f9f        0x1 
 .rodata.ble_db_discovery_on_ble_evt.str1.4
                0x00030fa0      0x10a _build/nrf52840_xxaa/ble_db_discovery.c.o
 *fill*         0x000310aa        0x2 
 .rodata.str1.4
                0x000310ac        0xc _build/nrf52840_xxaa/ble_db_discovery.c.o
 .rodata.data_length_update.str1.4
                0x000310b8       0xe2 _build/nrf52840_xxaa/nrf_ble_gatt.c.o
 *fill*         0x0003119a        0x2 
 .rodata.nrf_ble_gatt_on_ble_evt.str1.4
                0x0003119c       0x63 _build/nrf52840_xxaa/nrf_ble_gatt.c.o
 *fill*         0x000311ff        0x1 
 .rodata.str1.4
                0x00031200        0xd _build/nrf52840_xxaa/nrf_ble_gatt.c.o
 *fill*         0x0003120d        0x3 
 .rodata.queue_process.str1.4
                0x00031210       0x66 _build/nrf52840_xxaa/nrf_ble_gq.c.o
 *fill*         0x00031276        0x2 
 .rodata.str1.4
                0x00031278        0xb _build/nrf52840_xxaa/nrf_ble_gq.c.o
 *fill*         0x00031283        0x1 
 .rodata.m_req_data_alloc
                0x00031284       0x18 _build/nrf52840_xxaa/nrf_ble_gq.c.o
 .rodata.nrf_ble_scan_start.str1.4
                0x0003129c       0x24 _build/nrf52840_xxaa/nrf_ble_scan.c.o
 .rodata.str1.4
                0x000312c0        0x9 _build/nrf52840_xxaa/nrf_ble_scan.c.o
 *fill*         0x000312c9        0x3 
 .rodata.ble_nus_c_string_send.str1.4
                0x000312cc       0x2f _build/nrf52840_xxaa/ble_nus_c.c.o
 *fill*         0x000312fb        0x1 
 .rodata.str1.4
                0x000312fc        0xa _build/nrf52840_xxaa/ble_nus_c.c.o
 *fill*         0x00031306        0x2 
 .rodata        0x00031308       0x10 _build/nrf52840_xxaa/ble_nus_c.c.o
 .rodata.str1.4
                0x00031318        0x8 _build/nrf52840_xxaa/nrf_sdh.c.o
 .rodata        0x00031320        0x4 _build/nrf52840_xxaa/nrf_sdh.c.o
 .rodata.sdh_req_observers
                0x00031324        0xc _build/nrf52840_xxaa/nrf_sdh.c.o
 .rodata.sdh_stack_observers
                0x00031330        0xc _build/nrf52840_xxaa/nrf_sdh.c.o
 .rodata.sdh_state_observers
                0x0003133c        0xc _build/nrf52840_xxaa/nrf_sdh.c.o
 .rodata.nrf_sdh_ble_default_cfg_set.str1.4
                0x00031348      0x1cf _build/nrf52840_xxaa/nrf_sdh_ble.c.o
 *fill*         0x00031517        0x1 
 .rodata.nrf_sdh_ble_enable.str1.4
                0x00031518       0xad _build/nrf52840_xxaa/nrf_sdh_ble.c.o
 *fill*         0x000315c5        0x3 
 .rodata.str1.4
                0x000315c8        0xc _build/nrf52840_xxaa/nrf_sdh_ble.c.o
 .rodata.sdh_ble_observers
                0x000315d4        0xc _build/nrf52840_xxaa/nrf_sdh_ble.c.o
 .rodata.str1.4
                0x000315e0        0xc _build/nrf52840_xxaa/nrf_sdh_soc.c.o
 .rodata.sdh_soc_observers
                0x000315ec        0xc _build/nrf52840_xxaa/nrf_sdh_soc.c.o
 .rodata._ctype_
                0x000315f8      0x101 c:/program files (x86)/gnu arm embedded toolchain/10 2021.07/bin/../lib/gcc/arm-none-eabi/10.3.1/../../../../arm-none-eabi/lib/thumb/v7e-m+fp/hard\libc_nano.a(lib_a-ctype_.o)
                0x000315f8                _ctype_
 *fill*         0x000316f9        0x3 
 .rodata._global_impure_ptr
                0x000316fc        0x4 c:/program files (x86)/gnu arm embedded toolchain/10 2021.07/bin/../lib/gcc/arm-none-eabi/10.3.1/../../../../arm-none-eabi/lib/thumb/v7e-m+fp/hard\libc_nano.a(lib_a-impure.o)
                0x000316fc                _global_impure_ptr
 .rodata.__sf_fake_stderr
                0x00031700       0x20 c:/program files (x86)/gnu arm embedded toolchain/10 2021.07/bin/../lib/gcc/arm-none-eabi/10.3.1/../../../../arm-none-eabi/lib/thumb/v7e-m+fp/hard\libc_nano.a(lib_a-findfp.o)
                0x00031700                __sf_fake_stderr
 .rodata.__sf_fake_stdin
                0x00031720       0x20 c:/program files (x86)/gnu arm embedded toolchain/10 2021.07/bin/../lib/gcc/arm-none-eabi/10.3.1/../../../../arm-none-eabi/lib/thumb/v7e-m+fp/hard\libc_nano.a(lib_a-findfp.o)
                0x00031720                __sf_fake_stdin
 .rodata.__sf_fake_stdout
                0x00031740       0x20 c:/program files (x86)/gnu arm embedded toolchain/10 2021.07/bin/../lib/gcc/arm-none-eabi/10.3.1/../../../../arm-none-eabi/lib/thumb/v7e-m+fp/hard\libc_nano.a(lib_a-findfp.o)
                0x00031740                __sf_fake_stdout
 .rodata._vfprintf_r.str1.1
                0x00031760       0x11 c:/program files (x86)/gnu arm embedded toolchain/10 2021.07/bin/../lib/gcc/arm-none-eabi/10.3.1/../../../../arm-none-eabi/lib/thumb/v7e-m+fp/hard\libc_nano.a(lib_a-nano-vfprintf.o)
 .rodata._printf_i.str1.1
                0x00031771       0x22 c:/program files (x86)/gnu arm embedded toolchain/10 2021.07/bin/../lib/gcc/arm-none-eabi/10.3.1/../../../../arm-none-eabi/lib/thumb/v7e-m+fp/hard\libc_nano.a(lib_a-nano-vfprintf_i.o)
 *(.eh_frame*)
 *fill*         0x00031793        0x1 
 .eh_frame      0x00031794        0x0 c:/program files (x86)/gnu arm embedded toolchain/10 2021.07/bin/../lib/gcc/arm-none-eabi/10.3.1/thumb/v7e-m+fp/hard/crtbegin.o
 .eh_frame      0x00031794        0x4 c:/program files (x86)/gnu arm embedded toolchain/10 2021.07/bin/../lib/gcc/arm-none-eabi/10.3.1/thumb/v7e-m+fp/hard/crtend.o

.glue_7         0x00031798        0x0
 .glue_7        0x00031798        0x0 linker stubs

.glue_7t        0x00031798        0x0
 .glue_7t       0x00031798        0x0 linker stubs

.vfp11_veneer   0x00031798        0x0
 .vfp11_veneer  0x00031798        0x0 linker stubs

.v4_bx          0x00031798        0x0
 .v4_bx         0x00031798        0x0 linker stubs

.iplt           0x00031798        0x0
 .iplt          0x00031798        0x0 c:/program files (x86)/gnu arm embedded toolchain/10 2021.07/bin/../lib/gcc/arm-none-eabi/10.3.1/thumb/v7e-m+fp/hard/crtbegin.o

.mem_section_dummy_rom

.sdh_soc_observers
                0x00031798        0x8
                0x00031798                PROVIDE (__start_sdh_soc_observers = .)
 *(SORT_BY_NAME(.sdh_soc_observers*))
 .sdh_soc_observers0
                0x00031798        0x8 _build/nrf52840_xxaa/nrf_drv_clock.c.o
                0x000317a0                PROVIDE (__stop_sdh_soc_observers = .)

.pwr_mgmt_data  0x000317a0        0x4
                0x000317a0                PROVIDE (__start_pwr_mgmt_data = .)
 *(SORT_BY_NAME(.pwr_mgmt_data*))
 .pwr_mgmt_data1
                0x000317a0        0x4 _build/nrf52840_xxaa/main.c.o
                0x000317a4                PROVIDE (__stop_pwr_mgmt_data = .)

.log_const_data
                0x000317a4       0x98
                0x000317a4                PROVIDE (__start_log_const_data = .)
 *(SORT_BY_NAME(.log_const_data*))
 .log_const_data_CLOCK
                0x000317a4        0x8 _build/nrf52840_xxaa/nrfx_clock.c.o
                0x000317a4                m_nrf_log_CLOCK_logs_data_const
 .log_const_data_GPIOTE
                0x000317ac        0x8 _build/nrf52840_xxaa/nrfx_gpiote.c.o
                0x000317ac                m_nrf_log_GPIOTE_logs_data_const
 .log_const_data_PRS
                0x000317b4        0x8 _build/nrf52840_xxaa/nrfx_prs.c.o
                0x000317b4                m_nrf_log_PRS_logs_data_const
 .log_const_data_UART
                0x000317bc        0x8 _build/nrf52840_xxaa/nrfx_uart.c.o
                0x000317bc                m_nrf_log_UART_logs_data_const
 .log_const_data_UARTE
                0x000317c4        0x8 _build/nrf52840_xxaa/nrfx_uarte.c.o
                0x000317c4                m_nrf_log_UARTE_logs_data_const
 .log_const_data_app
                0x000317cc        0x8 _build/nrf52840_xxaa/nrf_log_frontend.c.o
                0x000317cc                m_nrf_log_app_logs_data_const
 .log_const_data_app_button
                0x000317d4        0x8 _build/nrf52840_xxaa/app_button.c.o
                0x000317d4                m_nrf_log_app_button_logs_data_const
 .log_const_data_app_timer
                0x000317dc        0x8 _build/nrf52840_xxaa/app_timer2.c.o
                0x000317dc                m_nrf_log_app_timer_logs_data_const
 .log_const_data_ble_db_disc
                0x000317e4        0x8 _build/nrf52840_xxaa/ble_db_discovery.c.o
                0x000317e4                m_nrf_log_ble_db_disc_logs_data_const
 .log_const_data_ble_nus_c
                0x000317ec        0x8 _build/nrf52840_xxaa/ble_nus_c.c.o
                0x000317ec                m_nrf_log_ble_nus_c_logs_data_const
 .log_const_data_ble_scan
                0x000317f4        0x8 _build/nrf52840_xxaa/nrf_ble_scan.c.o
                0x000317f4                m_nrf_log_ble_scan_logs_data_const
 .log_const_data_clock
                0x000317fc        0x8 _build/nrf52840_xxaa/nrf_drv_clock.c.o
                0x000317fc                m_nrf_log_clock_logs_data_const
 .log_const_data_nrf_ble_gatt
                0x00031804        0x8 _build/nrf52840_xxaa/nrf_ble_gatt.c.o
                0x00031804                m_nrf_log_nrf_ble_gatt_logs_data_const
 .log_const_data_nrf_ble_gq
                0x0003180c        0x8 _build/nrf52840_xxaa/nrf_ble_gq.c.o
                0x0003180c                m_nrf_log_nrf_ble_gq_logs_data_const
 .log_const_data_nrf_sdh
                0x00031814        0x8 _build/nrf52840_xxaa/nrf_sdh.c.o
                0x00031814                m_nrf_log_nrf_sdh_logs_data_const
 .log_const_data_nrf_sdh_ble
                0x0003181c        0x8 _build/nrf52840_xxaa/nrf_sdh_ble.c.o
                0x0003181c                m_nrf_log_nrf_sdh_ble_logs_data_const
 .log_const_data_nrf_sdh_soc
                0x00031824        0x8 _build/nrf52840_xxaa/nrf_sdh_soc.c.o
                0x00031824                m_nrf_log_nrf_sdh_soc_logs_data_const
 .log_const_data_pwr_mgmt
                0x0003182c        0x8 _build/nrf52840_xxaa/nrf_pwr_mgmt.c.o
                0x0003182c                m_nrf_log_pwr_mgmt_logs_data_const
 .log_const_data_sortlist
                0x00031834        0x8 _build/nrf52840_xxaa/nrf_sortlist.c.o
                0x00031834                m_nrf_log_sortlist_logs_data_const
                0x0003183c                PROVIDE (__stop_log_const_data = .)

.nrf_balloc     0x0003183c       0x28
                [!provide]                PROVIDE (__start_nrf_balloc = .)
 *(.nrf_balloc)
 .nrf_balloc    0x0003183c       0x14 _build/nrf52840_xxaa/nrf_log_frontend.c.o
                0x0003183c                log_mempool
 .nrf_balloc    0x00031850       0x14 _build/nrf52840_xxaa/main.c.o
                0x00031850                m_ble_gatt_queuepool
                [!provide]                PROVIDE (__stop_nrf_balloc = .)

.nrf_queue      0x00031864       0x14
                [!provide]                PROVIDE (__start_nrf_queue = .)
 *(.nrf_queue)
 .nrf_queue     0x00031864       0x14 _build/nrf52840_xxaa/main.c.o
                0x00031864                m_ble_gatt_queuepurge_queue
                [!provide]                PROVIDE (__stop_nrf_queue = .)

.sdh_req_observers
                0x00031878        0x0
                0x00031878                PROVIDE (__start_sdh_req_observers = .)
 *(SORT_BY_NAME(.sdh_req_observers*))
                0x00031878                PROVIDE (__stop_sdh_req_observers = .)

.sdh_state_observers
                0x00031878        0x8
                0x00031878                PROVIDE (__start_sdh_state_observers = .)
 *(SORT_BY_NAME(.sdh_state_observers*))
 .sdh_state_observers0
                0x00031878        0x8 _build/nrf52840_xxaa/nrf_drv_clock.c.o
                0x00031880                PROVIDE (__stop_sdh_state_observers = .)

.sdh_stack_observers
                0x00031880       0x10
                0x00031880                PROVIDE (__start_sdh_stack_observers = .)
 *(SORT_BY_NAME(.sdh_stack_observers*))
 .sdh_stack_observers0
                0x00031880        0x8 _build/nrf52840_xxaa/nrf_sdh_ble.c.o
 .sdh_stack_observers0
                0x00031888        0x8 _build/nrf52840_xxaa/nrf_sdh_soc.c.o
                0x00031890                PROVIDE (__stop_sdh_stack_observers = .)

.cli_command    0x00031890        0x0
                [!provide]                PROVIDE (__start_cli_command = .)
 *(.cli_command)
                [!provide]                PROVIDE (__stop_cli_command = .)

.crypto_data    0x00031890        0x0
                [!provide]                PROVIDE (__start_crypto_data = .)
 *(SORT_BY_NAME(.crypto_data*))
                [!provide]                PROVIDE (__stop_crypto_data = .)

.sdh_ble_observers
                0x00031890       0x38
                0x00031890                PROVIDE (__start_sdh_ble_observers = .)
 *(SORT_BY_NAME(.sdh_ble_observers*))
 .sdh_ble_observers1
                0x00031890        0x8 _build/nrf52840_xxaa/bsp_btn_ble.c.o
 .sdh_ble_observers1
                0x00031898       0x20 _build/nrf52840_xxaa/main.c.o
 .sdh_ble_observers2
                0x000318b8        0x8 _build/nrf52840_xxaa/main.c.o
 .sdh_ble_observers3
                0x000318c0        0x8 _build/nrf52840_xxaa/main.c.o
                0x000318c8                PROVIDE (__stop_sdh_ble_observers = .)

.log_backends   0x000318c8       0x10
                [!provide]                PROVIDE (__start_log_backends = .)
 *(SORT_BY_NAME(.log_backends*))
 .log_backends  0x000318c8       0x10 _build/nrf52840_xxaa/nrf_log_default_backends.c.o
                [!provide]                PROVIDE (__stop_log_backends = .)

.ARM.extab
 *(.ARM.extab* .gnu.linkonce.armextab.*)
                0x000318d8                __exidx_start = .

.ARM.exidx      0x000318d8        0x8
 *(.ARM.exidx* .gnu.linkonce.armexidx.*)
 .ARM.exidx     0x000318d8        0x8 c:/program files (x86)/gnu arm embedded toolchain/10 2021.07/bin/../lib/gcc/arm-none-eabi/10.3.1/../../../../arm-none-eabi/lib/thumb/v7e-m+fp/hard/crt0.o
                                 0x10 (size before relaxing)
 .ARM.exidx     0x000318e0        0x0 c:/program files (x86)/gnu arm embedded toolchain/10 2021.07/bin/../lib/gcc/arm-none-eabi/10.3.1/thumb/v7e-m+fp/hard\libgcc.a(_udivmoddi4.o)
                                  0x8 (size before relaxing)
                0x000318e0                __exidx_end = .

.rel.dyn        0x000318e0        0x0
 .rel.iplt      0x000318e0        0x0 c:/program files (x86)/gnu arm embedded toolchain/10 2021.07/bin/../lib/gcc/arm-none-eabi/10.3.1/thumb/v7e-m+fp/hard/crtbegin.o
                0x000318e0                . = ALIGN (0x4)
                0x000318e0                __etext = .

.data           0x20002a38      0x6fc load address 0x000318e0
                0x20002a38                __data_start__ = .
 *(vtable)
 *(.data*)
 .data.log_backend_cb_rtt_log_backend
                0x20002a38        0x8 _build/nrf52840_xxaa/nrf_log_default_backends.c.o
 .data.m_detection_delay_timer_id_data
                0x20002a40       0x20 _build/nrf52840_xxaa/app_button.c.o
 .data.m_rtc_inst
                0x20002a60        0x8 _build/nrf52840_xxaa/app_timer2.c.o
 .data.app_uart_inst
                0x20002a68       0x14 _build/nrf52840_xxaa/app_uart_fifo.c.o
 .data.SystemCoreClock
                0x20002a7c        0x4 _build/nrf52840_xxaa/system_nrf52840.c.o
                0x20002a7c                SystemCoreClock
 .data.m_bsp_alert_tmr_data
                0x20002a80       0x20 _build/nrf52840_xxaa/bsp.c.o
 .data.m_bsp_button_tmr_data
                0x20002aa0       0x20 _build/nrf52840_xxaa/bsp.c.o
 .data.m_bsp_leds_tmr_data
                0x20002ac0       0x20 _build/nrf52840_xxaa/bsp.c.o
 .data.m_ble_gatt_queue
                0x20002ae0       0x14 _build/nrf52840_xxaa/main.c.o
 .data.m_ble_gatt_queueconn_handles_arr
                0x20002af4        0x2 _build/nrf52840_xxaa/main.c.o
 .data.m_ble_nus_max_data_len
                0x20002af6        0x2 _build/nrf52840_xxaa/main.c.o
 .data.m_db_disc
                0x20002af8      0x5d0 _build/nrf52840_xxaa/main.c.o
 .data._impure_ptr
                0x200030c8        0x4 c:/program files (x86)/gnu arm embedded toolchain/10 2021.07/bin/../lib/gcc/arm-none-eabi/10.3.1/../../../../arm-none-eabi/lib/thumb/v7e-m+fp/hard\libc_nano.a(lib_a-impure.o)
                0x200030c8                _impure_ptr
 .data.impure_data
                0x200030cc       0x60 c:/program files (x86)/gnu arm embedded toolchain/10 2021.07/bin/../lib/gcc/arm-none-eabi/10.3.1/../../../../arm-none-eabi/lib/thumb/v7e-m+fp/hard\libc_nano.a(lib_a-impure.o)
                0x2000312c                . = ALIGN (0x4)
                0x2000312c                PROVIDE (__preinit_array_start = .)
 *(.preinit_array)
                0x2000312c                PROVIDE (__preinit_array_end = .)
                0x2000312c                . = ALIGN (0x4)
                0x2000312c                PROVIDE (__init_array_start = .)
 *(SORT_BY_NAME(.init_array.*))
 *(.init_array)
 .init_array    0x2000312c        0x4 c:/program files (x86)/gnu arm embedded toolchain/10 2021.07/bin/../lib/gcc/arm-none-eabi/10.3.1/thumb/v7e-m+fp/hard/crtbegin.o
                0x20003130                PROVIDE (__init_array_end = .)
                0x20003130                . = ALIGN (0x4)
                [!provide]                PROVIDE (__fini_array_start = .)
 *(SORT_BY_NAME(.fini_array.*))
 *(.fini_array)
 .fini_array    0x20003130        0x4 c:/program files (x86)/gnu arm embedded toolchain/10 2021.07/bin/../lib/gcc/arm-none-eabi/10.3.1/thumb/v7e-m+fp/hard/crtbegin.o
                [!provide]                PROVIDE (__fini_array_end = .)
 *(.jcr*)
                0x20003134                . = ALIGN (0x4)
                0x20003134                __data_end__ = .
LOAD c:/program files (x86)/gnu arm embedded toolchain/10 2021.07/bin/../lib/gcc/arm-none-eabi/10.3.1/thumb/v7e-m+fp/hard/crti.o
LOAD c:/program files (x86)/gnu arm embedded toolchain/10 2021.07/bin/../lib/gcc/arm-none-eabi/10.3.1/thumb/v7e-m+fp/hard/crtbegin.o
LOAD c:/program files (x86)/gnu arm embedded toolchain/10 2021.07/bin/../lib/gcc/arm-none-eabi/10.3.1/../../../../arm-none-eabi/lib/thumb/v7e-m+fp/hard/crt0.o
LOAD _build/nrf52840_xxaa/gcc_startup_nrf52840.S.o
LOAD _build/nrf52840_xxaa/nrf_log_backend_rtt.c.o
LOAD _build/nrf52840_xxaa/nrf_log_backend_serial.c.o
LOAD _build/nrf52840_xxaa/nrf_log_default_backends.c.o
LOAD _build/nrf52840_xxaa/nrf_log_frontend.c.o
LOAD _build/nrf52840_xxaa/nrf_log_str_formatter.c.o
LOAD _build/nrf52840_xxaa/app_button.c.o
LOAD _build/nrf52840_xxaa/app_error.c.o
LOAD _build/nrf52840_xxaa/app_error_handler_gcc.c.o
LOAD _build/nrf52840_xxaa/app_error_weak.c.o
LOAD _build/nrf52840_xxaa/app_fifo.c.o
LOAD _build/nrf52840_xxaa/app_scheduler.c.o
LOAD _build/nrf52840_xxaa/app_timer2.c.o
LOAD _build/nrf52840_xxaa/app_uart_fifo.c.o
LOAD _build/nrf52840_xxaa/app_util_platform.c.o
LOAD _build/nrf52840_xxaa/drv_rtc.c.o
LOAD _build/nrf52840_xxaa/hardfault_implementation.c.o
LOAD _build/nrf52840_xxaa/nrf_assert.c.o
LOAD _build/nrf52840_xxaa/nrf_atfifo.c.o
LOAD _build/nrf52840_xxaa/nrf_atomic.c.o
LOAD _build/nrf52840_xxaa/nrf_balloc.c.o
LOAD _build/nrf52840_xxaa/nrf_fprintf.c.o
LOAD _build/nrf52840_xxaa/nrf_fprintf_format.c.o
LOAD _build/nrf52840_xxaa/nrf_memobj.c.o
LOAD _build/nrf52840_xxaa/nrf_pwr_mgmt.c.o
LOAD _build/nrf52840_xxaa/nrf_queue.c.o
LOAD _build/nrf52840_xxaa/nrf_ringbuf.c.o
LOAD _build/nrf52840_xxaa/nrf_section_iter.c.o
LOAD _build/nrf52840_xxaa/nrf_sortlist.c.o
LOAD _build/nrf52840_xxaa/nrf_strerror.c.o
LOAD _build/nrf52840_xxaa/retarget.c.o
LOAD _build/nrf52840_xxaa/system_nrf52840.c.o
LOAD _build/nrf52840_xxaa/boards.c.o
LOAD _build/nrf52840_xxaa/nrf_drv_clock.c.o
LOAD _build/nrf52840_xxaa/nrf_drv_uart.c.o
LOAD _build/nrf52840_xxaa/nrfx_atomic.c.o
LOAD _build/nrf52840_xxaa/nrfx_clock.c.o
LOAD _build/nrf52840_xxaa/nrfx_gpiote.c.o
LOAD _build/nrf52840_xxaa/nrfx_prs.c.o
LOAD _build/nrf52840_xxaa/nrfx_uart.c.o
LOAD _build/nrf52840_xxaa/nrfx_uarte.c.o
LOAD _build/nrf52840_xxaa/bsp.c.o
LOAD _build/nrf52840_xxaa/bsp_btn_ble.c.o
LOAD _build/nrf52840_xxaa/main.c.o
LOAD _build/nrf52840_xxaa/SEGGER_RTT.c.o
LOAD _build/nrf52840_xxaa/SEGGER_RTT_Syscalls_GCC.c.o
LOAD _build/nrf52840_xxaa/SEGGER_RTT_printf.c.o
LOAD _build/nrf52840_xxaa/ble_advdata.c.o
LOAD _build/nrf52840_xxaa/ble_db_discovery.c.o
LOAD _build/nrf52840_xxaa/ble_srv_common.c.o
LOAD _build/nrf52840_xxaa/nrf_ble_gatt.c.o
LOAD _build/nrf52840_xxaa/nrf_ble_gq.c.o
LOAD _build/nrf52840_xxaa/nrf_ble_scan.c.o
LOAD _build/nrf52840_xxaa/utf.c.o
LOAD _build/nrf52840_xxaa/ble_nus_c.c.o
LOAD _build/nrf52840_xxaa/nrf_sdh.c.o
LOAD _build/nrf52840_xxaa/nrf_sdh_ble.c.o
LOAD _build/nrf52840_xxaa/nrf_sdh_soc.c.o
LOAD c:/program files (x86)/gnu arm embedded toolchain/10 2021.07/bin/../lib/gcc/arm-none-eabi/10.3.1/../../../../arm-none-eabi/lib/thumb/v7e-m+fp/hard\libc_nano.a
LOAD c:/program files (x86)/gnu arm embedded toolchain/10 2021.07/bin/../lib/gcc/arm-none-eabi/10.3.1/../../../../arm-none-eabi/lib/thumb/v7e-m+fp/hard\libnosys.a
LOAD c:/program files (x86)/gnu arm embedded toolchain/10 2021.07/bin/../lib/gcc/arm-none-eabi/10.3.1/../../../../arm-none-eabi/lib/thumb/v7e-m+fp/hard\libm.a
START GROUP
LOAD c:/program files (x86)/gnu arm embedded toolchain/10 2021.07/bin/../lib/gcc/arm-none-eabi/10.3.1/thumb/v7e-m+fp/hard\libgcc.a
LOAD c:/program files (x86)/gnu arm embedded toolchain/10 2021.07/bin/../lib/gcc/arm-none-eabi/10.3.1/../../../../arm-none-eabi/lib/thumb/v7e-m+fp/hard\libg_nano.a
LOAD c:/program files (x86)/gnu arm embedded toolchain/10 2021.07/bin/../lib/gcc/arm-none-eabi/10.3.1/../../../../arm-none-eabi/lib/thumb/v7e-m+fp/hard\libc_nano.a
END GROUP
START GROUP
LOAD c:/program files (x86)/gnu arm embedded toolchain/10 2021.07/bin/../lib/gcc/arm-none-eabi/10.3.1/thumb/v7e-m+fp/hard\libgcc.a
LOAD c:/program files (x86)/gnu arm embedded toolchain/10 2021.07/bin/../lib/gcc/arm-none-eabi/10.3.1/../../../../arm-none-eabi/lib/thumb/v7e-m+fp/hard\libc_nano.a
END GROUP
LOAD c:/program files (x86)/gnu arm embedded toolchain/10 2021.07/bin/../lib/gcc/arm-none-eabi/10.3.1/thumb/v7e-m+fp/hard/crtend.o
LOAD c:/program files (x86)/gnu arm embedded toolchain/10 2021.07/bin/../lib/gcc/arm-none-eabi/10.3.1/thumb/v7e-m+fp/hard/crtn.o
START GROUP
LOAD c:/program files (x86)/gnu arm embedded toolchain/10 2021.07/bin/../lib/gcc/arm-none-eabi/10.3.1/thumb/v7e-m+fp/hard\libgcc.a
LOAD c:/program files (x86)/gnu arm embedded toolchain/10 2021.07/bin/../lib/gcc/arm-none-eabi/10.3.1/../../../../arm-none-eabi/lib/thumb/v7e-m+fp/hard\libc.a
LOAD c:/program files (x86)/gnu arm embedded toolchain/10 2021.07/bin/../lib/gcc/arm-none-eabi/10.3.1/../../../../arm-none-eabi/lib/thumb/v7e-m+fp/hard\libnosys.a
END GROUP

.igot.plt       0x20003134        0x0 load address 0x00031fdc
 .igot.plt      0x20003134        0x0 c:/program files (x86)/gnu arm embedded toolchain/10 2021.07/bin/../lib/gcc/arm-none-eabi/10.3.1/thumb/v7e-m+fp/hard/crtbegin.o
                0x20003134                . = ALIGN (0x4)

.mem_section_dummy_ram

.log_dynamic_data
                0x20003134        0x0
                0x20003134                PROVIDE (__start_log_dynamic_data = .)
 *(SORT_BY_NAME(.log_dynamic_data*))
                [!provide]                PROVIDE (__stop_log_dynamic_data = .)

.log_filter_data
                0x20003134        0x0
                [!provide]                PROVIDE (__start_log_filter_data = .)
 *(SORT_BY_NAME(.log_filter_data*))
                [!provide]                PROVIDE (__stop_log_filter_data = .)

.cli_sorted_cmd_ptrs
                0x20003134        0x0
                [!provide]                PROVIDE (__start_cli_sorted_cmd_ptrs = .)
 *(.cli_sorted_cmd_ptrs)
                [!provide]                PROVIDE (__stop_cli_sorted_cmd_ptrs = .)

.fs_data        0x20003134        0x0
                [!provide]                PROVIDE (__start_fs_data = .)
 *(.fs_data)
                [!provide]                PROVIDE (__stop_fs_data = .)

.bss            0x20003138      0xff0 load address 0x00031fe0
                0x20003138                . = ALIGN (0x4)
                0x20003138                __bss_start__ = .
 *(.bss*)
 .bss           0x20003138       0x1c c:/program files (x86)/gnu arm embedded toolchain/10 2021.07/bin/../lib/gcc/arm-none-eabi/10.3.1/thumb/v7e-m+fp/hard/crtbegin.o
 .bss.m_host_present
                0x20003154        0x1 _build/nrf52840_xxaa/nrf_log_backend_rtt.c.o
 *fill*         0x20003155        0x3 
 .bss.m_string_buff
                0x20003158       0x40 _build/nrf52840_xxaa/nrf_log_backend_rtt.c.o
 .bss.log_mempool_nrf_balloc_cb
                0x20003198        0x8 _build/nrf52840_xxaa/nrf_log_frontend.c.o
 .bss.log_mempool_nrf_balloc_pool_mem
                0x200031a0       0xc0 _build/nrf52840_xxaa/nrf_log_frontend.c.o
 .bss.log_mempool_nrf_balloc_pool_stack
                0x20003260        0x8 _build/nrf52840_xxaa/nrf_log_frontend.c.o
 .bss.m_log_data
                0x20003268      0x420 _build/nrf52840_xxaa/nrf_log_frontend.c.o
 .bss.m_log_push_ringbuf_buf
                0x20003688       0x80 _build/nrf52840_xxaa/nrf_log_frontend.c.o
 .bss.m_log_push_ringbuf_cb
                0x20003708       0x18 _build/nrf52840_xxaa/nrf_log_frontend.c.o
 .bss.m_button_count
                0x20003720        0x1 _build/nrf52840_xxaa/app_button.c.o
 *fill*         0x20003721        0x3 
 .bss.m_detection_delay
                0x20003724        0x4 _build/nrf52840_xxaa/app_button.c.o
 .bss.m_pin_active
                0x20003728        0x8 _build/nrf52840_xxaa/app_button.c.o
 .bss.m_pin_states
                0x20003730       0x20 _build/nrf52840_xxaa/app_button.c.o
 .bss.mp_buttons
                0x20003750        0x4 _build/nrf52840_xxaa/app_button.c.o
 .bss.m_app_timer_sortlist_sortlist_cb
                0x20003754        0x4 _build/nrf52840_xxaa/app_timer2.c.o
 .bss.m_base_counter
                0x20003758        0x8 _build/nrf52840_xxaa/app_timer2.c.o
 .bss.m_global_active
                0x20003760        0x1 _build/nrf52840_xxaa/app_timer2.c.o
 *fill*         0x20003761        0x3 
 .bss.m_req_fifo_data
                0x20003764       0x58 _build/nrf52840_xxaa/app_timer2.c.o
 .bss.m_req_fifo_inst
                0x200037bc       0x10 _build/nrf52840_xxaa/app_timer2.c.o
 *fill*         0x200037cc        0x4 
 .bss.m_stamp64
                0x200037d0        0x8 _build/nrf52840_xxaa/app_timer2.c.o
 .bss.mp_active_timer
                0x200037d8        0x4 _build/nrf52840_xxaa/app_timer2.c.o
 .bss.m_event_handler
                0x200037dc        0x4 _build/nrf52840_xxaa/app_uart_fifo.c.o
 .bss.m_rx_fifo
                0x200037e0       0x10 _build/nrf52840_xxaa/app_uart_fifo.c.o
 .bss.m_rx_ovf  0x200037f0        0x1 _build/nrf52840_xxaa/app_uart_fifo.c.o
 *fill*         0x200037f1        0x3 
 .bss.m_tx_fifo
                0x200037f4       0x10 _build/nrf52840_xxaa/app_uart_fifo.c.o
 .bss.rx_buffer
                0x20003804        0x1 _build/nrf52840_xxaa/app_uart_fifo.c.o
 *fill*         0x20003805        0x3 
 .bss.tx_buffer
                0x20003808        0x1 _build/nrf52840_xxaa/app_uart_fifo.c.o
 *fill*         0x20003809        0x3 
 .bss.nrf_nvic_state
                0x2000380c        0xc _build/nrf52840_xxaa/app_util_platform.c.o
                0x2000380c                nrf_nvic_state
 .bss.m_cb      0x20003818        0x8 _build/nrf52840_xxaa/drv_rtc.c.o
 .bss.m_handlers
                0x20003820        0x4 _build/nrf52840_xxaa/drv_rtc.c.o
 .bss.m_handlers_iter
                0x20003824        0x8 _build/nrf52840_xxaa/nrf_pwr_mgmt.c.o
 .bss.m_pwr_mgmt_evt
                0x2000382c        0x1 _build/nrf52840_xxaa/nrf_pwr_mgmt.c.o
 .bss.m_shutdown_started
                0x2000382d        0x1 _build/nrf52840_xxaa/nrf_pwr_mgmt.c.o
 *fill*         0x2000382e        0x2 
 .bss.m_sysoff_mtx
                0x20003830        0x4 _build/nrf52840_xxaa/nrf_pwr_mgmt.c.o
 .bss.m_clock_cb
                0x20003834       0x14 _build/nrf52840_xxaa/nrf_drv_clock.c.o
 .bss.m_contexts
                0x20003848        0x8 _build/nrf52840_xxaa/nrf_drv_uart.c.o
 .bss.m_handlers
                0x20003850        0x8 _build/nrf52840_xxaa/nrf_drv_uart.c.o
 .bss.nrf_drv_uart_use_easy_dma
                0x20003858        0x2 _build/nrf52840_xxaa/nrf_drv_uart.c.o
                0x20003858                nrf_drv_uart_use_easy_dma
 *fill*         0x2000385a        0x2 
 .bss.m_clock_cb
                0x2000385c        0x8 _build/nrf52840_xxaa/nrfx_clock.c.o
 *fill*         0x20003864        0x4 
 .bss.m_cb      0x20003868       0x6c _build/nrf52840_xxaa/nrfx_gpiote.c.o
 .bss.m_prs_box_4
                0x200038d4        0x8 _build/nrf52840_xxaa/nrfx_prs.c.o
 *fill*         0x200038dc        0x4 
 .bss.m_cb      0x200038e0       0x2c _build/nrf52840_xxaa/nrfx_uart.c.o
 *fill*         0x2000390c        0x4 
 .bss.m_cb      0x20003910       0x24 _build/nrf52840_xxaa/nrfx_uarte.c.o
 .bss.current_long_push_pin_no.1
                0x20003934        0x1 _build/nrf52840_xxaa/bsp.c.o
 .bss.m_alert_on
                0x20003935        0x1 _build/nrf52840_xxaa/bsp.c.o
 *fill*         0x20003936        0x2 
 .bss.m_events_list
                0x20003938        0xc _build/nrf52840_xxaa/bsp.c.o
 .bss.m_indication_type
                0x20003944        0x4 _build/nrf52840_xxaa/bsp.c.o
 .bss.m_leds_clear
                0x20003948        0x1 _build/nrf52840_xxaa/bsp.c.o
 *fill*         0x20003949        0x3 
 .bss.m_registered_callback
                0x2000394c        0x4 _build/nrf52840_xxaa/bsp.c.o
 .bss.m_stable_state
                0x20003950        0x1 _build/nrf52840_xxaa/bsp.c.o
 *fill*         0x20003951        0x3 
 .bss.release_event_at_push.0
                0x20003954        0x4 _build/nrf52840_xxaa/bsp.c.o
 .bss.m_error_handler
                0x20003958        0x4 _build/nrf52840_xxaa/bsp_btn_ble.c.o
 .bss.m_num_connections
                0x2000395c        0x4 _build/nrf52840_xxaa/bsp_btn_ble.c.o
 .bss.data_array.2
                0x20003960       0xf4 _build/nrf52840_xxaa/main.c.o
 .bss.index.3   0x20003a54        0x2 _build/nrf52840_xxaa/main.c.o
 *fill*         0x20003a56        0x2 
 .bss.m_ble_gatt_queuepool_nrf_balloc_cb
                0x20003a58        0x8 _build/nrf52840_xxaa/main.c.o
 .bss.m_ble_gatt_queuepool_nrf_balloc_pool_mem
                0x20003a60       0xc0 _build/nrf52840_xxaa/main.c.o
 .bss.m_ble_gatt_queuepool_nrf_balloc_pool_stack
                0x20003b20        0x8 _build/nrf52840_xxaa/main.c.o
 .bss.m_ble_gatt_queuepurge_queue_nrf_queue_buffer
                0x20003b28        0x4 _build/nrf52840_xxaa/main.c.o
 .bss.m_ble_gatt_queuepurge_queue_nrf_queue_cb
                0x20003b2c        0xc _build/nrf52840_xxaa/main.c.o
 .bss.m_ble_gatt_queuereq_queue0_nrf_queue_buffer
                0x20003b38       0xa0 _build/nrf52840_xxaa/main.c.o
 .bss.m_ble_gatt_queuereq_queue0_nrf_queue_cb
                0x20003bd8        0xc _build/nrf52840_xxaa/main.c.o
 .bss.m_ble_nus_c
                0x20003be4       0x18 _build/nrf52840_xxaa/main.c.o
 .bss.m_gatt    0x20003bfc       0x14 _build/nrf52840_xxaa/main.c.o
 .bss.m_scan    0x20003c10       0x50 _build/nrf52840_xxaa/main.c.o
 .bss.rx_buf.1  0x20003c60      0x100 _build/nrf52840_xxaa/main.c.o
 .bss.tx_buf.0  0x20003d60      0x100 _build/nrf52840_xxaa/main.c.o
 .bss._SEGGER_RTT
                0x20003e60       0x78 _build/nrf52840_xxaa/SEGGER_RTT.c.o
                0x20003e60                _SEGGER_RTT
 .bss._acDownBuffer
                0x20003ed8       0x10 _build/nrf52840_xxaa/SEGGER_RTT.c.o
 .bss._acUpBuffer
                0x20003ee8      0x200 _build/nrf52840_xxaa/SEGGER_RTT.c.o
 .bss.m_evt_handler
                0x200040e8        0x4 _build/nrf52840_xxaa/ble_db_discovery.c.o
 .bss.m_initialized
                0x200040ec        0x1 _build/nrf52840_xxaa/ble_db_discovery.c.o
 *fill*         0x200040ed        0x3 
 .bss.m_num_of_handlers_reg
                0x200040f0        0x4 _build/nrf52840_xxaa/ble_db_discovery.c.o
 .bss.m_registered_handlers
                0x200040f4       0x18 _build/nrf52840_xxaa/ble_db_discovery.c.o
 .bss.mp_gatt_queue
                0x2000410c        0x4 _build/nrf52840_xxaa/ble_db_discovery.c.o
 .bss.m_nrf_sdh_continue
                0x20004110        0x1 _build/nrf52840_xxaa/nrf_sdh.c.o
 .bss.m_nrf_sdh_enabled
                0x20004111        0x1 _build/nrf52840_xxaa/nrf_sdh.c.o
 .bss.m_nrf_sdh_suspended
                0x20004112        0x1 _build/nrf52840_xxaa/nrf_sdh.c.o
 .bss.m_stack_is_enabled
                0x20004113        0x1 _build/nrf52840_xxaa/nrf_sdh_ble.c.o
 .bss.__lock___malloc_recursive_mutex
                0x20004114        0x1 c:/program files (x86)/gnu arm embedded toolchain/10 2021.07/bin/../lib/gcc/arm-none-eabi/10.3.1/../../../../arm-none-eabi/lib/thumb/v7e-m+fp/hard\libc_nano.a(lib_a-lock.o)
                0x20004114                __lock___malloc_recursive_mutex
 .bss.__lock___sfp_recursive_mutex
                0x20004115        0x1 c:/program files (x86)/gnu arm embedded toolchain/10 2021.07/bin/../lib/gcc/arm-none-eabi/10.3.1/../../../../arm-none-eabi/lib/thumb/v7e-m+fp/hard\libc_nano.a(lib_a-lock.o)
                0x20004115                __lock___sfp_recursive_mutex
 .bss.__lock___sinit_recursive_mutex
                0x20004116        0x1 c:/program files (x86)/gnu arm embedded toolchain/10 2021.07/bin/../lib/gcc/arm-none-eabi/10.3.1/../../../../arm-none-eabi/lib/thumb/v7e-m+fp/hard\libc_nano.a(lib_a-lock.o)
                0x20004116                __lock___sinit_recursive_mutex
 *fill*         0x20004117        0x1 
 .bss.__malloc_free_list
                0x20004118        0x4 c:/program files (x86)/gnu arm embedded toolchain/10 2021.07/bin/../lib/gcc/arm-none-eabi/10.3.1/../../../../arm-none-eabi/lib/thumb/v7e-m+fp/hard\libc_nano.a(lib_a-nano-mallocr.o)
                0x20004118                __malloc_free_list
 .bss.__malloc_sbrk_start
                0x2000411c        0x4 c:/program files (x86)/gnu arm embedded toolchain/10 2021.07/bin/../lib/gcc/arm-none-eabi/10.3.1/../../../../arm-none-eabi/lib/thumb/v7e-m+fp/hard\libc_nano.a(lib_a-nano-mallocr.o)
                0x2000411c                __malloc_sbrk_start
 .bss.errno     0x20004120        0x4 c:/program files (x86)/gnu arm embedded toolchain/10 2021.07/bin/../lib/gcc/arm-none-eabi/10.3.1/../../../../arm-none-eabi/lib/thumb/v7e-m+fp/hard\libc_nano.a(lib_a-reent.o)
                0x20004120                errno
 .bss.heap_end.0
                0x20004124        0x4 c:/program files (x86)/gnu arm embedded toolchain/10 2021.07/bin/../lib/gcc/arm-none-eabi/10.3.1/../../../../arm-none-eabi/lib/thumb/v7e-m+fp/hard\libnosys.a(sbrk.o)
 *(COMMON)